Component: ARM Compiler 5.06 update 6 (build 750) Tool: armlink [4d35ed]

==============================================================================

Section Cross References

    startup_stm32f103xe.o(RESET) refers to startup_stm32f103xe.o(STACK) for __initial_sp
    startup_stm32f103xe.o(RESET) refers to startup_stm32f103xe.o(.text) for Reset_Handler
    startup_stm32f103xe.o(RESET) refers to stm32f1xx_it.o(i.NMI_Handler) for NMI_Handler
    startup_stm32f103xe.o(RESET) refers to stm32f1xx_it.o(i.HardFault_Handler) for HardFault_Handler
    startup_stm32f103xe.o(RESET) refers to stm32f1xx_it.o(i.MemManage_Handler) for MemManage_Handler
    startup_stm32f103xe.o(RESET) refers to stm32f1xx_it.o(i.BusFault_Handler) for BusFault_Handler
    startup_stm32f103xe.o(RESET) refers to stm32f1xx_it.o(i.UsageFault_Handler) for UsageFault_Handler
    startup_stm32f103xe.o(RESET) refers to port.o(.emb_text) for SVC_Handler
    startup_stm32f103xe.o(RESET) refers to stm32f1xx_it.o(i.DebugMon_Handler) for DebugMon_Handler
    startup_stm32f103xe.o(RESET) refers to port.o(i.SysTick_Handler) for SysTick_Handler
    startup_stm32f103xe.o(RESET) refers to stm32f1xx_it.o(i.DMA1_Channel1_IRQHandler) for DMA1_Channel1_IRQHandler
    startup_stm32f103xe.o(RESET) refers to stm32f1xx_it.o(i.DMA1_Channel2_IRQHandler) for DMA1_Channel2_IRQHandler
    startup_stm32f103xe.o(RESET) refers to stm32f1xx_it.o(i.DMA1_Channel3_IRQHandler) for DMA1_Channel3_IRQHandler
    startup_stm32f103xe.o(RESET) refers to stm32f1xx_it.o(i.DMA1_Channel4_IRQHandler) for DMA1_Channel4_IRQHandler
    startup_stm32f103xe.o(RESET) refers to stm32f1xx_it.o(i.DMA1_Channel5_IRQHandler) for DMA1_Channel5_IRQHandler
    startup_stm32f103xe.o(RESET) refers to stm32f1xx_it.o(i.DMA1_Channel6_IRQHandler) for DMA1_Channel6_IRQHandler
    startup_stm32f103xe.o(RESET) refers to stm32f1xx_it.o(i.DMA1_Channel7_IRQHandler) for DMA1_Channel7_IRQHandler
    startup_stm32f103xe.o(RESET) refers to stm32f1xx_it.o(i.USART1_IRQHandler) for USART1_IRQHandler
    startup_stm32f103xe.o(RESET) refers to stm32f1xx_it.o(i.USART2_IRQHandler) for USART2_IRQHandler
    startup_stm32f103xe.o(RESET) refers to stm32f1xx_it.o(i.USART3_IRQHandler) for USART3_IRQHandler
    startup_stm32f103xe.o(RESET) refers to stm32f1xx_it.o(i.TIM8_UP_IRQHandler) for TIM8_UP_IRQHandler
    startup_stm32f103xe.o(RESET) refers to stm32f1xx_it.o(i.UART4_IRQHandler) for UART4_IRQHandler
    startup_stm32f103xe.o(RESET) refers to stm32f1xx_it.o(i.DMA2_Channel3_IRQHandler) for DMA2_Channel3_IRQHandler
    startup_stm32f103xe.o(RESET) refers to stm32f1xx_it.o(i.DMA2_Channel4_5_IRQHandler) for DMA2_Channel4_5_IRQHandler
    startup_stm32f103xe.o(.text) refers to system_stm32f1xx.o(i.SystemInit) for SystemInit
    startup_stm32f103xe.o(.text) refers to entry.o(.ARM.Collect$$$$00000000) for __main
    main.o(i.HAL_TIM_PeriodElapsedCallback) refers to stm32f1xx_hal.o(i.HAL_IncTick) for HAL_IncTick
    main.o(i.SystemClock_Config) refers to memseta.o(.text) for __aeabi_memclr4
    main.o(i.SystemClock_Config) refers to stm32f1xx_hal_rcc.o(i.HAL_RCC_OscConfig) for HAL_RCC_OscConfig
    main.o(i.SystemClock_Config) refers to stm32f1xx_hal_rcc.o(i.HAL_RCC_ClockConfig) for HAL_RCC_ClockConfig
    main.o(i.SystemClock_Config) refers to stm32f1xx_hal_rcc_ex.o(i.HAL_RCCEx_PeriphCLKConfig) for HAL_RCCEx_PeriphCLKConfig
    main.o(i.main) refers to stm32f1xx_hal.o(i.HAL_Init) for HAL_Init
    main.o(i.main) refers to main.o(i.SystemClock_Config) for SystemClock_Config
    main.o(i.main) refers to gpio.o(i.MX_GPIO_Init) for MX_GPIO_Init
    main.o(i.main) refers to dma.o(i.MX_DMA_Init) for MX_DMA_Init
    main.o(i.main) refers to adc.o(i.MX_ADC1_Init) for MX_ADC1_Init
    main.o(i.main) refers to dac.o(i.MX_DAC_Init) for MX_DAC_Init
    main.o(i.main) refers to tim.o(i.MX_TIM2_Init) for MX_TIM2_Init
    main.o(i.main) refers to usart.o(i.MX_UART4_Init) for MX_UART4_Init
    main.o(i.main) refers to usart.o(i.MX_USART1_UART_Init) for MX_USART1_UART_Init
    main.o(i.main) refers to usart.o(i.MX_USART2_UART_Init) for MX_USART2_UART_Init
    main.o(i.main) refers to usart.o(i.MX_USART3_UART_Init) for MX_USART3_UART_Init
    main.o(i.main) refers to freertos.o(i.MX_FREERTOS_Init) for MX_FREERTOS_Init
    main.o(i.main) refers to cmsis_os.o(i.osKernelStart) for osKernelStart
    gpio.o(i.MX_GPIO_Init) refers to stm32f1xx_hal_gpio.o(i.HAL_GPIO_WritePin) for HAL_GPIO_WritePin
    gpio.o(i.MX_GPIO_Init) refers to stm32f1xx_hal_gpio.o(i.HAL_GPIO_Init) for HAL_GPIO_Init
    adc.o(i.HAL_ADC_MspDeInit) refers to stm32f1xx_hal_gpio.o(i.HAL_GPIO_DeInit) for HAL_GPIO_DeInit
    adc.o(i.HAL_ADC_MspDeInit) refers to stm32f1xx_hal_dma.o(i.HAL_DMA_DeInit) for HAL_DMA_DeInit
    adc.o(i.HAL_ADC_MspInit) refers to stm32f1xx_hal_gpio.o(i.HAL_GPIO_Init) for HAL_GPIO_Init
    adc.o(i.HAL_ADC_MspInit) refers to stm32f1xx_hal_dma.o(i.HAL_DMA_Init) for HAL_DMA_Init
    adc.o(i.HAL_ADC_MspInit) refers to main.o(i.Error_Handler) for Error_Handler
[...]
    i.xTaskCreate                            0x08006904   Section        0  tasks.o(i.xTaskCreate)
    i.xTaskGetSchedulerState                 0x0800695c   Section        0  tasks.o(i.xTaskGetSchedulerState)
    i.xTaskGetTickCount                      0x08006978   Section        0  tasks.o(i.xTaskGetTickCount)
    i.xTaskIncrementTick                     0x08006984   Section        0  tasks.o(i.xTaskIncrementTick)
    i.xTaskPriorityDisinherit                0x08006a4c   Section        0  tasks.o(i.xTaskPriorityDisinherit)
    i.xTaskPriorityInherit                   0x08006ae4   Section        0  tasks.o(i.xTaskPriorityInherit)
    i.xTaskRemoveFromEventList               0x08006b78   Section        0  tasks.o(i.xTaskRemoveFromEventList)
    i.xTaskResumeAll                         0x08006bec   Section        0  tasks.o(i.xTaskResumeAll)
    i.xTimerCreate                           0x08006cb0   Section        0  timers.o(i.xTimerCreate)
    i.xTimerCreateTimerTask                  0x08006d00   Section        0  timers.o(i.xTimerCreateTimerTask)
    i.xTimerGenericCommand                   0x08006d48   Section        0  timers.o(i.xTimerGenericCommand)
    .constdata                               0x08006da8   Section      140  freertos.o(.constdata)
    .constdata                               0x08006e34   Section       16  system_stm32f1xx.o(.constdata)
    .constdata                               0x08006e44   Section        8  system_stm32f1xx.o(.constdata)
    .constdata                               0x08006e4c   Section      512  mb_crc.o(.constdata)
    table_crc_hi                             0x08006e4c   Data         256  mb_crc.o(.constdata)
    table_crc_lo                             0x08006f4c   Data         256  mb_crc.o(.constdata)
    .constdata                               0x0800704c   Section        4  mb_master_aqi.o(.constdata)
    .constdata                               0x08007050   Section        4  mb_master_cps.o(.constdata)
    .conststring                             0x08007054   Section       55  freertos.o(.conststring)
    .data                                    0x20000000   Section       28  freertos.o(.data)
    .data                                    0x2000001c   Section       12  stm32f1xx_hal.o(.data)
    .data                                    0x20000028   Section        4  system_stm32f1xx.o(.data)
    .data                                    0x2000002c   Section       60  tasks.o(.data)
    pxDelayedTaskList                        0x20000030   Data           4  tasks.o(.data)
    pxOverflowDelayedTaskList                0x20000034   Data           4  tasks.o(.data)
    uxDeletedTasksWaitingCleanUp             0x20000038   Data           4  tasks.o(.data)
    uxCurrentNumberOfTasks                   0x2000003c   Data           4  tasks.o(.data)
    xTickCount                               0x20000040   Data           4  tasks.o(.data)
    uxTopReadyPriority                       0x20000044   Data           4  tasks.o(.data)
    xSchedulerRunning                        0x20000048   Data           4  tasks.o(.data)
    uxPendedTicks                            0x2000004c   Data           4  tasks.o(.data)
    xYieldPending                            0x20000050   Data           4  tasks.o(.data)
    xNumOfOverflows                          0x20000054   Data           4  tasks.o(.data)
    uxTaskNumber                             0x20000058   Data           4  tasks.o(.data)
    xNextTaskUnblockTime                     0x2000005c   Data           4  tasks.o(.data)
    xIdleTaskHandle                          0x20000060   Data           4  tasks.o(.data)
    uxSchedulerSuspended                     0x20000064   Data           4  tasks.o(.data)
    .data                                    0x20000068   Section       20  timers.o(.data)
    pxCurrentTimerList                       0x20000068   Data           4  timers.o(.data)
    pxOverflowTimerList                      0x2000006c   Data           4  timers.o(.data)
    xTimerQueue                              0x20000070   Data           4  timers.o(.data)
    xTimerTaskHandle                         0x20000074   Data           4  timers.o(.data)
    xLastTime                                0x20000078   Data           4  timers.o(.data)
    .data                                    0x2000007c   Section       24  heap_4.o(.data)
    pxEnd                                    0x2000007c   Data           4  heap_4.o(.data)
    xFreeBytesRemaining                      0x20000080   Data           4  heap_4.o(.data)
    xMinimumEverFreeBytesRemaining           0x20000084   Data           4  heap_4.o(.data)
    xBlockAllocatedBit                       0x20000088   Data           4  heap_4.o(.data)
    xStart                                   0x2000008c   Data           8  heap_4.o(.data)
    .data                                    0x20000094   Section       12  port.o(.data)
    ucMaxSysCallPriority                     0x20000094   Data           1  port.o(.data)
    uxCriticalNesting                        0x20000098   Data           4  port.o(.data)
    ulMaxPRIGROUPValue                       0x2000009c   Data           4  port.o(.data)
    .data                                    0x200000a0   Section        8  mb_master_aqi.o(.data)
    uart_idle_sem                            0x200000a0   Data           4  mb_master_aqi.o(.data)
    uart_idle_tim                            0x200000a4   Data           4  mb_master_aqi.o(.data)
    .data                                    0x200000a8   Section        8  mb_master_cps.o(.data)
    uart_idle_sem                            0x200000a8   Data           4  mb_master_cps.o(.data)
    uart_idle_tim                            0x200000ac   Data           4  mb_master_cps.o(.data)
    .data                                    0x200000b0   Section        4  mb_slave_hmi.o(.data)
    uart_msg_sem                             0x200000b0   Data           4  mb_slave_hmi.o(.data)
    .data                                    0x200000b4   Section      648  csro_common.o(.data)
    ntc_3950_res_array                       0x200000b4   Data         324  csro_common.o(.data)
    ntc_3380_res_array                       0x200001f8   Data         324  csro_common.o(.data)
    .data                                    0x2000033c   Section        6  csro_stepper.o(.data)
    init_flag                                0x2000033c   Data           1  csro_stepper.o(.data)
    .bss                                     0x20000344   Section      116  adc.o(.bss)
    .bss                                     0x200003b8   Section       20  dac.o(.bss)
    .bss                                     0x200003cc   Section       64  tim.o(.bss)
    .bss                                     0x2000040c   Section      800  usart.o(.bss)
    .bss                                     0x2000072c   Section       64  stm32f1xx_hal_timebase_tim.o(.bss)
    .bss                                     0x2000076c   Section       64  queue.o(.bss)
    .bss                                     0x200007ac   Section      240  tasks.o(.bss)
    pxReadyTasksLists                        0x200007ac   Data         140  tasks.o(.bss)
    xDelayedTaskList1                        0x20000838   Data          20  tasks.o(.bss)
    xDelayedTaskList2                        0x2000084c   Data          20  tasks.o(.bss)
    xPendingReadyList                        0x20000860   Data          20  tasks.o(.bss)
    xTasksWaitingTermination                 0x20000874   Data          20  tasks.o(.bss)
    xSuspendedTaskList                       0x20000888   Data          20  tasks.o(.bss)
    .bss                                     0x2000089c   Section       40  timers.o(.bss)
    xActiveTimerList1                        0x2000089c   Data          20  timers.o(.bss)
    xActiveTimerList2                        0x200008b0   Data          20  timers.o(.bss)
    .bss                                     0x200008c4   Section    20480  heap_4.o(.bss)
    ucHeap                                   0x200008c4   Data       20480  heap_4.o(.bss)
    .bss                                     0x200058c4   Section     1080  mb_master_aqi.o(.bss)
    .bss                                     0x20005cfc   Section     1080  mb_master_cps.o(.bss)
    .bss                                     0x20006134   Section     3136  mb_slave_hmi.o(.bss)
    .bss                                     0x20006d74   Section      400  csro_autorun.o(.bss)
    STACK                                    0x20006f08   Section     2048  startup_stm32f103xe.o(STACK)

    Global Symbols

    Symbol Name                              Value     Ov Type        Size  Object(Section)

    BuildAttributes$$THM_ISAv4$P$D$K$B$S$PE$A:L22UL41UL21$X:L11$S22US41US21$IEEE1$IW$USESV6$~STKCKD$USESV7$~SHL$OTIME$ROPI$EBA8$MICROLIB$REQ8$PRES8$EABIv2 0x00000000   Number         0  anon$$obj.o ABSOLUTE
    __ARM_use_no_argv                        0x00000000   Number         0  main.o ABSOLUTE
    __cpp_initialize__aeabi_                  - Undefined Weak Reference
    __cxa_finalize                            - Undefined Weak Reference
    _clock_init                               - Undefined Weak Reference
    _microlib_exit                            - Undefined Weak Reference
    __Vectors_Size                           0x00000130   Number         0  startup_stm32f103xe.o ABSOLUTE
    __Vectors                                0x08000000   Data           4  startup_stm32f103xe.o(RESET)
    __Vectors_End                            0x08000130   Data           0  startup_stm32f103xe.o(RESET)
    __main                                   0x08000131   Thumb Code     0  entry.o(.ARM.Collect$$$$00000000)
    _main_stk                                0x08000131   Thumb Code     0  entry2.o(.ARM.Collect$$$$00000001)
    _main_scatterload                        0x08000135   Thumb Code     0  entry5.o(.ARM.Collect$$$$00000004)
    __main_after_scatterload                 0x08000139   Thumb Code     0  entry5.o(.ARM.Collect$$$$00000004)
    _main_clock                              0x08000139   Thumb Code     0  entry7b.o(.ARM.Collect$$$$00000008)
    _main_cpp_init                           0x08000139   Thumb Code     0  entry8b.o(.ARM.Collect$$$$0000000A)
    _main_init                               0x08000139   Thumb Code     0  entry9a.o(.ARM.Collect$$$$0000000B)
    __rt_final_cpp                           0x08000141   Thumb Code     0  entry10a.o(.ARM.Collect$$$$0000000D)
    __rt_final_exit                          0x08000141   Thumb Code     0  entry11a.o(.ARM.Collect$$$$0000000F)
    SVC_Handler                              0x08000145   Thumb Code    32  port.o(.emb_text)
    __asm___6_port_c_39a90d8d__prvStartFirstTask 0x08000169   Thumb Code    28  port.o(.emb_text)
    PendSV_Handler                           0x08000189   Thumb Code    72  port.o(.emb_text)
    vPortGetIPSR                             0x080001d5   Thumb Code     6  port.o(.emb_text)
    Reset_Handler                            0x080001dd   Thumb Code     8  startup_stm32f103xe.o(.text)
    ADC1_2_IRQHandler                        0x080001f7   Thumb Code     0  startup_stm32f103xe.o(.text)
    ADC3_IRQHandler                          0x080001f7   Thumb Code     0  startup_stm32f103xe.o(.text)
    CAN1_RX1_IRQHandler                      0x080001f7   Thumb Code     0  startup_stm32f103xe.o(.text)
    CAN1_SCE_IRQHandler                      0x080001f7   Thumb Code     0  startup_stm32f103xe.o(.text)
    DMA2_Channel1_IRQHandler                 0x080001f7   Thumb Code     0  startup_stm32f103xe.o(.text)
    DMA2_Channel2_IRQHandler                 0x080001f7   Thumb Code     0  startup_stm32f103xe.o(.text)
    EXTI0_IRQHandler                         0x080001f7   Thumb Code     0  startup_stm32f103xe.o(.text)
    EXTI15_10_IRQHandler                     0x080001f7   Thumb Code     0  startup_stm32f103xe.o(.text)
    EXTI1_IRQHandler                         0x080001f7   Thumb Code     0  startup_stm32f103xe.o(.text)
    EXTI2_IRQHandler                         0x080001f7   Thumb Code     0  startup_stm32f103xe.o(.text)
    EXTI3_IRQHandler                         0x080001f7   Thumb Code     0  startup_stm32f103xe.o(.text)
    EXTI4_IRQHandler                         0x080001f7   Thumb Code     0  startup_stm32f103xe.o(.text)
    EXTI9_5_IRQHandler                       0x080001f7   Thumb Code     0  startup_stm32f103xe.o(.text)
    FLASH_IRQHandler                         0x080001f7   Thumb Code     0  startup_stm32f103xe.o(.text)
    FSMC_IRQHandler                          0x080001f7   Thumb Code     0  startup_stm32f103xe.o(.text)
    I2C1_ER_IRQHandler                       0x080001f7   Thumb Code     0  startup_stm32f103xe.o(.text)
    I2C1_EV_IRQHandler                       0x080001f7   Thumb Code     0  startup_stm32f103xe.o(.text)
    I2C2_ER_IRQHandler                       0x080001f7   Thumb Code     0  startup_stm32f103xe.o(.text)
    I2C2_EV_IRQHandler                       0x080001f7   Thumb Code     0  startup_stm32f103xe.o(.text)
    PVD_IRQHandler                           0x080001f7   Thumb Code     0  startup_stm32f103xe.o(.text)
    RCC_IRQHandler                           0x080001f7   Thumb Code     0  startup_stm32f103xe.o(.text)
    RTC_Alarm_IRQHandler                     0x080001f7   Thumb Code     0  startup_stm32f103xe.o(.text)
    RTC_IRQHandler                           0x080001f7   Thumb Code     0  startup_stm32f103xe.o(.text)
    SDIO_IRQHandler                          0x080001f7   Thumb Code     0  startup_stm32f103xe.o(.text)
    SPI1_IRQHandler                          0x080001f7   Thumb Code     0  startup_stm32f103xe.o(.text)
    SPI2_IRQHandler                          0x080001f7   Thumb Code     0  startup_stm32f103xe.o(.text)
    SPI3_IRQHandler                          0x080001f7   Thumb Code     0  startup_stm32f103xe.o(.text)
    TAMPER_IRQHandler                        0x080001f7   Thumb Code     0  startup_stm32f103xe.o(.text)
    TIM1_BRK_IRQHandler                      0x080001f7   Thumb Code     0  startup_stm32f103xe.o(.text)
    TIM1_CC_IRQHandler                       0x080001f7   Thumb Code     0  startup_stm32f103xe.o(.text)
    TIM1_TRG_COM_IRQHandler                  0x080001f7   Thumb Code     0  startup_stm32f103xe.o(.text)
    TIM1_UP_IRQHandler                       0x080001f7   Thumb Code     0  startup_stm32f103xe.o(.text)
    TIM2_IRQHandler                          0x080001f7   Thumb Code     0  startup_stm32f103xe.o(.text)
    TIM3_IRQHandler                          0x080001f7   Thumb Code     0  startup_stm32f103xe.o(.text)
    TIM4_IRQHandler                          0x080001f7   Thumb Code     0  startup_stm32f103xe.o(.text)
    TIM5_IRQHandler                          0x080001f7   Thumb Code     0  startup_stm32f103xe.o(.text)
    TIM6_IRQHandler                          0x080001f7   Thumb Code     0  startup_stm32f103xe.o(.text)
    TIM7_IRQHandler                          0x080001f7   Thumb Code     0  startup_stm32f103xe.o(.text)
    TIM8_BRK_IRQHandler                      0x080001f7   Thumb Code     0  startup_stm32f103xe.o(.text)
    TIM8_CC_IRQHandler                       0x080001f7   Thumb Code     0  startup_stm32f103xe.o(.text)
    TIM8_TRG_COM_IRQHandler                  0x080001f7   Thumb Code     0  startup_stm32f103xe.o(.text)
    UART5_IRQHandler                         0x080001f7   Thumb Code     0  startup_stm32f103xe.o(.text)
    USBWakeUp_IRQHandler                     0x080001f7   Thumb Code     0  startup_stm32f103xe.o(.text)
    USB_HP_CAN1_TX_IRQHandler                0x080001f7   Thumb Code     0  startup_stm32f103xe.o(.text)
    USB_LP_CAN1_RX0_IRQHandler               0x080001f7   Thumb Code     0  startup_stm32f103xe.o(.text)
    WWDG_IRQHandler                          0x080001f7   Thumb Code     0  startup_stm32f103xe.o(.text)
    __aeabi_llsr                             0x08000201   Thumb Code    32  llushr.o(.text)
    _ll_ushift_r                             0x08000201   Thumb Code     0  llushr.o(.text)
    __aeabi_memcpy                           0x08000221   Thumb Code    36  memcpya.o(.text)
    __aeabi_memcpy4                          0x08000221   Thumb Code     0  memcpya.o(.text)
    __aeabi_memcpy8                          0x08000221   Thumb Code     0  memcpya.o(.text)
    __aeabi_memset                           0x08000245   Thumb Code    14  memseta.o(.text)
    __aeabi_memset4                          0x08000245   Thumb Code     0  memseta.o(.text)
    __aeabi_memset8                          0x08000245   Thumb Code     0  memseta.o(.text)
    __aeabi_memclr                           0x08000253   Thumb Code     4  memseta.o(.text)
    __aeabi_memclr4                          0x08000253   Thumb Code     0  memseta.o(.text)
    __aeabi_memclr8                          0x08000253   Thumb Code     0  memseta.o(.text)
    memset                                   0x08000257   Thumb Code    18  memseta.o(.text)
    __aeabi_fadd                             0x08000269   Thumb Code   164  fadd.o(.text)
    __aeabi_fsub                             0x0800030d   Thumb Code     6  fadd.o(.text)
    __aeabi_frsub                            0x08000313   Thumb Code     6  fadd.o(.text)
    __aeabi_fdiv                             0x08000319   Thumb Code   124  fdiv.o(.text)
    __aeabi_dadd                             0x08000395   Thumb Code   322  dadd.o(.text)
    __aeabi_dsub                             0x080004d7   Thumb Code     6  dadd.o(.text)
    __aeabi_drsub                            0x080004dd   Thumb Code     6  dadd.o(.text)
    __aeabi_dmul                             0x080004e3   Thumb Code   228  dmul.o(.text)
    __aeabi_ddiv                             0x080005c7   Thumb Code   222  ddiv.o(.text)
    __ARM_scalbn                             0x080006a5   Thumb Code    46  dscalb.o(.text)
    scalbn                                   0x080006a5   Thumb Code     0  dscalb.o(.text)
    __aeabi_i2f                              0x080006d3   Thumb Code    18  fflti.o(.text)
    __aeabi_ui2f                             0x080006e5   Thumb Code    10  ffltui.o(.text)
    __aeabi_i2d                              0x080006ef   Thumb Code    34  dflti.o(.text)
    __aeabi_d2iz                             0x08000711   Thumb Code    62  dfixi.o(.text)
    __aeabi_d2uiz                            0x0800074f   Thumb Code    50  dfixui.o(.text)
    __aeabi_f2d                              0x08000781   Thumb Code    38  f2d.o(.text)
    __aeabi_cdcmpeq                          0x080007a9   Thumb Code     0  cdcmple.o(.text)
    __aeabi_cdcmple                          0x080007a9   Thumb Code    48  cdcmple.o(.text)
    __aeabi_cdrcmple                         0x080007d9   Thumb Code    48  cdrcmple.o(.text)
    __aeabi_d2f                              0x08000809   Thumb Code    56  d2f.o(.text)
    __aeabi_cfcmpeq                          0x08000841   Thumb Code     0  cfcmple.o(.text)
    __aeabi_cfcmple                          0x08000841   Thumb Code    20  cfcmple.o(.text)
    __aeabi_cfrcmple                         0x08000855   Thumb Code    20  cfrcmple.o(.text)
    __aeabi_llsl                             0x08000869   Thumb Code    30  llshl.o(.text)
    _ll_shift_l                              0x08000869   Thumb Code     0  llshl.o(.text)
    __aeabi_lasr                             0x08000887   Thumb Code    36  llsshr.o(.text)
    _ll_sshift_r                             0x08000887   Thumb Code     0  llsshr.o(.text)
    __I$use$fp                               0x080008ab   Thumb Code     0  iusefp.o(.text)
    _float_round                             0x080008ab   Thumb Code    18  fepilogue.o(.text)
    _float_epilogue                          0x080008bd   Thumb Code    92  fepilogue.o(.text)
    _double_round                            0x08000919   Thumb Code    30  depilogue.o(.text)
    _double_epilogue                         0x08000937   Thumb Code   156  depilogue.o(.text)
    __scatterload                            0x080009d5   Thumb Code    28  init.o(.text)
    __scatterload_rt2                        0x080009d5   Thumb Code     0  init.o(.text)
    __decompress                             0x080009f9   Thumb Code     0  __dczerorl.o(.text)
    __decompress0                            0x080009f9   Thumb Code    58  __dczerorl.o(.text)
    ADC_ConversionStop_Disable               0x08000a35   Thumb Code    76  stm32f1xx_hal_adc.o(i.ADC_ConversionStop_Disable)
    ADC_DMAConvCplt                          0x08000a81   Thumb Code    78  stm32f1xx_hal_adc.o(i.ADC_DMAConvCplt)
    ADC_DMAError                             0x08000acf   Thumb Code    26  stm32f1xx_hal_adc.o(i.ADC_DMAError)
    ADC_DMAHalfConvCplt                      0x08000ae9   Thumb Code    10  stm32f1xx_hal_adc.o(i.ADC_DMAHalfConvCplt)
    ADC_Enable                               0x08000af5   Thumb Code   104  stm32f1xx_hal_adc.o(i.ADC_Enable)
    BusFault_Handler                         0x08000b65   Thumb Code     2  stm32f1xx_it.o(i.BusFault_Handler)
    Csro_Auto_Run                            0x08000b67   Thumb Code    18  csro_autorun.o(i.Csro_Auto_Run)
    Csro_Calculate_ntc3380_Temperature_from_Resvalue 0x08000b79   Thumb Code   112  csro_common.o(i.Csro_Calculate_ntc3380_Temperature_from_Resvalue)
    Csro_Calculate_ntc3950_Temperature_from_Resvalue 0x08000bf5   Thumb Code   112  csro_common.o(i.Csro_Calculate_ntc3950_Temperature_from_Resvalue)
    Csro_Control_init                        0x08000c71   Thumb Code   186  csro_autorun.o(i.Csro_Control_init)
    Csro_Smart_Control                       0x08000d41   Thumb Code    22  csro_control.o(i.Csro_Smart_Control)
    Csro_Stepper_Set_Position                0x08000d59   Thumb Code   126  csro_stepper.o(i.Csro_Stepper_Set_Position)
    DMA1_Channel1_IRQHandler                 0x08000de1   Thumb Code     6  stm32f1xx_it.o(i.DMA1_Channel1_IRQHandler)
    DMA1_Channel2_IRQHandler                 0x08000ded   Thumb Code     6  stm32f1xx_it.o(i.DMA1_Channel2_IRQHandler)
    DMA1_Channel3_IRQHandler                 0x08000df9   Thumb Code     6  stm32f1xx_it.o(i.DMA1_Channel3_IRQHandler)
    DMA1_Channel4_IRQHandler                 0x08000e05   Thumb Code     6  stm32f1xx_it.o(i.DMA1_Channel4_IRQHandler)
    DMA1_Channel5_IRQHandler                 0x08000e11   Thumb Code     6  stm32f1xx_it.o(i.DMA1_Channel5_IRQHandler)
    DMA1_Channel6_IRQHandler                 0x08000e1d   Thumb Code     6  stm32f1xx_it.o(i.DMA1_Channel6_IRQHandler)
    DMA1_Channel7_IRQHandler                 0x08000e29   Thumb Code     6  stm32f1xx_it.o(i.DMA1_Channel7_IRQHandler)
    DMA2_Channel3_IRQHandler                 0x08000e35   Thumb Code     6  stm32f1xx_it.o(i.DMA2_Channel3_IRQHandler)
    DMA2_Channel4_5_IRQHandler               0x08000e41   Thumb Code     6  stm32f1xx_it.o(i.DMA2_Channel4_5_IRQHandler)
    DebugMon_Handler                         0x08000e77   Thumb Code     2  stm32f1xx_it.o(i.DebugMon_Handler)
    Error_Handler                            0x08000e79   Thumb Code     2  main.o(i.Error_Handler)
    HAL_ADCEx_Calibration_Start              0x08000f31   Thumb Code   194  stm32f1xx_hal_adc_ex.o(i.HAL_ADCEx_Calibration_Start)
    HAL_ADC_ConfigChannel                    0x08000ff9   Thumb Code   240  stm32f1xx_hal_adc.o(i.HAL_ADC_ConfigChannel)
    HAL_ADC_ConvCpltCallback                 0x080010f5   Thumb Code     2  stm32f1xx_hal_adc.o(i.HAL_ADC_ConvCpltCallback)
    HAL_ADC_ConvHalfCpltCallback             0x080010f7   Thumb Code     2  stm32f1xx_hal_adc.o(i.HAL_ADC_ConvHalfCpltCallback)
    HAL_ADC_ErrorCallback                    0x080010f9   Thumb Code     2  stm32f1xx_hal_adc.o(i.HAL_ADC_ErrorCallback)
    HAL_ADC_Init                             0x080010fd   Thumb Code   272  stm32f1xx_hal_adc.o(i.HAL_ADC_Init)
    HAL_ADC_MspInit                          0x0800121d   Thumb Code   152  adc.o(i.HAL_ADC_MspInit)
    HAL_ADC_Start_DMA                        0x080012cd   Thumb Code   246  stm32f1xx_hal_adc.o(i.HAL_ADC_Start_DMA)
    HAL_DAC_ConfigChannel                    0x080013d9   Thumb Code    78  stm32f1xx_hal_dac.o(i.HAL_DAC_ConfigChannel)
    HAL_DAC_Init                             0x08001427   Thumb Code    40  stm32f1xx_hal_dac.o(i.HAL_DAC_Init)
    HAL_DAC_MspInit                          0x08001451   Thumb Code    76  dac.o(i.HAL_DAC_MspInit)
    HAL_DAC_SetValue                         0x080014a9   Thumb Code    26  stm32f1xx_hal_dac.o(i.HAL_DAC_SetValue)
    HAL_DAC_Start                            0x080014c3   Thumb Code    92  stm32f1xx_hal_dac.o(i.HAL_DAC_Start)
    HAL_DMA_Abort                            0x0800151f   Thumb Code    70  stm32f1xx_hal_dma.o(i.HAL_DMA_Abort)
    HAL_DMA_Abort_IT                         0x08001565   Thumb Code   296  stm32f1xx_hal_dma.o(i.HAL_DMA_Abort_IT)
    HAL_DMA_IRQHandler                       0x08001695   Thumb Code   552  stm32f1xx_hal_dma.o(i.HAL_DMA_IRQHandler)
    HAL_DMA_Init                             0x080018dd   Thumb Code   112  stm32f1xx_hal_dma.o(i.HAL_DMA_Init)
    HAL_DMA_Start_IT                         0x08001959   Thumb Code   112  stm32f1xx_hal_dma.o(i.HAL_DMA_Start_IT)
    HAL_GPIO_Init                            0x080019c9   Thumb Code   462  stm32f1xx_hal_gpio.o(i.HAL_GPIO_Init)
    HAL_GPIO_ReadPin                         0x08001bc1   Thumb Code    10  stm32f1xx_hal_gpio.o(i.HAL_GPIO_ReadPin)
    HAL_GPIO_TogglePin                       0x08001bcb   Thumb Code    14  stm32f1xx_hal_gpio.o(i.HAL_GPIO_TogglePin)
    HAL_GPIO_WritePin                        0x08001bd9   Thumb Code    10  stm32f1xx_hal_gpio.o(i.HAL_GPIO_WritePin)
    HAL_GetTick                              0x08001be5   Thumb Code     6  stm32f1xx_hal.o(i.HAL_GetTick)
    HAL_IncTick                              0x08001bf1   Thumb Code    12  stm32f1xx_hal.o(i.HAL_IncTick)
    HAL_Init                                 0x08001c01   Thumb Code    32  stm32f1xx_hal.o(i.HAL_Init)
    HAL_InitTick                             0x08001c25   Thumb Code    98  stm32f1xx_hal_timebase_tim.o(i.HAL_InitTick)
    HAL_MspInit                              0x08001c99   Thumb Code    62  stm32f1xx_hal_msp.o(i.HAL_MspInit)
    HAL_NVIC_EnableIRQ                       0x08001ce1   Thumb Code    26  stm32f1xx_hal_cortex.o(i.HAL_NVIC_EnableIRQ)
    HAL_NVIC_SetPriority                     0x08001cfd   Thumb Code    60  stm32f1xx_hal_cortex.o(i.HAL_NVIC_SetPriority)
    HAL_NVIC_SetPriorityGrouping             0x08001d3d   Thumb Code    26  stm32f1xx_hal_cortex.o(i.HAL_NVIC_SetPriorityGrouping)
    HAL_RCCEx_GetPeriphCLKFreq               0x08001d61   Thumb Code   180  stm32f1xx_hal_rcc_ex.o(i.HAL_RCCEx_GetPeriphCLKFreq)
    HAL_RCCEx_PeriphCLKConfig                0x08001e35   Thumb Code   224  stm32f1xx_hal_rcc_ex.o(i.HAL_RCCEx_PeriphCLKConfig)
    HAL_RCC_ClockConfig                      0x08001f21   Thumb Code   280  stm32f1xx_hal_rcc.o(i.HAL_RCC_ClockConfig)
    HAL_RCC_GetClockConfig                   0x0800204d   Thumb Code    54  stm32f1xx_hal_rcc.o(i.HAL_RCC_GetClockConfig)
    HAL_RCC_GetPCLK1Freq                     0x0800208d   Thumb Code    20  stm32f1xx_hal_rcc.o(i.HAL_RCC_GetPCLK1Freq)
    HAL_RCC_GetPCLK2Freq                     0x080020ad   Thumb Code    20  stm32f1xx_hal_rcc.o(i.HAL_RCC_GetPCLK2Freq)
    HAL_RCC_GetSysClockFreq                  0x080020cd   Thumb Code    74  stm32f1xx_hal_rcc.o(i.HAL_RCC_GetSysClockFreq)
    HAL_RCC_OscConfig                        0x08002139   Thumb Code   778  stm32f1xx_hal_rcc.o(i.HAL_RCC_OscConfig)
    HAL_TIMEx_BreakCallback                  0x08002459   Thumb Code     2  stm32f1xx_hal_tim_ex.o(i.HAL_TIMEx_BreakCallback)
    HAL_TIMEx_CommutCallback                 0x0800245b   Thumb Code     2  stm32f1xx_hal_tim_ex.o(i.HAL_TIMEx_CommutCallback)
    HAL_TIMEx_MasterConfigSynchronization    0x0800245d   Thumb Code    66  stm32f1xx_hal_tim_ex.o(i.HAL_TIMEx_MasterConfigSynchronization)
    HAL_TIM_Base_Init                        0x0800249f   Thumb Code    54  stm32f1xx_hal_tim.o(i.HAL_TIM_Base_Init)
    HAL_TIM_Base_MspInit                     0x080024d5   Thumb Code    30  tim.o(i.HAL_TIM_Base_MspInit)
    HAL_TIM_Base_Start_IT                    0x080024f9   Thumb Code    34  stm32f1xx_hal_tim.o(i.HAL_TIM_Base_Start_IT)
    HAL_TIM_ConfigClockSource                0x0800251b   Thumb Code   214  stm32f1xx_hal_tim.o(i.HAL_TIM_ConfigClockSource)
    HAL_TIM_IC_CaptureCallback               0x080025f1   Thumb Code     2  stm32f1xx_hal_tim.o(i.HAL_TIM_IC_CaptureCallback)
    HAL_TIM_IRQHandler                       0x080025f3   Thumb Code   358  stm32f1xx_hal_tim.o(i.HAL_TIM_IRQHandler)
    HAL_TIM_MspPostInit                      0x08002759   Thumb Code   114  tim.o(i.HAL_TIM_MspPostInit)
    HAL_TIM_OC_DelayElapsedCallback          0x080027dd   Thumb Code     2  stm32f1xx_hal_tim.o(i.HAL_TIM_OC_DelayElapsedCallback)
    HAL_TIM_PWM_ConfigChannel                0x080027df   Thumb Code   208  stm32f1xx_hal_tim.o(i.HAL_TIM_PWM_ConfigChannel)
    HAL_TIM_PWM_Init                         0x080028af   Thumb Code    54  stm32f1xx_hal_tim.o(i.HAL_TIM_PWM_Init)
    HAL_TIM_PWM_MspInit                      0x080028e5   Thumb Code     2  stm32f1xx_hal_tim.o(i.HAL_TIM_PWM_MspInit)
    HAL_TIM_PWM_PulseFinishedCallback        0x080028e7   Thumb Code     2  stm32f1xx_hal_tim.o(i.HAL_TIM_PWM_PulseFinishedCallback)
    HAL_TIM_PWM_Start                        0x080028e9   Thumb Code    58  stm32f1xx_hal_tim.o(i.HAL_TIM_PWM_Start)
    HAL_TIM_PeriodElapsedCallback            0x0800292d   Thumb Code    14  main.o(i.HAL_TIM_PeriodElapsedCallback)
    HAL_TIM_TriggerCallback                  0x08002941   Thumb Code     2  stm32f1xx_hal_tim.o(i.HAL_TIM_TriggerCallback)
    HAL_UART_DMAStop                         0x08002943   Thumb Code    88  stm32f1xx_hal_uart.o(i.HAL_UART_DMAStop)
    HAL_UART_ErrorCallback                   0x0800299b   Thumb Code     2  stm32f1xx_hal_uart.o(i.HAL_UART_ErrorCallback)
    HAL_UART_IRQHandler                      0x0800299d   Thumb Code   266  stm32f1xx_hal_uart.o(i.HAL_UART_IRQHandler)
    HAL_UART_Init                            0x08002aad   Thumb Code    98  stm32f1xx_hal_uart.o(i.HAL_UART_Init)
    HAL_UART_MspInit                         0x08002b11   Thumb Code   848  usart.o(i.HAL_UART_MspInit)
    HAL_UART_Receive_DMA                     0x08002e95   Thumb Code   138  stm32f1xx_hal_uart.o(i.HAL_UART_Receive_DMA)
    HAL_UART_RxCpltCallback                  0x08002f2d   Thumb Code     2  stm32f1xx_hal_uart.o(i.HAL_UART_RxCpltCallback)
    HAL_UART_RxHalfCpltCallback              0x08002f2f   Thumb Code     2  stm32f1xx_hal_uart.o(i.HAL_UART_RxHalfCpltCallback)
    HAL_UART_Transmit_DMA                    0x08002f31   Thumb Code   114  stm32f1xx_hal_uart.o(i.HAL_UART_Transmit_DMA)
    HAL_UART_TxCpltCallback                  0x08002fb1   Thumb Code    32  stm32f1xx_it.o(i.HAL_UART_TxCpltCallback)
    HAL_UART_TxHalfCpltCallback              0x08002fdd   Thumb Code     2  stm32f1xx_hal_uart.o(i.HAL_UART_TxHalfCpltCallback)
    HardFault_Handler                        0x08002fdf   Thumb Code     2  stm32f1xx_it.o(i.HardFault_Handler)
    MX_ADC1_Init                             0x08002fe1   Thumb Code   258  adc.o(i.MX_ADC1_Init)
    MX_DAC_Init                              0x080030ed   Thumb Code    66  dac.o(i.MX_DAC_Init)
    MX_DMA_Init                              0x08003139   Thumb Code   184  dma.o(i.MX_DMA_Init)
    MX_FREERTOS_Init                         0x080031f5   Thumb Code   162  freertos.o(i.MX_FREERTOS_Init)
    MX_GPIO_Init                             0x080032a1   Thumb Code   304  gpio.o(i.MX_GPIO_Init)
    MX_TIM2_Init                             0x080033e9   Thumb Code   196  tim.o(i.MX_TIM2_Init)
    MX_UART4_Init                            0x080034b1   Thumb Code    48  usart.o(i.MX_UART4_Init)
    MX_USART1_UART_Init                      0x080034e9   Thumb Code    48  usart.o(i.MX_USART1_UART_Init)
    MX_USART2_UART_Init                      0x08003521   Thumb Code    48  usart.o(i.MX_USART2_UART_Init)
    MX_USART3_UART_Init                      0x08003559   Thumb Code    48  usart.o(i.MX_USART3_UART_Init)
    MemManage_Handler                        0x08003591   Thumb Code     2  stm32f1xx_it.o(i.MemManage_Handler)
    NMI_Handler                              0x08003593   Thumb Code     2  stm32f1xx_it.o(i.NMI_Handler)
    SysTick_Handler                          0x08003595   Thumb Code    38  port.o(i.SysTick_Handler)
    SystemClock_Config                       0x080035c1   Thumb Code    96  main.o(i.SystemClock_Config)
    SystemInit                               0x08003621   Thumb Code    56  system_stm32f1xx.o(i.SystemInit)
    TIM8_UP_IRQHandler                       0x08003669   Thumb Code     6  stm32f1xx_it.o(i.TIM8_UP_IRQHandler)
    TIM_Base_SetConfig                       0x08003675   Thumb Code   120  stm32f1xx_hal_tim.o(i.TIM_Base_SetConfig)
    TIM_CCxChannelCmd                        0x08003701   Thumb Code    26  stm32f1xx_hal_tim.o(i.TIM_CCxChannelCmd)
    TIM_ETR_SetConfig                        0x0800371b   Thumb Code    20  stm32f1xx_hal_tim.o(i.TIM_ETR_SetConfig)
    TIM_OC2_SetConfig                        0x080037a1   Thumb Code    98  stm32f1xx_hal_tim.o(i.TIM_OC2_SetConfig)
    UART4_IRQHandler                         0x0800390d   Thumb Code     6  stm32f1xx_it.o(i.UART4_IRQHandler)
    USART1_IRQHandler                        0x08003bd1   Thumb Code    20  stm32f1xx_it.o(i.USART1_IRQHandler)
    USART2_IRQHandler                        0x08003bed   Thumb Code    20  stm32f1xx_it.o(i.USART2_IRQHandler)
    USART3_IRQHandler                        0x08003c09   Thumb Code    20  stm32f1xx_it.o(i.USART3_IRQHandler)
    UsageFault_Handler                       0x08003c25   Thumb Code     2  stm32f1xx_it.o(i.UsageFault_Handler)
    __scatterload_copy                       0x08003c47   Thumb Code    14  handlers.o(i.__scatterload_copy)
    __scatterload_null                       0x08003c55   Thumb Code     2  handlers.o(i.__scatterload_null)
    __scatterload_zeroinit                   0x08003c57   Thumb Code    14  handlers.o(i.__scatterload_zeroinit)
    csro_fan_auto_control                    0x08003dc5   Thumb Code   206  csro_control.o(i.csro_fan_auto_control)
    csro_master_aqi_init                     0x08003f19   Thumb Code    86  mb_master_aqi.o(i.csro_master_aqi_init)
    csro_master_aqi_read_task                0x08003f91   Thumb Code    72  mb_master_aqi.o(i.csro_master_aqi_read_task)
    csro_master_cps_init                     0x08003fe1   Thumb Code    90  mb_master_cps.o(i.csro_master_cps_init)
    csro_master_cps_read_write_task          0x0800405d   Thumb Code   208  mb_master_cps.o(i.csro_master_cps_read_write_task)
    csro_slave_hmi_init                      0x0800421d   Thumb Code   136  mb_slave_hmi.o(i.csro_slave_hmi_init)
    csro_slave_hmi_wait_cmd                  0x080042c9   Thumb Code    52  mb_slave_hmi.o(i.csro_slave_hmi_wait_cmd)
    main                                     0x080046d9   Thumb Code    54  main.o(i.main)
    master_aqi_send_receive                  0x0800471d   Thumb Code   142  mb_master_aqi.o(i.master_aqi_send_receive)
    master_aqi_set_rx                        0x080047b9   Thumb Code    12  mb_master_aqi.o(i.master_aqi_set_rx)
    master_aqi_set_tx                        0x080047c9   Thumb Code    12  mb_master_aqi.o(i.master_aqi_set_tx)
    master_aqi_uart_idle                     0x080047d9   Thumb Code    56  mb_master_aqi.o(i.master_aqi_uart_idle)
    master_aqi_uart_idle_timeout_callback    0x08004819   Thumb Code    32  mb_master_aqi.o(i.master_aqi_uart_idle_timeout_callback)
    master_cps_send_receive                  0x08004841   Thumb Code   142  mb_master_cps.o(i.master_cps_send_receive)
    master_cps_set_rx                        0x080048dd   Thumb Code    12  mb_master_cps.o(i.master_cps_set_rx)
    master_cps_set_tx                        0x080048ed   Thumb Code    12  mb_master_cps.o(i.master_cps_set_tx)
    master_cps_uart_idle                     0x080048fd   Thumb Code    56  mb_master_cps.o(i.master_cps_uart_idle)
    master_cps_uart_idle_timeout_callback    0x0800493d   Thumb Code    32  mb_master_cps.o(i.master_cps_uart_idle_timeout_callback)
    master_crc16                             0x08004965   Thumb Code    52  mb_crc.o(i.master_crc16)
    master_read_holding_regs                 0x0800499d   Thumb Code   130  mb_master.o(i.master_read_holding_regs)
    master_write_multi_holding_regs          0x08004a6d   Thumb Code   174  mb_master.o(i.master_write_multi_holding_regs)
    osDelay                                  0x08004b1b   Thumb Code    14  cmsis_os.o(i.osDelay)
    osKernelStart                            0x08004b29   Thumb Code    10  cmsis_os.o(i.osKernelStart)
    osSemaphoreCreate                        0x08004b33   Thumb Code    38  cmsis_os.o(i.osSemaphoreCreate)
    osSemaphoreRelease                       0x08004b59   Thumb Code    74  cmsis_os.o(i.osSemaphoreRelease)
    osSemaphoreWait                          0x08004ba9   Thumb Code    96  cmsis_os.o(i.osSemaphoreWait)
    osThreadCreate                           0x08004c0d   Thumb Code    46  cmsis_os.o(i.osThreadCreate)
    osTimerCreate                            0x08004c3d   Thumb Code    30  cmsis_os.o(i.osTimerCreate)
    osTimerStart                             0x08004c61   Thumb Code    88  cmsis_os.o(i.osTimerStart)
    pvPortMalloc                             0x080053a9   Thumb Code   210  heap_4.o(i.pvPortMalloc)
    pvTaskIncrementMutexHeldCount            0x08005481   Thumb Code    18  tasks.o(i.pvTaskIncrementMutexHeldCount)
    pxPortInitialiseStack                    0x08005499   Thumb Code    32  port.o(i.pxPortInitialiseStack)
    slave_crc16                              0x080054bd   Thumb Code    52  mb_crc.o(i.slave_crc16)
    slave_handle_cmd                         0x080054f5   Thumb Code   208  mb_slave.o(i.slave_handle_cmd)
    slave_hmi_reply                          0x080055c5   Thumb Code    78  mb_slave_hmi.o(i.slave_hmi_reply)
    slave_hmi_set_rx                         0x08005619   Thumb Code    12  mb_slave_hmi.o(i.slave_hmi_set_rx)
    slave_hmi_set_tx                         0x08005629   Thumb Code    12  mb_slave_hmi.o(i.slave_hmi_set_tx)
    slave_hmi_uart_idle                      0x08005639   Thumb Code    54  mb_slave_hmi.o(i.slave_hmi_uart_idle)
    slave_hmi_write_coils_callback           0x08005679   Thumb Code   116  mb_slave_hmi.o(i.slave_hmi_write_coils_callback)
    slave_hmi_write_holdings_callback        0x080056f1   Thumb Code   114  mb_slave_hmi.o(i.slave_hmi_write_holdings_callback)
    task01_most_important_task               0x08005bf5   Thumb Code    12  freertos.o(i.task01_most_important_task)
    task02_cps_read_write_task               0x08005c01   Thumb Code    14  freertos.o(i.task02_cps_read_write_task)
    task03_hmi_wait_cmd_task                 0x08005c15   Thumb Code    14  freertos.o(i.task03_hmi_wait_cmd_task)
    task04_aqi_read_task                     0x08005c29   Thumb Code    22  freertos.o(i.task04_aqi_read_task)
    task05_pwm_adc_dac_gpio_task             0x08005c45   Thumb Code    16  freertos.o(i.task05_pwm_adc_dac_gpio_task)
    task06_stepper_task                      0x08005c55   Thumb Code    24  freertos.o(i.task06_stepper_task)
    task07_misc_func_task                    0x08005c71   Thumb Code    22  freertos.o(i.task07_misc_func_task)
    uxListRemove                             0x08005c8d   Thumb Code    38  list.o(i.uxListRemove)
    vListInitialise                          0x08005cb3   Thumb Code    22  list.o(i.vListInitialise)
    vListInitialiseItem                      0x08005cc9   Thumb Code     6  list.o(i.vListInitialiseItem)
    vListInsert                              0x08005ccf   Thumb Code    48  list.o(i.vListInsert)
    vListInsertEnd                           0x08005cff   Thumb Code    24  list.o(i.vListInsertEnd)
    vPortEnterCritical                       0x08005d19   Thumb Code    54  port.o(i.vPortEnterCritical)
    vPortExitCritical                        0x08005d59   Thumb Code    34  port.o(i.vPortExitCritical)
    vPortFree                                0x08005d81   Thumb Code    88  heap_4.o(i.vPortFree)
    vPortSetupTimerInterrupt                 0x08005ddd   Thumb Code    32  port.o(i.vPortSetupTimerInterrupt)
    vPortValidateInterruptPriority           0x08005e01   Thumb Code    74  port.o(i.vPortValidateInterruptPriority)
    vQueueAddToRegistry                      0x08005e55   Thumb Code    34  queue.o(i.vQueueAddToRegistry)
    vQueueWaitForMessageRestricted           0x08005e7d   Thumb Code    68  queue.o(i.vQueueWaitForMessageRestricted)
    vTaskDelay                               0x08005ec1   Thumb Code    66  tasks.o(i.vTaskDelay)
    vTaskInternalSetTimeOutState             0x08005f0d   Thumb Code    12  tasks.o(i.vTaskInternalSetTimeOutState)
    vTaskMissedYield                         0x08005f1d   Thumb Code     8  tasks.o(i.vTaskMissedYield)
    vTaskPlaceOnEventList                    0x08005f29   Thumb Code    44  tasks.o(i.vTaskPlaceOnEventList)
    vTaskPlaceOnEventListRestricted          0x08005f59   Thumb Code    52  tasks.o(i.vTaskPlaceOnEventListRestricted)
    vTaskPriorityDisinheritAfterTimeout      0x08005f91   Thumb Code   160  tasks.o(i.vTaskPriorityDisinheritAfterTimeout)
    vTaskStartScheduler                      0x08006039   Thumb Code    94  tasks.o(i.vTaskStartScheduler)
    vTaskSuspendAll                          0x080060a9   Thumb Code    10  tasks.o(i.vTaskSuspendAll)
    vTaskSwitchContext                       0x080060b9   Thumb Code    82  tasks.o(i.vTaskSwitchContext)
    xPortStartScheduler                      0x08006115   Thumb Code   154  port.o(i.xPortStartScheduler)
    xQueueGenericCreate                      0x080061bd   Thumb Code    72  queue.o(i.xQueueGenericCreate)
    xQueueGenericReset                       0x08006205   Thumb Code   132  queue.o(i.xQueueGenericReset)
    xQueueGenericSend                        0x0800628d   Thumb Code   346  queue.o(i.xQueueGenericSend)
    xQueueGenericSendFromISR                 0x080063ed   Thumb Code   188  queue.o(i.xQueueGenericSendFromISR)
    xQueueGiveFromISR                        0x080064a9   Thumb Code   156  queue.o(i.xQueueGiveFromISR)
    xQueueReceive                            0x08006545   Thumb Code   308  queue.o(i.xQueueReceive)
    xQueueReceiveFromISR                     0x0800667d   Thumb Code   154  queue.o(i.xQueueReceiveFromISR)
    xQueueSemaphoreTake                      0x08006719   Thumb Code   372  queue.o(i.xQueueSemaphoreTake)
    xTaskCheckForTimeOut                     0x08006891   Thumb Code   112  tasks.o(i.xTaskCheckForTimeOut)
    xTaskCreate                              0x08006905   Thumb Code    86  tasks.o(i.xTaskCreate)
    xTaskGetSchedulerState                   0x0800695d   Thumb Code    22  tasks.o(i.xTaskGetSchedulerState)
    xTaskGetTickCount                        0x08006979   Thumb Code     6  tasks.o(i.xTaskGetTickCount)
    xTaskIncrementTick                       0x08006985   Thumb Code   192  tasks.o(i.xTaskIncrementTick)
    xTaskPriorityDisinherit                  0x08006a4d   Thumb Code   144  tasks.o(i.xTaskPriorityDisinherit)
    xTaskPriorityInherit                     0x08006ae5   Thumb Code   138  tasks.o(i.xTaskPriorityInherit)
    xTaskRemoveFromEventList                 0x08006b79   Thumb Code   108  tasks.o(i.xTaskRemoveFromEventList)
    xTaskResumeAll                           0x08006bed   Thumb Code   182  tasks.o(i.xTaskResumeAll)
    xTimerCreate                             0x08006cb1   Thumb Code    78  timers.o(i.xTimerCreate)
    xTimerCreateTimerTask                    0x08006d01   Thumb Code    56  timers.o(i.xTimerCreateTimerTask)
    xTimerGenericCommand                     0x08006d49   Thumb Code    92  timers.o(i.xTimerGenericCommand)
    AHBPrescTable                            0x08006e34   Data          16  system_stm32f1xx.o(.constdata)
    APBPrescTable                            0x08006e44   Data           8  system_stm32f1xx.o(.constdata)
    Region$$Table$$Base                      0x0800708c   Number         0  anon$$obj.o(Region$$Table)
    Region$$Table$$Limit                     0x080070ac   Number         0  anon$$obj.o(Region$$Table)
    task01Handle                             0x20000000   Data           4  freertos.o(.data)
    task02Handle                             0x20000004   Data           4  freertos.o(.data)
    task03Handle                             0x20000008   Data           4  freertos.o(.data)
    task04Handle                             0x2000000c   Data           4  freertos.o(.data)
    task05Handle                             0x20000010   Data           4  freertos.o(.data)
    task06Handle                             0x20000014   Data           4  freertos.o(.data)
    task07Handle                             0x20000018   Data           4  freertos.o(.data)
    uwTickFreq                               0x2000001c   Data           1  stm32f1xx_hal.o(.data)
    uwTickPrio                               0x20000020   Data           4  stm32f1xx_hal.o(.data)
    uwTick                                   0x20000024   Data           4  stm32f1xx_hal.o(.data)
    SystemCoreClock                          0x20000028   Data           4  system_stm32f1xx.o(.data)
    pxCurrentTCB                             0x2000002c   Data           4  tasks.o(.data)
    position                                 0x2000033e   Data           2  csro_stepper.o(.data)
    phase                                    0x20000340   Data           2  csro_stepper.o(.data)
    hadc1                                    0x20000344   Data          48  adc.o(.bss)
    hdma_adc1                                0x20000374   Data          68  adc.o(.bss)
    hdac                                     0x200003b8   Data          20  dac.o(.bss)
    htim2                                    0x200003cc   Data          64  tim.o(.bss)
    huart4                                   0x2000040c   Data          64  usart.o(.bss)
    huart1                                   0x2000044c   Data          64  usart.o(.bss)
    huart2                                   0x2000048c   Data          64  usart.o(.bss)
    huart3                                   0x200004cc   Data          64  usart.o(.bss)
    hdma_uart4_rx                            0x2000050c   Data          68  usart.o(.bss)
    hdma_uart4_tx                            0x20000550   Data          68  usart.o(.bss)
    hdma_usart1_rx                           0x20000594   Data          68  usart.o(.bss)
    hdma_usart1_tx                           0x200005d8   Data          68  usart.o(.bss)
    hdma_usart2_rx                           0x2000061c   Data          68  usart.o(.bss)
    hdma_usart2_tx                           0x20000660   Data          68  usart.o(.bss)
    hdma_usart3_rx                           0x200006a4   Data          68  usart.o(.bss)
    hdma_usart3_tx                           0x200006e8   Data          68  usart.o(.bss)
    htim8                                    0x2000072c   Data          64  stm32f1xx_hal_timebase_tim.o(.bss)
    xQueueRegistry                           0x2000076c   Data          64  queue.o(.bss)
    master_aqi                               0x200058c4   Data        1080  mb_master_aqi.o(.bss)
    master_cps                               0x20005cfc   Data        1080  mb_master_cps.o(.bss)
    slave_hmi                                0x20006134   Data        1088  mb_slave_hmi.o(.bss)
    sys_regs                                 0x20006574   Data        2048  mb_slave_hmi.o(.bss)
    adc_data                                 0x20006d74   Data         400  csro_autorun.o(.bss)
    __initial_sp                             0x20007708   Data           0  startup_stm32f103xe.o(STACK)



==============================================================================

Memory Map of the image

  Image Entry point : 0x08000131

  Load Region LR_IROM1 (Base: 0x08000000, Size: 0x000073f0, Max: 0x00080000, ABSOLUTE, COMPRESSED[0x00007350])

    Execution Region ER_IROM1 (Exec base: 0x08000000, Load base: 0x08000000, Size: 0x000070ac, Max: 0x00080000, ABSOLUTE)

    Exec Addr    Load Addr    Size         Type   Attr      Idx    E Section Name        Object

    0x08000000   0x08000000   0x00000130   Data   RO            3    RESET               startup_stm32f103xe.o
    0x08000130   0x08000130   0x00000000   Code   RO         5435  * .ARM.Collect$$$$00000000  mc_w.l(entry.o)
    0x08000130   0x08000130   0x00000004   Code   RO         5482    .ARM.Collect$$$$00000001  mc_w.l(entry2.o)
    0x08000134   0x08000134   0x00000004   Code   RO         5485    .ARM.Collect$$$$00000004  mc_w.l(entry5.o)
    0x08000138   0x08000138   0x00000000   Code   RO         5487    .ARM.Collect$$$$00000008  mc_w.l(entry7b.o)
    0x08000138   0x08000138   0x00000000   Code   RO         5489    .ARM.Collect$$$$0000000A  mc_w.l(entry8b.o)
    0x08000138   0x08000138   0x00000008   Code   RO         5490    .ARM.Collect$$$$0000000B  mc_w.l(entry9a.o)
    0x08000140   0x08000140   0x00000000   Code   RO         5492    .ARM.Collect$$$$0000000D  mc_w.l(entry10a.o)
    0x08000140   0x08000140   0x00000000   Code   RO         5494    .ARM.Collect$$$$0000000F  mc_w.l(entry11a.o)
    0x08000140   0x08000140   0x00000004   Code   RO         5483    .ARM.Collect$$$$00002712  mc_w.l(entry2.o)
    0x08000144   0x08000144   0x00000096   Code   RO         4823    .emb_text           port.o
    0x080001da   0x080001da   0x00000002   PAD
    0x080001dc   0x080001dc   0x00000024   Code   RO            4    .text               startup_stm32f103xe.o
    0x08000200   0x08000200   0x00000020   Code   RO         5438    .text               mc_w.l(llushr.o)
    0x08000220   0x08000220   0x00000024   Code   RO         5440    .text               mc_w.l(memcpya.o)
    0x08000244   0x08000244   0x00000024   Code   RO         5444    .text               mc_w.l(memseta.o)
    0x08000268   0x08000268   0x000000b0   Code   RO         5448    .text               mf_w.l(fadd.o)
    0x08000318   0x08000318   0x0000007c   Code   RO         5450    .text               mf_w.l(fdiv.o)
    0x08000394   0x08000394   0x0000014e   Code   RO         5452    .text               mf_w.l(dadd.o)
    0x080004e2   0x080004e2   0x000000e4   Code   RO         5454    .text               mf_w.l(dmul.o)
    0x080005c6   0x080005c6   0x000000de   Code   RO         5456    .text               mf_w.l(ddiv.o)
    0x080006a4   0x080006a4   0x0000002e   Code   RO         5458    .text               mf_w.l(dscalb.o)
    0x080006d2   0x080006d2   0x00000012   Code   RO         5460    .text               mf_w.l(fflti.o)
    0x080006e4   0x080006e4   0x0000000a   Code   RO         5462    .text               mf_w.l(ffltui.o)
    0x080006ee   0x080006ee   0x00000022   Code   RO         5464    .text               mf_w.l(dflti.o)
    0x08000710   0x08000710   0x0000003e   Code   RO         5466    .text               mf_w.l(dfixi.o)
    0x0800074e   0x0800074e   0x00000032   Code   RO         5468    .text               mf_w.l(dfixui.o)
    0x08000780   0x08000780   0x00000026   Code   RO         5470    .text               mf_w.l(f2d.o)
    0x080007a6   0x080007a6   0x00000002   PAD
    0x080007a8   0x080007a8   0x00000030   Code   RO         5472    .text               mf_w.l(cdcmple.o)
    0x080007d8   0x080007d8   0x00000030   Code   RO         5474    .text               mf_w.l(cdrcmple.o)
    0x08000808   0x08000808   0x00000038   Code   RO         5476    .text               mf_w.l(d2f.o)
    0x08000840   0x08000840   0x00000014   Code   RO         5478    .text               mf_w.l(cfcmple.o)
    0x08000854   0x08000854   0x00000014   Code   RO         5480    .text               mf_w.l(cfrcmple.o)
    0x08000868   0x08000868   0x0000001e   Code   RO         5496    .text               mc_w.l(llshl.o)
    0x08000886   0x08000886   0x00000024   Code   RO         5498    .text               mc_w.l(llsshr.o)
    0x080008aa   0x080008aa   0x00000000   Code   RO         5500    .text               mc_w.l(iusefp.o)
    0x080008aa   0x080008aa   0x0000006e   Code   RO         5501    .text               mf_w.l(fepilogue.o)
    0x08000918   0x08000918   0x000000ba   Code   RO         5503    .text               mf_w.l(depilogue.o)
    0x080009d2   0x080009d2   0x00000002   PAD
    0x080009d4   0x080009d4   0x00000024   Code   RO         5505    .text               mc_w.l(init.o)
    0x080009f8   0x080009f8   0x0000003a   Code   RO         5515    .text               mc_w.l(__dczerorl.o)
    0x08000a32   0x08000a32   0x00000002   PAD
    0x08000a34   0x08000a34   0x0000004c   Code   RO          795    i.ADC_ConversionStop_Disable  stm32f1xx_hal_adc.o
    0x08000a80   0x08000a80   0x0000004e   Code   RO          796    i.ADC_DMAConvCplt   stm32f1xx_hal_adc.o
    0x08000ace   0x08000ace   0x0000001a   Code   RO          797    i.ADC_DMAError      stm32f1xx_hal_adc.o
    0x08000ae8   0x08000ae8   0x0000000a   Code   RO          798    i.ADC_DMAHalfConvCplt  stm32f1xx_hal_adc.o
    0x08000af2   0x08000af2   0x00000002   PAD
    0x08000af4   0x08000af4   0x00000070   Code   RO          799    i.ADC_Enable        stm32f1xx_hal_adc.o
    0x08000b64   0x08000b64   0x00000002   Code   RO          548    i.BusFault_Handler  stm32f1xx_it.o
    0x08000b66   0x08000b66   0x00000012   Code   RO         5395    i.Csro_Auto_Run     csro_autorun.o
    0x08000b78   0x08000b78   0x0000007c   Code   RO         5276    i.Csro_Calculate_ntc3380_Temperature_from_Resvalue  csro_common.o
    0x08000bf4   0x08000bf4   0x0000007c   Code   RO         5277    i.Csro_Calculate_ntc3950_Temperature_from_Resvalue  csro_common.o
    0x08000c70   0x08000c70   0x000000d0   Code   RO         5396    i.Csro_Control_init  csro_autorun.o
    0x08000d40   0x08000d40   0x00000016   Code   RO         5340    i.Csro_Smart_Control  csro_control.o
    0x08000d56   0x08000d56   0x00000002   PAD
    0x08000d58   0x08000d58   0x00000088   Code   RO         5308    i.Csro_Stepper_Set_Position  csro_stepper.o
    0x08000de0   0x08000de0   0x0000000c   Code   RO          549    i.DMA1_Channel1_IRQHandler  stm32f1xx_it.o
    0x08000dec   0x08000dec   0x0000000c   Code   RO          550    i.DMA1_Channel2_IRQHandler  stm32f1xx_it.o
    0x08000df8   0x08000df8   0x0000000c   Code   RO          551    i.DMA1_Channel3_IRQHandler  stm32f1xx_it.o
    0x08000e04   0x08000e04   0x0000000c   Code   RO          552    i.DMA1_Channel4_IRQHandler  stm32f1xx_it.o
    0x08000e10   0x08000e10   0x0000000c   Code   RO          553    i.DMA1_Channel5_IRQHandler  stm32f1xx_it.o
    0x08000e1c   0x08000e1c   0x0000000c   Code   RO          554    i.DMA1_Channel6_IRQHandler  stm32f1xx_it.o
    0x08000e28   0x08000e28   0x0000000c   Code   RO          555    i.DMA1_Channel7_IRQHandler  stm32f1xx_it.o
    0x08000e34   0x08000e34   0x0000000c   Code   RO          556    i.DMA2_Channel3_IRQHandler  stm32f1xx_it.o
    0x08000e40   0x08000e40   0x0000000c   Code   RO          557    i.DMA2_Channel4_5_IRQHandler  stm32f1xx_it.o
    0x08000e4c   0x08000e4c   0x0000002a   Code   RO         2931    i.DMA_SetConfig     stm32f1xx_hal_dma.o
    0x08000e76   0x08000e76   0x00000002   Code   RO          558    i.DebugMon_Handler  stm32f1xx_it.o
    0x08000e78   0x08000e78   0x00000002   Code   RO           13    i.Error_Handler     main.o
    0x08000e7a   0x08000e7a   0x00000002   PAD
    0x08000e7c   0x08000e7c   0x000000b4   Code   RO         5309    i.Excite_Phase      csro_stepper.o
    0x08000f30   0x08000f30   0x000000c8   Code   RO          975    i.HAL_ADCEx_Calibration_Start  stm32f1xx_hal_adc_ex.o
    0x08000ff8   0x08000ff8   0x000000fc   Code   RO          801    i.HAL_ADC_ConfigChannel  stm32f1xx_hal_adc.o
    0x080010f4   0x080010f4   0x00000002   Code   RO          802    i.HAL_ADC_ConvCpltCallback  stm32f1xx_hal_adc.o
    0x080010f6   0x080010f6   0x00000002   Code   RO          803    i.HAL_ADC_ConvHalfCpltCallback  stm32f1xx_hal_adc.o
    0x080010f8   0x080010f8   0x00000002   Code   RO          805    i.HAL_ADC_ErrorCallback  stm32f1xx_hal_adc.o
    0x080010fa   0x080010fa   0x00000002   PAD
    0x080010fc   0x080010fc   0x00000120   Code   RO          810    i.HAL_ADC_Init      stm32f1xx_hal_adc.o
    0x0800121c   0x0800121c   0x000000b0   Code   RO          241    i.HAL_ADC_MspInit   adc.o
    0x080012cc   0x080012cc   0x0000010c   Code   RO          817    i.HAL_ADC_Start_DMA  stm32f1xx_hal_adc.o
    0x080013d8   0x080013d8   0x0000004e   Code   RO         1074    i.HAL_DAC_ConfigChannel  stm32f1xx_hal_dac.o
    0x08001426   0x08001426   0x00000028   Code   RO         1084    i.HAL_DAC_Init      stm32f1xx_hal_dac.o
    0x0800144e   0x0800144e   0x00000002   PAD
    0x08001450   0x08001450   0x00000058   Code   RO          283    i.HAL_DAC_MspInit   dac.o
    0x080014a8   0x080014a8   0x0000001a   Code   RO         1087    i.HAL_DAC_SetValue  stm32f1xx_hal_dac.o
    0x080014c2   0x080014c2   0x0000005c   Code   RO         1088    i.HAL_DAC_Start     stm32f1xx_hal_dac.o
    0x0800151e   0x0800151e   0x00000046   Code   RO         2932    i.HAL_DMA_Abort     stm32f1xx_hal_dma.o
    0x08001564   0x08001564   0x00000130   Code   RO         2933    i.HAL_DMA_Abort_IT  stm32f1xx_hal_dma.o
    0x08001694   0x08001694   0x00000248   Code   RO         2937    i.HAL_DMA_IRQHandler  stm32f1xx_hal_dma.o
    0x080018dc   0x080018dc   0x0000007c   Code   RO         2938    i.HAL_DMA_Init      stm32f1xx_hal_dma.o
    0x08001958   0x08001958   0x00000070   Code   RO         2942    i.HAL_DMA_Start_IT  stm32f1xx_hal_dma.o
    0x080019c8   0x080019c8   0x000001f8   Code   RO         2868    i.HAL_GPIO_Init     stm32f1xx_hal_gpio.o
    0x08001bc0   0x08001bc0   0x0000000a   Code   RO         2870    i.HAL_GPIO_ReadPin  stm32f1xx_hal_gpio.o
    0x08001bca   0x08001bca   0x0000000e   Code   RO         2871    i.HAL_GPIO_TogglePin  stm32f1xx_hal_gpio.o
    0x08001bd8   0x08001bd8   0x0000000a   Code   RO         2872    i.HAL_GPIO_WritePin  stm32f1xx_hal_gpio.o
    0x08001be2   0x08001be2   0x00000002   PAD
    0x08001be4   0x08001be4   0x0000000c   Code   RO         2564    i.HAL_GetTick       stm32f1xx_hal.o
    0x08001bf0   0x08001bf0   0x00000010   Code   RO         2570    i.HAL_IncTick       stm32f1xx_hal.o
    0x08001c00   0x08001c00   0x00000024   Code   RO         2571    i.HAL_Init          stm32f1xx_hal.o
    0x08001c24   0x08001c24   0x00000074   Code   RO          720    i.HAL_InitTick      stm32f1xx_hal_timebase_tim.o
    0x08001c98   0x08001c98   0x00000048   Code   RO          696    i.HAL_MspInit       stm32f1xx_hal_msp.o
    0x08001ce0   0x08001ce0   0x0000001a   Code   RO         3028    i.HAL_NVIC_EnableIRQ  stm32f1xx_hal_cortex.o
    0x08001cfa   0x08001cfa   0x00000002   PAD
    0x08001cfc   0x08001cfc   0x00000040   Code   RO         3034    i.HAL_NVIC_SetPriority  stm32f1xx_hal_cortex.o
    0x08001d3c   0x08001d3c   0x00000024   Code   RO         3035    i.HAL_NVIC_SetPriorityGrouping  stm32f1xx_hal_cortex.o
    0x08001d60   0x08001d60   0x000000d4   Code   RO         2830    i.HAL_RCCEx_GetPeriphCLKFreq  stm32f1xx_hal_rcc_ex.o
    0x08001e34   0x08001e34   0x000000ec   Code   RO         2831    i.HAL_RCCEx_PeriphCLKConfig  stm32f1xx_hal_rcc_ex.o
    0x08001f20   0x08001f20   0x0000012c   Code   RO         2728    i.HAL_RCC_ClockConfig  stm32f1xx_hal_rcc.o
    0x0800204c   0x0800204c   0x00000040   Code   RO         2732    i.HAL_RCC_GetClockConfig  stm32f1xx_hal_rcc.o
    0x0800208c   0x0800208c   0x00000020   Code   RO         2735    i.HAL_RCC_GetPCLK1Freq  stm32f1xx_hal_rcc.o
    0x080020ac   0x080020ac   0x00000020   Code   RO         2736    i.HAL_RCC_GetPCLK2Freq  stm32f1xx_hal_rcc.o
    0x080020cc   0x080020cc   0x0000006c   Code   RO         2737    i.HAL_RCC_GetSysClockFreq  stm32f1xx_hal_rcc.o
    0x08002138   0x08002138   0x00000320   Code   RO         2740    i.HAL_RCC_OscConfig  stm32f1xx_hal_rcc.o
    0x08002458   0x08002458   0x00000002   Code   RO         1976    i.HAL_TIMEx_BreakCallback  stm32f1xx_hal_tim_ex.o
    0x0800245a   0x0800245a   0x00000002   Code   RO         1977    i.HAL_TIMEx_CommutCallback  stm32f1xx_hal_tim_ex.o
    0x0800245c   0x0800245c   0x00000042   Code   RO         1994    i.HAL_TIMEx_MasterConfigSynchronization  stm32f1xx_hal_tim_ex.o
    0x0800249e   0x0800249e   0x00000036   Code   RO         1301    i.HAL_TIM_Base_Init  stm32f1xx_hal_tim.o
    0x080024d4   0x080024d4   0x00000024   Code   RO          441    i.HAL_TIM_Base_MspInit  tim.o
    0x080024f8   0x080024f8   0x00000022   Code   RO         1306    i.HAL_TIM_Base_Start_IT  stm32f1xx_hal_tim.o
    0x0800251a   0x0800251a   0x000000d6   Code   RO         1310    i.HAL_TIM_ConfigClockSource  stm32f1xx_hal_tim.o
    0x080025f0   0x080025f0   0x00000002   Code   RO         1330    i.HAL_TIM_IC_CaptureCallback  stm32f1xx_hal_tim.o
    0x080025f2   0x080025f2   0x00000166   Code   RO         1344    i.HAL_TIM_IRQHandler  stm32f1xx_hal_tim.o
    0x08002758   0x08002758   0x00000084   Code   RO          442    i.HAL_TIM_MspPostInit  tim.o
    0x080027dc   0x080027dc   0x00000002   Code   RO         1347    i.HAL_TIM_OC_DelayElapsedCallback  stm32f1xx_hal_tim.o
    0x080027de   0x080027de   0x000000d0   Code   RO         1368    i.HAL_TIM_PWM_ConfigChannel  stm32f1xx_hal_tim.o
    0x080028ae   0x080028ae   0x00000036   Code   RO         1371    i.HAL_TIM_PWM_Init  stm32f1xx_hal_tim.o
    0x080028e4   0x080028e4   0x00000002   Code   RO         1373    i.HAL_TIM_PWM_MspInit  stm32f1xx_hal_tim.o
    0x080028e6   0x080028e6   0x00000002   Code   RO         1374    i.HAL_TIM_PWM_PulseFinishedCallback  stm32f1xx_hal_tim.o
    0x080028e8   0x080028e8   0x00000044   Code   RO         1376    i.HAL_TIM_PWM_Start  stm32f1xx_hal_tim.o
    0x0800292c   0x0800292c   0x00000014   Code   RO           14    i.HAL_TIM_PeriodElapsedCallback  main.o
    0x08002940   0x08002940   0x00000002   Code   RO         1387    i.HAL_TIM_TriggerCallback  stm32f1xx_hal_tim.o
    0x08002942   0x08002942   0x00000058   Code   RO         2246    i.HAL_UART_DMAStop  stm32f1xx_hal_uart.o
    0x0800299a   0x0800299a   0x00000002   Code   RO         2248    i.HAL_UART_ErrorCallback  stm32f1xx_hal_uart.o
    0x0800299c   0x0800299c   0x00000110   Code   RO         2251    i.HAL_UART_IRQHandler  stm32f1xx_hal_uart.o
    0x08002aac   0x08002aac   0x00000062   Code   RO         2252    i.HAL_UART_Init     stm32f1xx_hal_uart.o
    0x08002b0e   0x08002b0e   0x00000002   PAD
    0x08002b10   0x08002b10   0x00000384   Code   RO          489    i.HAL_UART_MspInit  usart.o
    0x08002e94   0x08002e94   0x00000098   Code   RO         2256    i.HAL_UART_Receive_DMA  stm32f1xx_hal_uart.o
    0x08002f2c   0x08002f2c   0x00000002   Code   RO         2258    i.HAL_UART_RxCpltCallback  stm32f1xx_hal_uart.o
    0x08002f2e   0x08002f2e   0x00000002   Code   RO         2259    i.HAL_UART_RxHalfCpltCallback  stm32f1xx_hal_uart.o
    0x08002f30   0x08002f30   0x00000080   Code   RO         2261    i.HAL_UART_Transmit_DMA  stm32f1xx_hal_uart.o
    0x08002fb0   0x08002fb0   0x0000002c   Code   RO          559    i.HAL_UART_TxCpltCallback  stm32f1xx_it.o
    0x08002fdc   0x08002fdc   0x00000002   Code   RO         2264    i.HAL_UART_TxHalfCpltCallback  stm32f1xx_hal_uart.o
    0x08002fde   0x08002fde   0x00000002   Code   RO          560    i.HardFault_Handler  stm32f1xx_it.o
    0x08002fe0   0x08002fe0   0x0000010c   Code   RO          242    i.MX_ADC1_Init      adc.o
    0x080030ec   0x080030ec   0x0000004c   Code   RO          284    i.MX_DAC_Init       dac.o
    0x08003138   0x08003138   0x000000bc   Code   RO          324    i.MX_DMA_Init       dma.o
    0x080031f4   0x080031f4   0x000000ac   Code   RO          348    i.MX_FREERTOS_Init  freertos.o
    0x080032a0   0x080032a0   0x00000148   Code   RO          216    i.MX_GPIO_Init      gpio.o
    0x080033e8   0x080033e8   0x000000c8   Code   RO          443    i.MX_TIM2_Init      tim.o
    0x080034b0   0x080034b0   0x00000038   Code   RO          490    i.MX_UART4_Init     usart.o
    0x080034e8   0x080034e8   0x00000038   Code   RO          491    i.MX_USART1_UART_Init  usart.o
    0x08003520   0x08003520   0x00000038   Code   RO          492    i.MX_USART2_UART_Init  usart.o
    0x08003558   0x08003558   0x00000038   Code   RO          493    i.MX_USART3_UART_Init  usart.o
    0x08003590   0x08003590   0x00000002   Code   RO          561    i.MemManage_Handler  stm32f1xx_it.o
    0x08003592   0x08003592   0x00000002   Code   RO          562    i.NMI_Handler       stm32f1xx_it.o
    0x08003594   0x08003594   0x0000002c   Code   RO         4824    i.SysTick_Handler   port.o
    0x080035c0   0x080035c0   0x00000060   Code   RO           15    i.SystemClock_Config  main.o
    0x08003620   0x08003620   0x00000048   Code   RO         3529    i.SystemInit        system_stm32f1xx.o
    0x08003668   0x08003668   0x0000000c   Code   RO          563    i.TIM8_UP_IRQHandler  stm32f1xx_it.o
    0x08003674   0x08003674   0x0000008c   Code   RO         1389    i.TIM_Base_SetConfig  stm32f1xx_hal_tim.o
    0x08003700   0x08003700   0x0000001a   Code   RO         1390    i.TIM_CCxChannelCmd  stm32f1xx_hal_tim.o
    0x0800371a   0x0800371a   0x00000014   Code   RO         1400    i.TIM_ETR_SetConfig  stm32f1xx_hal_tim.o
    0x0800372e   0x0800372e   0x00000010   Code   RO         1401    i.TIM_ITRx_SetConfig  stm32f1xx_hal_tim.o
    0x0800373e   0x0800373e   0x00000002   PAD
    0x08003740   0x08003740   0x00000060   Code   RO         1402    i.TIM_OC1_SetConfig  stm32f1xx_hal_tim.o
    0x080037a0   0x080037a0   0x0000006c   Code   RO         1403    i.TIM_OC2_SetConfig  stm32f1xx_hal_tim.o
    0x0800380c   0x0800380c   0x00000068   Code   RO         1404    i.TIM_OC3_SetConfig  stm32f1xx_hal_tim.o
    0x08003874   0x08003874   0x00000050   Code   RO         1405    i.TIM_OC4_SetConfig  stm32f1xx_hal_tim.o
    0x080038c4   0x080038c4   0x00000022   Code   RO         1407    i.TIM_TI1_ConfigInputStage  stm32f1xx_hal_tim.o
    0x080038e6   0x080038e6   0x00000024   Code   RO         1409    i.TIM_TI2_ConfigInputStage  stm32f1xx_hal_tim.o
    0x0800390a   0x0800390a   0x00000002   PAD
    0x0800390c   0x0800390c   0x0000000c   Code   RO          564    i.UART4_IRQHandler  stm32f1xx_it.o
    0x08003918   0x08003918   0x00000010   Code   RO         2265    i.UART_DMAAbortOnError  stm32f1xx_hal_uart.o
    0x08003928   0x08003928   0x0000004a   Code   RO         2266    i.UART_DMAError     stm32f1xx_hal_uart.o
    0x08003972   0x08003972   0x0000003c   Code   RO         2267    i.UART_DMAReceiveCplt  stm32f1xx_hal_uart.o
    0x080039ae   0x080039ae   0x0000000a   Code   RO         2269    i.UART_DMARxHalfCplt  stm32f1xx_hal_uart.o
    0x080039b8   0x080039b8   0x0000002e   Code   RO         2271    i.UART_DMATransmitCplt  stm32f1xx_hal_uart.o
    0x080039e6   0x080039e6   0x0000000a   Code   RO         2273    i.UART_DMATxHalfCplt  stm32f1xx_hal_uart.o
    0x080039f0   0x080039f0   0x0000001c   Code   RO         2275    i.UART_EndRxTransfer  stm32f1xx_hal_uart.o
    0x08003a0c   0x08003a0c   0x00000012   Code   RO         2276    i.UART_EndTxTransfer  stm32f1xx_hal_uart.o
    0x08003a1e   0x08003a1e   0x00000096   Code   RO         2277    i.UART_Receive_IT   stm32f1xx_hal_uart.o
    0x08003ab4   0x08003ab4   0x000000b8   Code   RO         2278    i.UART_SetConfig    stm32f1xx_hal_uart.o
    0x08003b6c   0x08003b6c   0x00000062   Code   RO         2279    i.UART_Transmit_IT  stm32f1xx_hal_uart.o
    0x08003bce   0x08003bce   0x00000002   PAD
    0x08003bd0   0x08003bd0   0x0000001c   Code   RO          565    i.USART1_IRQHandler  stm32f1xx_it.o
    0x08003bec   0x08003bec   0x0000001c   Code   RO          566    i.USART2_IRQHandler  stm32f1xx_it.o
    0x08003c08   0x08003c08   0x0000001c   Code   RO          567    i.USART3_IRQHandler  stm32f1xx_it.o
    0x08003c24   0x08003c24   0x00000002   Code   RO          568    i.UsageFault_Handler  stm32f1xx_it.o
    0x08003c26   0x08003c26   0x00000020   Code   RO         3041    i.__NVIC_SetPriority  stm32f1xx_hal_cortex.o
    0x08003c46   0x08003c46   0x0000000e   Code   RO         5509    i.__scatterload_copy  mc_w.l(handlers.o)
    0x08003c54   0x08003c54   0x00000002   Code   RO         5510    i.__scatterload_null  mc_w.l(handlers.o)
    0x08003c56   0x08003c56   0x0000000e   Code   RO         5511    i.__scatterload_zeroinit  mc_w.l(handlers.o)
    0x08003c64   0x08003c64   0x0000007c   Code   RO         5341    i.csro_cps_auto_control  csro_control.o
    0x08003ce0   0x08003ce0   0x000000e4   Code   RO         5397    i.csro_execute_output  csro_autorun.o
    0x08003dc4   0x08003dc4   0x000000ec   Code   RO         5342    i.csro_fan_auto_control  csro_control.o
    0x08003eb0   0x08003eb0   0x00000068   Code   RO         5343    i.csro_heater_auto_control  csro_control.o
    0x08003f18   0x08003f18   0x00000078   Code   RO         5000    i.csro_master_aqi_init  mb_master_aqi.o
    0x08003f90   0x08003f90   0x00000050   Code   RO         5001    i.csro_master_aqi_read_task  mb_master_aqi.o
    0x08003fe0   0x08003fe0   0x0000007c   Code   RO         5069    i.csro_master_cps_init  mb_master_cps.o
    0x0800405c   0x0800405c   0x000000d8   Code   RO         5070    i.csro_master_cps_read_write_task  mb_master_cps.o
    0x08004134   0x08004134   0x000000e8   Code   RO         5344    i.csro_newair_auto_control  csro_control.o
    0x0800421c   0x0800421c   0x000000ac   Code   RO         5202    i.csro_slave_hmi_init  mb_slave_hmi.o
    0x080042c8   0x080042c8   0x0000003c   Code   RO         5203    i.csro_slave_hmi_wait_cmd  mb_slave_hmi.o
    0x08004304   0x08004304   0x00000308   Code   RO         5398    i.csro_update_input  csro_autorun.o
    0x0800460c   0x0800460c   0x00000058   Code   RO         5345    i.fan_speed_humi    csro_control.o
    0x08004664   0x08004664   0x00000068   Code   RO         5346    i.fan_speed_temp    csro_control.o
    0x080046cc   0x080046cc   0x0000000c   Code   RO         4405    i.inHandlerMode     cmsis_os.o
    0x080046d8   0x080046d8   0x00000036   Code   RO           16    i.main              main.o
    0x0800470e   0x0800470e   0x0000000c   Code   RO         4407    i.makeFreeRtosPriority  cmsis_os.o
    0x0800471a   0x0800471a   0x00000002   PAD
    0x0800471c   0x0800471c   0x0000009c   Code   RO         5002    i.master_aqi_send_receive  mb_master_aqi.o
    0x080047b8   0x080047b8   0x00000010   Code   RO         5003    i.master_aqi_set_rx  mb_master_aqi.o
    0x080047c8   0x080047c8   0x00000010   Code   RO         5004    i.master_aqi_set_tx  mb_master_aqi.o
    0x080047d8   0x080047d8   0x00000040   Code   RO         5005    i.master_aqi_uart_idle  mb_master_aqi.o
    0x08004818   0x08004818   0x00000028   Code   RO         5006    i.master_aqi_uart_idle_timeout_callback  mb_master_aqi.o
    0x08004840   0x08004840   0x0000009c   Code   RO         5071    i.master_cps_send_receive  mb_master_cps.o
    0x080048dc   0x080048dc   0x00000010   Code   RO         5072    i.master_cps_set_rx  mb_master_cps.o
    0x080048ec   0x080048ec   0x00000010   Code   RO         5073    i.master_cps_set_tx  mb_master_cps.o
    0x080048fc   0x080048fc   0x00000040   Code   RO         5074    i.master_cps_uart_idle  mb_master_cps.o
    0x0800493c   0x0800493c   0x00000028   Code   RO         5075    i.master_cps_uart_idle_timeout_callback  mb_master_cps.o
    0x08004964   0x08004964   0x00000038   Code   RO         4903    i.master_crc16      mb_crc.o
    0x0800499c   0x0800499c   0x00000082   Code   RO         4937    i.master_read_holding_regs  mb_master.o
    0x08004a1e   0x08004a1e   0x0000004e   Code   RO         4939    i.master_validate_reply  mb_master.o
    0x08004a6c   0x08004a6c   0x000000ae   Code   RO         4940    i.master_write_multi_holding_regs  mb_master.o
    0x08004b1a   0x08004b1a   0x0000000e   Code   RO         4409    i.osDelay           cmsis_os.o
    0x08004b28   0x08004b28   0x0000000a   Code   RO         4412    i.osKernelStart     cmsis_os.o
    0x08004b32   0x08004b32   0x00000026   Code   RO         4438    i.osSemaphoreCreate  cmsis_os.o
    0x08004b58   0x08004b58   0x00000050   Code   RO         4441    i.osSemaphoreRelease  cmsis_os.o
    0x08004ba8   0x08004ba8   0x00000064   Code   RO         4442    i.osSemaphoreWait   cmsis_os.o
    0x08004c0c   0x08004c0c   0x0000002e   Code   RO         4446    i.osThreadCreate    cmsis_os.o
    0x08004c3a   0x08004c3a   0x00000002   PAD
    0x08004c3c   0x08004c3c   0x00000024   Code   RO         4457    i.osTimerCreate     cmsis_os.o
    0x08004c60   0x08004c60   0x0000005c   Code   RO         4459    i.osTimerStart      cmsis_os.o
    0x08004cbc   0x08004cbc   0x00000070   Code   RO         3994    i.prvAddCurrentTaskToDelayedList  tasks.o
    0x08004d2c   0x08004d2c   0x000000d0   Code   RO         3995    i.prvAddNewTaskToReadyList  tasks.o
    0x08004dfc   0x08004dfc   0x00000050   Code   RO         4287    i.prvCheckForValidListAndQueue  timers.o
    0x08004e4c   0x08004e4c   0x00000026   Code   RO         3701    i.prvCopyDataFromQueue  queue.o
    0x08004e72   0x08004e72   0x0000006c   Code   RO         3702    i.prvCopyDataToQueue  queue.o
    0x08004ede   0x08004ede   0x00000014   Code   RO         3996    i.prvDeleteTCB      tasks.o
    0x08004ef2   0x08004ef2   0x00000002   PAD
    0x08004ef4   0x08004ef4   0x0000004c   Code   RO         4774    i.prvHeapInit       heap_4.o
    0x08004f40   0x08004f40   0x00000060   Code   RO         3997    i.prvIdleTask       tasks.o
    0x08004fa0   0x08004fa0   0x0000008e   Code   RO         3998    i.prvInitialiseNewTask  tasks.o
    0x0800502e   0x0800502e   0x00000002   PAD
    0x08005030   0x08005030   0x0000004c   Code   RO         4775    i.prvInsertBlockIntoFreeList  heap_4.o
    0x0800507c   0x0800507c   0x00000038   Code   RO         4288    i.prvInsertTimerInActiveList  timers.o
    0x080050b4   0x080050b4   0x0000001c   Code   RO         3703    i.prvIsQueueEmpty   queue.o
    0x080050d0   0x080050d0   0x000000b8   Code   RO         4289    i.prvProcessReceivedCommands  timers.o
    0x08005188   0x08005188   0x000000b4   Code   RO         4290    i.prvProcessTimerOrBlockTask  timers.o
    0x0800523c   0x0800523c   0x00000020   Code   RO         3999    i.prvResetNextTaskUnblockTime  tasks.o
    0x0800525c   0x0800525c   0x00000028   Code   RO         4291    i.prvSampleTimeNow  timers.o
    0x08005284   0x08005284   0x0000006c   Code   RO         4292    i.prvSwitchTimerLists  timers.o
    0x080052f0   0x080052f0   0x00000028   Code   RO         4825    i.prvTaskExitError  port.o
    0x08005318   0x08005318   0x00000024   Code   RO         4293    i.prvTimerTask      timers.o
    0x0800533c   0x0800533c   0x0000006a   Code   RO         3704    i.prvUnlockQueue    queue.o
    0x080053a6   0x080053a6   0x00000002   PAD
    0x080053a8   0x080053a8   0x000000d8   Code   RO         4776    i.pvPortMalloc      heap_4.o
    0x08005480   0x08005480   0x00000018   Code   RO         4001    i.pvTaskIncrementMutexHeldCount  tasks.o
    0x08005498   0x08005498   0x00000024   Code   RO         4826    i.pxPortInitialiseStack  port.o
    0x080054bc   0x080054bc   0x00000038   Code   RO         4904    i.slave_crc16       mb_crc.o
    0x080054f4   0x080054f4   0x000000d0   Code   RO         5138    i.slave_handle_cmd  mb_slave.o
    0x080055c4   0x080055c4   0x00000054   Code   RO         5204    i.slave_hmi_reply   mb_slave_hmi.o
    0x08005618   0x08005618   0x00000010   Code   RO         5205    i.slave_hmi_set_rx  mb_slave_hmi.o
    0x08005628   0x08005628   0x00000010   Code   RO         5206    i.slave_hmi_set_tx  mb_slave_hmi.o
    0x08005638   0x08005638   0x00000040   Code   RO         5207    i.slave_hmi_uart_idle  mb_slave_hmi.o
    0x08005678   0x08005678   0x00000078   Code   RO         5208    i.slave_hmi_write_coils_callback  mb_slave_hmi.o
    0x080056f0   0x080056f0   0x00000078   Code   RO         5209    i.slave_hmi_write_holdings_callback  mb_slave_hmi.o
    0x08005768   0x08005768   0x000000c0   Code   RO         5139    i.slave_read_coils  mb_slave.o
    0x08005828   0x08005828   0x000000bc   Code   RO         5140    i.slave_read_discs  mb_slave.o
    0x080058e4   0x080058e4   0x000000aa   Code   RO         5141    i.slave_read_holding_regs  mb_slave.o
    0x0800598e   0x0800598e   0x000000aa   Code   RO         5142    i.slave_read_input_regs  mb_slave.o
    0x08005a38   0x08005a38   0x00000078   Code   RO         5143    i.slave_write_multi_coils  mb_slave.o
    0x08005ab0   0x08005ab0   0x00000078   Code   RO         5144    i.slave_write_multi_holding_regs  mb_slave.o
    0x08005b28   0x08005b28   0x00000068   Code   RO         5145    i.slave_write_single_coil  mb_slave.o
    0x08005b90   0x08005b90   0x00000064   Code   RO         5146    i.slave_write_single_holding_reg  mb_slave.o
    0x08005bf4   0x08005bf4   0x0000000c   Code   RO          349    i.task01_most_important_task  freertos.o
    0x08005c00   0x08005c00   0x00000014   Code   RO          350    i.task02_cps_read_write_task  freertos.o
    0x08005c14   0x08005c14   0x00000014   Code   RO          351    i.task03_hmi_wait_cmd_task  freertos.o
    0x08005c28   0x08005c28   0x0000001c   Code   RO          352    i.task04_aqi_read_task  freertos.o
    0x08005c44   0x08005c44   0x00000010   Code   RO          353    i.task05_pwm_adc_dac_gpio_task  freertos.o
    0x08005c54   0x08005c54   0x0000001c   Code   RO          354    i.task06_stepper_task  freertos.o
    0x08005c70   0x08005c70   0x0000001c   Code   RO          355    i.task07_misc_func_task  freertos.o
    0x08005c8c   0x08005c8c   0x00000026   Code   RO         3661    i.uxListRemove      list.o
    0x08005cb2   0x08005cb2   0x00000016   Code   RO         3662    i.vListInitialise   list.o
    0x08005cc8   0x08005cc8   0x00000006   Code   RO         3663    i.vListInitialiseItem  list.o
    0x08005cce   0x08005cce   0x00000030   Code   RO         3664    i.vListInsert       list.o
    0x08005cfe   0x08005cfe   0x00000018   Code   RO         3665    i.vListInsertEnd    list.o
    0x08005d16   0x08005d16   0x00000002   PAD
    0x08005d18   0x08005d18   0x00000040   Code   RO         4828    i.vPortEnterCritical  port.o
    0x08005d58   0x08005d58   0x00000028   Code   RO         4829    i.vPortExitCritical  port.o
    0x08005d80   0x08005d80   0x0000005c   Code   RO         4777    i.vPortFree         heap_4.o
    0x08005ddc   0x08005ddc   0x00000024   Code   RO         4830    i.vPortSetupTimerInterrupt  port.o
    0x08005e00   0x08005e00   0x00000054   Code   RO         4831    i.vPortValidateInterruptPriority  port.o
    0x08005e54   0x08005e54   0x00000028   Code   RO         3708    i.vQueueAddToRegistry  queue.o
    0x08005e7c   0x08005e7c   0x00000044   Code   RO         3711    i.vQueueWaitForMessageRestricted  queue.o
    0x08005ec0   0x08005ec0   0x0000004c   Code   RO         4007    i.vTaskDelay        tasks.o
    0x08005f0c   0x08005f0c   0x00000010   Code   RO         4010    i.vTaskInternalSetTimeOutState  tasks.o
    0x08005f1c   0x08005f1c   0x0000000c   Code   RO         4011    i.vTaskMissedYield  tasks.o
    0x08005f28   0x08005f28   0x00000030   Code   RO         4013    i.vTaskPlaceOnEventList  tasks.o
    0x08005f58   0x08005f58   0x00000038   Code   RO         4014    i.vTaskPlaceOnEventListRestricted  tasks.o
    0x08005f90   0x08005f90   0x000000a8   Code   RO         4016    i.vTaskPriorityDisinheritAfterTimeout  tasks.o
    0x08006038   0x08006038   0x00000070   Code   RO         4021    i.vTaskStartScheduler  tasks.o
    0x080060a8   0x080060a8   0x00000010   Code   RO         4023    i.vTaskSuspendAll   tasks.o
    0x080060b8   0x080060b8   0x0000005c   Code   RO         4024    i.vTaskSwitchContext  tasks.o
    0x08006114   0x08006114   0x000000a8   Code   RO         4832    i.xPortStartScheduler  port.o
    0x080061bc   0x080061bc   0x00000048   Code   RO         3713    i.xQueueGenericCreate  queue.o
    0x08006204   0x08006204   0x00000088   Code   RO         3714    i.xQueueGenericReset  queue.o
    0x0800628c   0x0800628c   0x00000160   Code   RO         3715    i.xQueueGenericSend  queue.o
    0x080063ec   0x080063ec   0x000000bc   Code   RO         3716    i.xQueueGenericSendFromISR  queue.o
    0x080064a8   0x080064a8   0x0000009c   Code   RO         3717    i.xQueueGiveFromISR  queue.o
    0x08006544   0x08006544   0x00000138   Code   RO         3722    i.xQueueReceive     queue.o
    0x0800667c   0x0800667c   0x0000009a   Code   RO         3723    i.xQueueReceiveFromISR  queue.o
    0x08006716   0x08006716   0x00000002   PAD
    0x08006718   0x08006718   0x00000178   Code   RO         3724    i.xQueueSemaphoreTake  queue.o
    0x08006890   0x08006890   0x00000074   Code   RO         4025    i.xTaskCheckForTimeOut  tasks.o
    0x08006904   0x08006904   0x00000056   Code   RO         4026    i.xTaskCreate       tasks.o
    0x0800695a   0x0800695a   0x00000002   PAD
    0x0800695c   0x0800695c   0x0000001c   Code   RO         4030    i.xTaskGetSchedulerState  tasks.o
    0x08006978   0x08006978   0x0000000c   Code   RO         4031    i.xTaskGetTickCount  tasks.o
    0x08006984   0x08006984   0x000000c8   Code   RO         4033    i.xTaskIncrementTick  tasks.o
    0x08006a4c   0x08006a4c   0x00000098   Code   RO         4036    i.xTaskPriorityDisinherit  tasks.o
    0x08006ae4   0x08006ae4   0x00000094   Code   RO         4037    i.xTaskPriorityInherit  tasks.o
    0x08006b78   0x08006b78   0x00000074   Code   RO         4038    i.xTaskRemoveFromEventList  tasks.o
    0x08006bec   0x08006bec   0x000000c4   Code   RO         4039    i.xTaskResumeAll    tasks.o
    0x08006cb0   0x08006cb0   0x0000004e   Code   RO         4296    i.xTimerCreate      timers.o
    0x08006cfe   0x08006cfe   0x00000002   PAD
    0x08006d00   0x08006d00   0x00000048   Code   RO         4297    i.xTimerCreateTimerTask  timers.o
    0x08006d48   0x08006d48   0x00000060   Code   RO         4298    i.xTimerGenericCommand  timers.o
    0x08006da8   0x08006da8   0x0000008c   Data   RO          356    .constdata          freertos.o
    0x08006e34   0x08006e34   0x00000010   Data   RO         3530    .constdata          system_stm32f1xx.o
    0x08006e44   0x08006e44   0x00000008   Data   RO         3531    .constdata          system_stm32f1xx.o
    0x08006e4c   0x08006e4c   0x00000200   Data   RO         4905    .constdata          mb_crc.o
    0x0800704c   0x0800704c   0x00000004   Data   RO         5008    .constdata          mb_master_aqi.o
    0x08007050   0x08007050   0x00000004   Data   RO         5077    .constdata          mb_master_cps.o
    0x08007054   0x08007054   0x00000037   Data   RO          357    .conststring        freertos.o
    0x0800708b   0x0800708b   0x00000001   PAD
    0x0800708c   0x0800708c   0x00000020   Data   RO         5507    Region$$Table       anon$$obj.o


    Execution Region RW_IRAM1 (Exec base: 0x20000000, Load base: 0x080070ac, Size: 0x00007708, Max: 0x00010000, ABSOLUTE, COMPRESSED[0x000002a4])

    Exec Addr    Load Addr    Size         Type   Attr      Idx    E Section Name        Object

    0x20000000   COMPRESSED   0x0000001c   Data   RW          358    .data               freertos.o
    0x2000001c   COMPRESSED   0x0000000c   Data   RW         2578    .data               stm32f1xx_hal.o
    0x20000028   COMPRESSED   0x00000004   Data   RW         3532    .data               system_stm32f1xx.o
    0x2000002c   COMPRESSED   0x0000003c   Data   RW         4042    .data               tasks.o
    0x20000068   COMPRESSED   0x00000014   Data   RW         4304    .data               timers.o
    0x2000007c   COMPRESSED   0x00000018   Data   RW         4782    .data               heap_4.o
    0x20000094   COMPRESSED   0x0000000c   Data   RW         4833    .data               port.o
    0x200000a0   COMPRESSED   0x00000008   Data   RW         5009    .data               mb_master_aqi.o
    0x200000a8   COMPRESSED   0x00000008   Data   RW         5078    .data               mb_master_cps.o
    0x200000b0   COMPRESSED   0x00000004   Data   RW         5211    .data               mb_slave_hmi.o
    0x200000b4   COMPRESSED   0x00000288   Data   RW         5278    .data               csro_common.o
    0x2000033c   COMPRESSED   0x00000006   Data   RW         5310    .data               csro_stepper.o
    0x20000342   COMPRESSED   0x00000002   PAD
    0x20000344        -       0x00000074   Zero   RW          243    .bss                adc.o
    0x200003b8        -       0x00000014   Zero   RW          285    .bss                dac.o
    0x200003cc        -       0x00000040   Zero   RW          444    .bss                tim.o
    0x2000040c        -       0x00000320   Zero   RW          494    .bss                usart.o
    0x2000072c        -       0x00000040   Zero   RW          723    .bss                stm32f1xx_hal_timebase_tim.o
    0x2000076c        -       0x00000040   Zero   RW         3725    .bss                queue.o
    0x200007ac        -       0x000000f0   Zero   RW         4041    .bss                tasks.o
    0x2000089c        -       0x00000028   Zero   RW         4303    .bss                timers.o
    0x200008c4        -       0x00005000   Zero   RW         4781    .bss                heap_4.o
    0x200058c4        -       0x00000438   Zero   RW         5007    .bss                mb_master_aqi.o
    0x20005cfc        -       0x00000438   Zero   RW         5076    .bss                mb_master_cps.o
    0x20006134        -       0x00000c40   Zero   RW         5210    .bss                mb_slave_hmi.o
    0x20006d74        -       0x00000190   Zero   RW         5399    .bss                csro_autorun.o
    0x20006f04   COMPRESSED   0x00000004   PAD
    0x20006f08        -       0x00000800   Zero   RW            1    STACK               startup_stm32f103xe.o


==============================================================================

Image component sizes


      Code (inc. data)   RO Data    RW Data    ZI Data      Debug   Object Name

       444         34          0          0        116       1855   adc.o
       440         20          0          0          0      20283   cmsis_os.o
      1230         80          0          0        400       2987   csro_autorun.o
       248         24          0        648          0       2134   csro_common.o
       910        128          0          0          0       4885   csro_control.o
       316         18          0          6          0       1497   csro_stepper.o
       164         22          0          0         20       1547   dac.o
       188          4          0          0          0        818   dma.o
         0          0          0          0          0       9492   event_groups.o
       324         38        195         28          0      11408   freertos.o
       328         24          0          0          0       1031   gpio.o
       460         24          0         24      20480       4559   heap_4.o
       138          0          0          0          0       3282   list.o
       172          6          0          0          0     530264   main.o
       112          8        512          0          0       1621   mb_crc.o
       382          0          0          0          0       2285   mb_master.o
       492         80          4          8       1080       6753   mb_master_aqi.o
       632         80          4          8       1080       6955   mb_master_cps.o
      1372          0          0          0          0       5743   mb_slave.o
       652         78          0          4       3136       7224   mb_slave_hmi.o
       662         70          0         12          0      10925   port.o
      2134         24          0          0         64      17935   queue.o
        36          8        304          0       2048        784   startup_stm32f103xe.o
        64         14          0         12          0       5134   stm32f1xx_hal.o
      1116         58          0          0          0       8342   stm32f1xx_hal_adc.o
       200          6          0          0          0       1382   stm32f1xx_hal_adc_ex.o
       158         14          0          0          0      28090   stm32f1xx_hal_cortex.o
       236          0          0          0          0       3246   stm32f1xx_hal_dac.o
      1236         52          0          0          0       4986   stm32f1xx_hal_dma.o
       538         42          0          0          0       4032   stm32f1xx_hal_gpio.o
        72         10          0          0          0        834   stm32f1xx_hal_msp.o
      1336        110          0          0          0       5681   stm32f1xx_hal_rcc.o
       448         44          0          0          0       2513   stm32f1xx_hal_rcc_ex.o
      1660         66          0          0          0      15326   stm32f1xx_hal_tim.o
        70          0          0          0          0       2273   stm32f1xx_hal_tim_ex.o
       116         18          0          0         64       1359   stm32f1xx_hal_timebase_tim.o
      1440         40          0          0          0      12955   stm32f1xx_hal_uart.o
       272        102          0          0          0       9888   stm32f1xx_it.o
        72         16         24          4          0       1123   system_stm32f1xx.o
      2284        182          0         60        240      23393   tasks.o
       368         28          0          0         64       2320   tim.o
       930         80          0         20         40      18518   timers.o
      1124         84          0          0        800       4365   usart.o

    ----------------------------------------------------------------------
     25618       1736       1076        836      29636     812027   Object Totals
         0          0         32          0          0          0   (incl. Generated)
        42          0          1          2          4          0   (incl. Padding)

    ----------------------------------------------------------------------

      Code (inc. data)   RO Data    RW Data    ZI Data      Debug   Library Member Name

        58          0          0          0          0          0   __dczerorl.o
         0          0          0          0          0          0   entry.o
         0          0          0          0          0          0   entry10a.o
         0          0          0          0          0          0   entry11a.o
         8          4          0          0          0          0   entry2.o
         4          0          0          0          0          0   entry5.o
         0          0          0          0          0          0   entry7b.o
         0          0          0          0          0          0   entry8b.o
         8          4          0          0          0          0   entry9a.o
        30          0          0          0          0          0   handlers.o
        36          8          0          0          0         68   init.o
         0          0          0          0          0          0   iusefp.o
        30          0          0          0          0         68   llshl.o
        36          0          0          0          0         68   llsshr.o
        32          0          0          0          0         68   llushr.o
        36          0          0          0          0         68   memcpya.o
        36          0          0          0          0        108   memseta.o
        48          0          0          0          0         68   cdcmple.o
        48          0          0          0          0         68   cdrcmple.o
        20          0          0          0          0         68   cfcmple.o
        20          0          0          0          0         68   cfrcmple.o
        56          0          0          0          0         88   d2f.o
       334          0          0          0          0        148   dadd.o
       222          0          0          0          0        100   ddiv.o
       186          0          0          0          0        176   depilogue.o
        62          0          0          0          0         80   dfixi.o
        50          0          0          0          0         76   dfixui.o
        34          0          0          0          0         76   dflti.o
       228          0          0          0          0         96   dmul.o
        46          0          0          0          0         80   dscalb.o
        38          0          0          0          0         68   f2d.o
       176          0          0          0          0        140   fadd.o
       124          0          0          0          0         88   fdiv.o
       110          0          0          0          0        168   fepilogue.o
        18          0          0          0          0         68   fflti.o
        10          0          0          0          0         68   ffltui.o

    ----------------------------------------------------------------------
      2150         16          0          0          0       2240   Library Totals
         6          0          0          0          0          0   (incl. Padding)

    ----------------------------------------------------------------------

      Code (inc. data)   RO Data    RW Data    ZI Data      Debug   Library Name

       314         16          0          0          0        448   mc_w.l
      1830          0          0          0          0       1792   mf_w.l

    ----------------------------------------------------------------------
      2150         16          0          0          0       2240   Library Totals

    ----------------------------------------------------------------------

==============================================================================


      Code (inc. data)   RO Data    RW Data    ZI Data      Debug   

     27768       1752       1076        836      29636     799783   Grand Totals
     27768       1752       1076        676      29636     799783   ELF Image Totals (compressed)
     27768       1752       1076        676          0          0   ROM Totals

==============================================================================

    Total RO  Size (Code + RO Data)                28844 (  28.17kB)
    Total RW  Size (RW Data + ZI Data)             30472 (  29.76kB)
    Total ROM Size (Code + RO Data + RW Data)      29520 (  28.83kB)

==============================================================================

