Component: ARM Compiler 5.06 update 6 (build 750) Tool: armlink [4d35ed]

==============================================================================

Section Cross References

    startup_stm32f103xe.o(RESET) refers to startup_stm32f103xe.o(STACK) for __initial_sp
    startup_stm32f103xe.o(RESET) refers to startup_stm32f103xe.o(.text) for Reset_Handler
    startup_stm32f103xe.o(RESET) refers to stm32f1xx_it.o(i.NMI_Handler) for NMI_Handler
    startup_stm32f103xe.o(RESET) refers to stm32f1xx_it.o(i.HardFault_Handler) for HardFault_Handler
    startup_stm32f103xe.o(RESET) refers to stm32f1xx_it.o(i.MemManage_Handler) for MemManage_Handler
    startup_stm32f103xe.o(RESET) refers to stm32f1xx_it.o(i.BusFault_Handler) for BusFault_Handler
    startup_stm32f103xe.o(RESET) refers to stm32f1xx_it.o(i.UsageFault_Handler) for UsageFault_Handler
    startup_stm32f103xe.o(RESET) refers to port.o(.emb_text) for SVC_Handler
    startup_stm32f103xe.o(RESET) refers to stm32f1xx_it.o(i.DebugMon_Handler) for DebugMon_Handler
    startup_stm32f103xe.o(RESET) refers to port.o(i.SysTick_Handler) for SysTick_Handler
    startup_stm32f103xe.o(RESET) refers to stm32f1xx_it.o(i.DMA1_Channel1_IRQHandler) for DMA1_Channel1_IRQHandler
    startup_stm32f103xe.o(RESET) refers to stm32f1xx_it.o(i.DMA1_Channel2_IRQHandler) for DMA1_Channel2_IRQHandler
    startup_stm32f103xe.o(RESET) refers to stm32f1xx_it.o(i.DMA1_Channel3_IRQHandler) for DMA1_Channel3_IRQHandler
    startup_stm32f103xe.o(RESET) refers to stm32f1xx_it.o(i.DMA1_Channel4_IRQHandler) for DMA1_Channel4_IRQHandler
    startup_stm32f103xe.o(RESET) refers to stm32f1xx_it.o(i.DMA1_Channel5_IRQHandler) for DMA1_Channel5_IRQHandler
    startup_stm32f103xe.o(RESET) refers to stm32f1xx_it.o(i.DMA1_Channel6_IRQHandler) for DMA1_Channel6_IRQHandler
    startup_stm32f103xe.o(RESET) refers to stm32f1xx_it.o(i.DMA1_Channel7_IRQHandler) for DMA1_Channel7_IRQHandler
    startup_stm32f103xe.o(RESET) refers to stm32f1xx_it.o(i.USART1_IRQHandler) for USART1_IRQHandler
    startup_stm32f103xe.o(RESET) refers to stm32f1xx_it.o(i.USART2_IRQHandler) for USART2_IRQHandler
    startup_stm32f103xe.o(RESET) refers to stm32f1xx_it.o(i.USART3_IRQHandler) for USART3_IRQHandler
    startup_stm32f103xe.o(RESET) refers to stm32f1xx_it.o(i.TIM8_UP_IRQHandler) for TIM8_UP_IRQHandler
    startup_stm32f103xe.o(RESET) refers to stm32f1xx_it.o(i.UART4_IRQHandler) for UART4_IRQHandler
    startup_stm32f103xe.o(RESET) refers to stm32f1xx_it.o(i.DMA2_Channel3_IRQHandler) for DMA2_Channel3_IRQHandler
    startup_stm32f103xe.o(RESET) refers to stm32f1xx_it.o(i.DMA2_Channel4_5_IRQHandler) for DMA2_Channel4_5_IRQHandler
    startup_stm32f103xe.o(.text) refers to system_stm32f1xx.o(i.SystemInit) for SystemInit
    startup_stm32f103xe.o(.text) refers to entry.o(.ARM.Collect$$$$00000000) for __main
    main.o(i.HAL_TIM_PeriodElapsedCallback) refers to stm32f1xx_hal.o(i.HAL_IncTick) for HAL_IncTick
    main.o(i.SystemClock_Config) refers to memseta.o(.text) for __aeabi_memclr4
    main.o(i.SystemClock_Config) refers to stm32f1xx_hal_rcc.o(i.HAL_RCC_OscConfig) for HAL_RCC_OscConfig
    main.o(i.SystemClock_Config) refers to stm32f1xx_hal_rcc.o(i.HAL_RCC_ClockConfig) for HAL_RCC_ClockConfig
    main.o(i.SystemClock_Config) refers to stm32f1xx_hal_rcc_ex.o(i.HAL_RCCEx_PeriphCLKConfig) for HAL_RCCEx_PeriphCLKConfig
    main.o(i.main) refers to stm32f1xx_hal.o(i.HAL_Init) for HAL_Init
    main.o(i.main) refers to main.o(i.SystemClock_Config) for SystemClock_Config
    main.o(i.main) refers to gpio.o(i.MX_GPIO_Init) for MX_GPIO_Init
    main.o(i.main) refers to dma.o(i.MX_DMA_Init) for MX_DMA_Init
    main.o(i.main) refers to adc.o(i.MX_ADC1_Init) for MX_ADC1_Init
    main.o(i.main) refers to dac.o(i.MX_DAC_Init) for MX_DAC_Init
    main.o(i.main) refers to tim.o(i.MX_TIM2_Init) for MX_TIM2_Init
    main.o(i.main) refers to usart.o(i.MX_UART4_Init) for MX_UART4_Init
    main.o(i.main) refers to usart.o(i.MX_USART1_UART_Init) for MX_USART1_UART_Init
    main.o(i.main) refers to usart.o(i.MX_USART2_UART_Init) for MX_USART2_UART_Init
    main.o(i.main) refers to usart.o(i.MX_USART3_UART_Init) for MX_USART3_UART_Init
    main.o(i.main) refers to freertos.o(i.MX_FREERTOS_Init) for MX_FREERTOS_Init
    main.o(i.main) refers to cmsis_os.o(i.osKernelStart) for osKernelStart
    gpio.o(i.MX_GPIO_Init) refers to stm32f1xx_hal_gpio.o(i.HAL_GPIO_WritePin) for HAL_GPIO_WritePin
    gpio.o(i.MX_GPIO_Init) refers to stm32f1xx_hal_gpio.o(i.HAL_GPIO_Init) for HAL_GPIO_Init
    adc.o(i.HAL_ADC_MspDeInit) refers to stm32f1xx_hal_gpio.o(i.HAL_GPIO_DeInit) for HAL_GPIO_DeInit
    adc.o(i.HAL_ADC_MspDeInit) refers to stm32f1xx_hal_dma.o(i.HAL_DMA_DeInit) for HAL_DMA_DeInit
    adc.o(i.HAL_ADC_MspInit) refers to stm32f1xx_hal_gpio.o(i.HAL_GPIO_Init) for HAL_GPIO_Init
    adc.o(i.HAL_ADC_MspInit) refers to stm32f1xx_hal_dma.o(i.HAL_DMA_Init) for HAL_DMA_Init
    adc.o(i.HAL_ADC_MspInit) refers to main.o(i.Error_Handler) for Error_Handler
[...]
    i.slave_write_multi_holding_regs         0x0800526c   Section        0  mb_slave.o(i.slave_write_multi_holding_regs)
    slave_write_multi_holding_regs           0x0800526d   Thumb Code   120  mb_slave.o(i.slave_write_multi_holding_regs)
    i.slave_write_single_coil                0x080052e4   Section        0  mb_slave.o(i.slave_write_single_coil)
    slave_write_single_coil                  0x080052e5   Thumb Code   104  mb_slave.o(i.slave_write_single_coil)
    i.slave_write_single_holding_reg         0x0800534c   Section        0  mb_slave.o(i.slave_write_single_holding_reg)
    slave_write_single_holding_reg           0x0800534d   Thumb Code   100  mb_slave.o(i.slave_write_single_holding_reg)
    i.task01_most_important_task             0x080053b0   Section        0  freertos.o(i.task01_most_important_task)
    i.task02_cps_read_write_task             0x080053bc   Section        0  freertos.o(i.task02_cps_read_write_task)
    i.task03_hmi_wait_cmd_task               0x080053d8   Section        0  freertos.o(i.task03_hmi_wait_cmd_task)
    i.task04_aqi_read_task                   0x080053ec   Section        0  freertos.o(i.task04_aqi_read_task)
    i.task05_pwm_adc_dac_gpio_task           0x08005408   Section        0  freertos.o(i.task05_pwm_adc_dac_gpio_task)
    i.task06_stepper_task                    0x08005418   Section        0  freertos.o(i.task06_stepper_task)
    i.task07_misc_func_task                  0x08005434   Section        0  freertos.o(i.task07_misc_func_task)
    i.uxListRemove                           0x08005450   Section        0  list.o(i.uxListRemove)
    i.vListInitialise                        0x08005476   Section        0  list.o(i.vListInitialise)
    i.vListInitialiseItem                    0x0800548c   Section        0  list.o(i.vListInitialiseItem)
    i.vListInsert                            0x08005492   Section        0  list.o(i.vListInsert)
    i.vListInsertEnd                         0x080054c2   Section        0  list.o(i.vListInsertEnd)
    i.vPortEnterCritical                     0x080054dc   Section        0  port.o(i.vPortEnterCritical)
    i.vPortExitCritical                      0x0800551c   Section        0  port.o(i.vPortExitCritical)
    i.vPortFree                              0x08005544   Section        0  heap_4.o(i.vPortFree)
    i.vPortSetupTimerInterrupt               0x080055a0   Section        0  port.o(i.vPortSetupTimerInterrupt)
    i.vPortValidateInterruptPriority         0x080055c4   Section        0  port.o(i.vPortValidateInterruptPriority)
    i.vQueueAddToRegistry                    0x08005618   Section        0  queue.o(i.vQueueAddToRegistry)
    i.vQueueWaitForMessageRestricted         0x08005640   Section        0  queue.o(i.vQueueWaitForMessageRestricted)
    i.vTaskDelay                             0x08005684   Section        0  tasks.o(i.vTaskDelay)
    i.vTaskInternalSetTimeOutState           0x080056d0   Section        0  tasks.o(i.vTaskInternalSetTimeOutState)
    i.vTaskMissedYield                       0x080056e0   Section        0  tasks.o(i.vTaskMissedYield)
    i.vTaskPlaceOnEventList                  0x080056ec   Section        0  tasks.o(i.vTaskPlaceOnEventList)
    i.vTaskPlaceOnEventListRestricted        0x0800571c   Section        0  tasks.o(i.vTaskPlaceOnEventListRestricted)
    i.vTaskPriorityDisinheritAfterTimeout    0x08005754   Section        0  tasks.o(i.vTaskPriorityDisinheritAfterTimeout)
    i.vTaskStartScheduler                    0x080057fc   Section        0  tasks.o(i.vTaskStartScheduler)
    i.vTaskSuspendAll                        0x0800586c   Section        0  tasks.o(i.vTaskSuspendAll)
    i.vTaskSwitchContext                     0x0800587c   Section        0  tasks.o(i.vTaskSwitchContext)
    i.xPortStartScheduler                    0x080058d8   Section        0  port.o(i.xPortStartScheduler)
    i.xQueueGenericCreate                    0x08005980   Section        0  queue.o(i.xQueueGenericCreate)
    i.xQueueGenericReset                     0x080059c8   Section        0  queue.o(i.xQueueGenericReset)
    i.xQueueGenericSend                      0x08005a50   Section        0  queue.o(i.xQueueGenericSend)
    i.xQueueGenericSendFromISR               0x08005bb0   Section        0  queue.o(i.xQueueGenericSendFromISR)
    i.xQueueGiveFromISR                      0x08005c6c   Section        0  queue.o(i.xQueueGiveFromISR)
    i.xQueueReceive                          0x08005d08   Section        0  queue.o(i.xQueueReceive)
    i.xQueueReceiveFromISR                   0x08005e40   Section        0  queue.o(i.xQueueReceiveFromISR)
    i.xQueueSemaphoreTake                    0x08005edc   Section        0  queue.o(i.xQueueSemaphoreTake)
    i.xTaskCheckForTimeOut                   0x08006054   Section        0  tasks.o(i.xTaskCheckForTimeOut)
    i.xTaskCreate                            0x080060c8   Section        0  tasks.o(i.xTaskCreate)
    i.xTaskGetSchedulerState                 0x08006120   Section        0  tasks.o(i.xTaskGetSchedulerState)
    i.xTaskGetTickCount                      0x0800613c   Section        0  tasks.o(i.xTaskGetTickCount)
    i.xTaskIncrementTick                     0x08006148   Section        0  tasks.o(i.xTaskIncrementTick)
    i.xTaskPriorityDisinherit                0x08006210   Section        0  tasks.o(i.xTaskPriorityDisinherit)
    i.xTaskPriorityInherit                   0x080062a8   Section        0  tasks.o(i.xTaskPriorityInherit)
    i.xTaskRemoveFromEventList               0x0800633c   Section        0  tasks.o(i.xTaskRemoveFromEventList)
    i.xTaskResumeAll                         0x080063b0   Section        0  tasks.o(i.xTaskResumeAll)
    i.xTimerCreate                           0x08006474   Section        0  timers.o(i.xTimerCreate)
    i.xTimerCreateTimerTask                  0x080064c4   Section        0  timers.o(i.xTimerCreateTimerTask)
    i.xTimerGenericCommand                   0x0800650c   Section        0  timers.o(i.xTimerGenericCommand)
    .constdata                               0x0800656c   Section      140  freertos.o(.constdata)
    .constdata                               0x080065f8   Section       16  system_stm32f1xx.o(.constdata)
    .constdata                               0x08006608   Section        8  system_stm32f1xx.o(.constdata)
    .constdata                               0x08006610   Section      512  mb_crc.o(.constdata)
    table_crc_hi                             0x08006610   Data         256  mb_crc.o(.constdata)
    table_crc_lo                             0x08006710   Data         256  mb_crc.o(.constdata)
    .constdata                               0x08006810   Section        4  mb_master_aqi.o(.constdata)
    .constdata                               0x08006814   Section        4  mb_master_cps.o(.constdata)
    .conststring                             0x08006818   Section       55  freertos.o(.conststring)
    .data                                    0x20000000   Section       28  freertos.o(.data)
    .data                                    0x2000001c   Section       12  stm32f1xx_hal.o(.data)
    .data                                    0x20000028   Section        4  system_stm32f1xx.o(.data)
    .data                                    0x2000002c   Section       60  tasks.o(.data)
    pxDelayedTaskList                        0x20000030   Data           4  tasks.o(.data)
    pxOverflowDelayedTaskList                0x20000034   Data           4  tasks.o(.data)
    uxDeletedTasksWaitingCleanUp             0x20000038   Data           4  tasks.o(.data)
    uxCurrentNumberOfTasks                   0x2000003c   Data           4  tasks.o(.data)
    xTickCount                               0x20000040   Data           4  tasks.o(.data)
    uxTopReadyPriority                       0x20000044   Data           4  tasks.o(.data)
    xSchedulerRunning                        0x20000048   Data           4  tasks.o(.data)
    uxPendedTicks                            0x2000004c   Data           4  tasks.o(.data)
    xYieldPending                            0x20000050   Data           4  tasks.o(.data)
    xNumOfOverflows                          0x20000054   Data           4  tasks.o(.data)
    uxTaskNumber                             0x20000058   Data           4  tasks.o(.data)
    xNextTaskUnblockTime                     0x2000005c   Data           4  tasks.o(.data)
    xIdleTaskHandle                          0x20000060   Data           4  tasks.o(.data)
    uxSchedulerSuspended                     0x20000064   Data           4  tasks.o(.data)
    .data                                    0x20000068   Section       20  timers.o(.data)
    pxCurrentTimerList                       0x20000068   Data           4  timers.o(.data)
    pxOverflowTimerList                      0x2000006c   Data           4  timers.o(.data)
    xTimerQueue                              0x20000070   Data           4  timers.o(.data)
    xTimerTaskHandle                         0x20000074   Data           4  timers.o(.data)
    xLastTime                                0x20000078   Data           4  timers.o(.data)
    .data                                    0x2000007c   Section       24  heap_4.o(.data)
    pxEnd                                    0x2000007c   Data           4  heap_4.o(.data)
    xFreeBytesRemaining                      0x20000080   Data           4  heap_4.o(.data)
    xMinimumEverFreeBytesRemaining           0x20000084   Data           4  heap_4.o(.data)
    xBlockAllocatedBit                       0x20000088   Data           4  heap_4.o(.data)
    xStart                                   0x2000008c   Data           8  heap_4.o(.data)
    .data                                    0x20000094   Section       12  port.o(.data)
    ucMaxSysCallPriority                     0x20000094   Data           1  port.o(.data)
    uxCriticalNesting                        0x20000098   Data           4  port.o(.data)
    ulMaxPRIGROUPValue                       0x2000009c   Data           4  port.o(.data)
    .data                                    0x200000a0   Section        8  mb_master_aqi.o(.data)
    uart_idle_sem                            0x200000a0   Data           4  mb_master_aqi.o(.data)
    uart_idle_tim                            0x200000a4   Data           4  mb_master_aqi.o(.data)
    .data                                    0x200000a8   Section        8  mb_master_cps.o(.data)
    uart_idle_sem                            0x200000a8   Data           4  mb_master_cps.o(.data)
    uart_idle_tim                            0x200000ac   Data           4  mb_master_cps.o(.data)
    .data                                    0x200000b0   Section        4  mb_slave_hmi.o(.data)
    uart_msg_sem                             0x200000b0   Data           4  mb_slave_hmi.o(.data)
    .data                                    0x200000b4   Section        6  csro_stepper.o(.data)
    init_flag                                0x200000b4   Data           1  csro_stepper.o(.data)
    .bss                                     0x200000bc   Section      116  adc.o(.bss)
    .bss                                     0x20000130   Section       20  dac.o(.bss)
    .bss                                     0x20000144   Section       64  tim.o(.bss)
    .bss                                     0x20000184   Section      800  usart.o(.bss)
    .bss                                     0x200004a4   Section       64  stm32f1xx_hal_timebase_tim.o(.bss)
    .bss                                     0x200004e4   Section       64  queue.o(.bss)
    .bss                                     0x20000524   Section      240  tasks.o(.bss)
    pxReadyTasksLists                        0x20000524   Data         140  tasks.o(.bss)
    xDelayedTaskList1                        0x200005b0   Data          20  tasks.o(.bss)
    xDelayedTaskList2                        0x200005c4   Data          20  tasks.o(.bss)
    xPendingReadyList                        0x200005d8   Data          20  tasks.o(.bss)
    xTasksWaitingTermination                 0x200005ec   Data          20  tasks.o(.bss)
    xSuspendedTaskList                       0x20000600   Data          20  tasks.o(.bss)
    .bss                                     0x20000614   Section       40  timers.o(.bss)
    xActiveTimerList1                        0x20000614   Data          20  timers.o(.bss)
    xActiveTimerList2                        0x20000628   Data          20  timers.o(.bss)
    .bss                                     0x2000063c   Section    20480  heap_4.o(.bss)
    ucHeap                                   0x2000063c   Data       20480  heap_4.o(.bss)
    .bss                                     0x2000563c   Section     1080  mb_master_aqi.o(.bss)
    .bss                                     0x20005a74   Section     1080  mb_master_cps.o(.bss)
    .bss                                     0x20005eac   Section     3136  mb_slave_hmi.o(.bss)
    .bss                                     0x20006aec   Section      400  csro_autorun.o(.bss)
    STACK                                    0x20006c80   Section     2048  startup_stm32f103xe.o(STACK)

    Global Symbols

    Symbol Name                              Value     Ov Type        Size  Object(Section)

    BuildAttributes$$THM_ISAv4$P$D$K$B$S$PE$A:L22UL41UL21$X:L11$S22US41US21$IEEE1$IW$USESV6$~STKCKD$USESV7$~SHL$OTIME$ROPI$EBA8$MICROLIB$REQ8$PRES8$EABIv2 0x00000000   Number         0  anon$$obj.o ABSOLUTE
    __ARM_use_no_argv                        0x00000000   Number         0  main.o ABSOLUTE
    __cpp_initialize__aeabi_                  - Undefined Weak Reference
    __cxa_finalize                            - Undefined Weak Reference
    __decompress                              - Undefined Weak Reference
    _clock_init                               - Undefined Weak Reference
    _microlib_exit                            - Undefined Weak Reference
    __Vectors_Size                           0x00000130   Number         0  startup_stm32f103xe.o ABSOLUTE
    __Vectors                                0x08000000   Data           4  startup_stm32f103xe.o(RESET)
    __Vectors_End                            0x08000130   Data           0  startup_stm32f103xe.o(RESET)
    __main                                   0x08000131   Thumb Code     0  entry.o(.ARM.Collect$$$$00000000)
    _main_stk                                0x08000131   Thumb Code     0  entry2.o(.ARM.Collect$$$$00000001)
    _main_scatterload                        0x08000135   Thumb Code     0  entry5.o(.ARM.Collect$$$$00000004)
    __main_after_scatterload                 0x08000139   Thumb Code     0  entry5.o(.ARM.Collect$$$$00000004)
    _main_clock                              0x08000139   Thumb Code     0  entry7b.o(.ARM.Collect$$$$00000008)
    _main_cpp_init                           0x08000139   Thumb Code     0  entry8b.o(.ARM.Collect$$$$0000000A)
    _main_init                               0x08000139   Thumb Code     0  entry9a.o(.ARM.Collect$$$$0000000B)
    __rt_final_cpp                           0x08000141   Thumb Code     0  entry10a.o(.ARM.Collect$$$$0000000D)
    __rt_final_exit                          0x08000141   Thumb Code     0  entry11a.o(.ARM.Collect$$$$0000000F)
    SVC_Handler                              0x08000145   Thumb Code    32  port.o(.emb_text)
    __asm___6_port_c_39a90d8d__prvStartFirstTask 0x08000169   Thumb Code    28  port.o(.emb_text)
    PendSV_Handler                           0x08000189   Thumb Code    72  port.o(.emb_text)
    vPortGetIPSR                             0x080001d5   Thumb Code     6  port.o(.emb_text)
    Reset_Handler                            0x080001dd   Thumb Code     8  startup_stm32f103xe.o(.text)
    ADC1_2_IRQHandler                        0x080001f7   Thumb Code     0  startup_stm32f103xe.o(.text)
    ADC3_IRQHandler                          0x080001f7   Thumb Code     0  startup_stm32f103xe.o(.text)
    CAN1_RX1_IRQHandler                      0x080001f7   Thumb Code     0  startup_stm32f103xe.o(.text)
    CAN1_SCE_IRQHandler                      0x080001f7   Thumb Code     0  startup_stm32f103xe.o(.text)
    DMA2_Channel1_IRQHandler                 0x080001f7   Thumb Code     0  startup_stm32f103xe.o(.text)
    DMA2_Channel2_IRQHandler                 0x080001f7   Thumb Code     0  startup_stm32f103xe.o(.text)
    EXTI0_IRQHandler                         0x080001f7   Thumb Code     0  startup_stm32f103xe.o(.text)
    EXTI15_10_IRQHandler                     0x080001f7   Thumb Code     0  startup_stm32f103xe.o(.text)
    EXTI1_IRQHandler                         0x080001f7   Thumb Code     0  startup_stm32f103xe.o(.text)
    EXTI2_IRQHandler                         0x080001f7   Thumb Code     0  startup_stm32f103xe.o(.text)
    EXTI3_IRQHandler                         0x080001f7   Thumb Code     0  startup_stm32f103xe.o(.text)
    EXTI4_IRQHandler                         0x080001f7   Thumb Code     0  startup_stm32f103xe.o(.text)
    EXTI9_5_IRQHandler                       0x080001f7   Thumb Code     0  startup_stm32f103xe.o(.text)
    FLASH_IRQHandler                         0x080001f7   Thumb Code     0  startup_stm32f103xe.o(.text)
    FSMC_IRQHandler                          0x080001f7   Thumb Code     0  startup_stm32f103xe.o(.text)
    I2C1_ER_IRQHandler                       0x080001f7   Thumb Code     0  startup_stm32f103xe.o(.text)
    I2C1_EV_IRQHandler                       0x080001f7   Thumb Code     0  startup_stm32f103xe.o(.text)
    I2C2_ER_IRQHandler                       0x080001f7   Thumb Code     0  startup_stm32f103xe.o(.text)
    I2C2_EV_IRQHandler                       0x080001f7   Thumb Code     0  startup_stm32f103xe.o(.text)
    PVD_IRQHandler                           0x080001f7   Thumb Code     0  startup_stm32f103xe.o(.text)
    RCC_IRQHandler                           0x080001f7   Thumb Code     0  startup_stm32f103xe.o(.text)
    RTC_Alarm_IRQHandler                     0x080001f7   Thumb Code     0  startup_stm32f103xe.o(.text)
    RTC_IRQHandler                           0x080001f7   Thumb Code     0  startup_stm32f103xe.o(.text)
    SDIO_IRQHandler                          0x080001f7   Thumb Code     0  startup_stm32f103xe.o(.text)
    SPI1_IRQHandler                          0x080001f7   Thumb Code     0  startup_stm32f103xe.o(.text)
    SPI2_IRQHandler                          0x080001f7   Thumb Code     0  startup_stm32f103xe.o(.text)
    SPI3_IRQHandler                          0x080001f7   Thumb Code     0  startup_stm32f103xe.o(.text)
    TAMPER_IRQHandler                        0x080001f7   Thumb Code     0  startup_stm32f103xe.o(.text)
    TIM1_BRK_IRQHandler                      0x080001f7   Thumb Code     0  startup_stm32f103xe.o(.text)
    TIM1_CC_IRQHandler                       0x080001f7   Thumb Code     0  startup_stm32f103xe.o(.text)
    TIM1_TRG_COM_IRQHandler                  0x080001f7   Thumb Code     0  startup_stm32f103xe.o(.text)
    TIM1_UP_IRQHandler                       0x080001f7   Thumb Code     0  startup_stm32f103xe.o(.text)
    TIM2_IRQHandler                          0x080001f7   Thumb Code     0  startup_stm32f103xe.o(.text)
    TIM3_IRQHandler                          0x080001f7   Thumb Code     0  startup_stm32f103xe.o(.text)
    TIM4_IRQHandler                          0x080001f7   Thumb Code     0  startup_stm32f103xe.o(.text)
    TIM5_IRQHandler                          0x080001f7   Thumb Code     0  startup_stm32f103xe.o(.text)
    TIM6_IRQHandler                          0x080001f7   Thumb Code     0  startup_stm32f103xe.o(.text)
    TIM7_IRQHandler                          0x080001f7   Thumb Code     0  startup_stm32f103xe.o(.text)
    TIM8_BRK_IRQHandler                      0x080001f7   Thumb Code     0  startup_stm32f103xe.o(.text)
    TIM8_CC_IRQHandler                       0x080001f7   Thumb Code     0  startup_stm32f103xe.o(.text)
    TIM8_TRG_COM_IRQHandler                  0x080001f7   Thumb Code     0  startup_stm32f103xe.o(.text)
    UART5_IRQHandler                         0x080001f7   Thumb Code     0  startup_stm32f103xe.o(.text)
    USBWakeUp_IRQHandler                     0x080001f7   Thumb Code     0  startup_stm32f103xe.o(.text)
    USB_HP_CAN1_TX_IRQHandler                0x080001f7   Thumb Code     0  startup_stm32f103xe.o(.text)
    USB_LP_CAN1_RX0_IRQHandler               0x080001f7   Thumb Code     0  startup_stm32f103xe.o(.text)
    WWDG_IRQHandler                          0x080001f7   Thumb Code     0  startup_stm32f103xe.o(.text)
    __aeabi_llsr                             0x08000201   Thumb Code    32  llushr.o(.text)
    _ll_ushift_r                             0x08000201   Thumb Code     0  llushr.o(.text)
    __aeabi_memcpy                           0x08000221   Thumb Code    36  memcpya.o(.text)
    __aeabi_memcpy4                          0x08000221   Thumb Code     0  memcpya.o(.text)
    __aeabi_memcpy8                          0x08000221   Thumb Code     0  memcpya.o(.text)
    __aeabi_memset                           0x08000245   Thumb Code    14  memseta.o(.text)
    __aeabi_memset4                          0x08000245   Thumb Code     0  memseta.o(.text)
    __aeabi_memset8                          0x08000245   Thumb Code     0  memseta.o(.text)
    __aeabi_memclr                           0x08000253   Thumb Code     4  memseta.o(.text)
    __aeabi_memclr4                          0x08000253   Thumb Code     0  memseta.o(.text)
    __aeabi_memclr8                          0x08000253   Thumb Code     0  memseta.o(.text)
    memset                                   0x08000257   Thumb Code    18  memseta.o(.text)
    __aeabi_dadd                             0x08000269   Thumb Code   322  dadd.o(.text)
    __aeabi_dsub                             0x080003ab   Thumb Code     6  dadd.o(.text)
    __aeabi_drsub                            0x080003b1   Thumb Code     6  dadd.o(.text)
    __aeabi_ddiv                             0x080003b7   Thumb Code   222  ddiv.o(.text)
    __aeabi_i2f                              0x08000495   Thumb Code    18  fflti.o(.text)
    __aeabi_i2d                              0x080004a7   Thumb Code    34  dflti.o(.text)
    __aeabi_f2d                              0x080004c9   Thumb Code    38  f2d.o(.text)
    __aeabi_cdcmpeq                          0x080004f1   Thumb Code     0  cdcmple.o(.text)
    __aeabi_cdcmple                          0x080004f1   Thumb Code    48  cdcmple.o(.text)
    __aeabi_cdrcmple                         0x08000521   Thumb Code    48  cdrcmple.o(.text)
    __aeabi_d2f                              0x08000551   Thumb Code    56  d2f.o(.text)
    __aeabi_llsl                             0x08000589   Thumb Code    30  llshl.o(.text)
    _ll_shift_l                              0x08000589   Thumb Code     0  llshl.o(.text)
    __aeabi_lasr                             0x080005a7   Thumb Code    36  llsshr.o(.text)
    _ll_sshift_r                             0x080005a7   Thumb Code     0  llsshr.o(.text)
    __I$use$fp                               0x080005cb   Thumb Code     0  iusefp.o(.text)
    _float_round                             0x080005cb   Thumb Code    18  fepilogue.o(.text)
    _float_epilogue                          0x080005dd   Thumb Code    92  fepilogue.o(.text)
    _double_round                            0x08000639   Thumb Code    30  depilogue.o(.text)
    _double_epilogue                         0x08000657   Thumb Code   156  depilogue.o(.text)
    __scatterload                            0x080006f5   Thumb Code    28  init.o(.text)
    __scatterload_rt2                        0x080006f5   Thumb Code     0  init.o(.text)
    ADC_ConversionStop_Disable               0x08000719   Thumb Code    76  stm32f1xx_hal_adc.o(i.ADC_ConversionStop_Disable)
    ADC_DMAConvCplt                          0x08000765   Thumb Code    78  stm32f1xx_hal_adc.o(i.ADC_DMAConvCplt)
    ADC_DMAError                             0x080007b3   Thumb Code    26  stm32f1xx_hal_adc.o(i.ADC_DMAError)
    ADC_DMAHalfConvCplt                      0x080007cd   Thumb Code    10  stm32f1xx_hal_adc.o(i.ADC_DMAHalfConvCplt)
    ADC_Enable                               0x080007d9   Thumb Code   104  stm32f1xx_hal_adc.o(i.ADC_Enable)
    BusFault_Handler                         0x08000849   Thumb Code     2  stm32f1xx_it.o(i.BusFault_Handler)
    Csro_Auto_Run                            0x0800084b   Thumb Code    14  csro_autorun.o(i.Csro_Auto_Run)
    Csro_Control_init                        0x08000859   Thumb Code   186  csro_autorun.o(i.Csro_Control_init)
    Csro_Smart_Control                       0x08000929   Thumb Code    18  csro_control.o(i.Csro_Smart_Control)
    Csro_Stepper_Set_Position                0x0800093d   Thumb Code   126  csro_stepper.o(i.Csro_Stepper_Set_Position)
    DMA1_Channel1_IRQHandler                 0x080009c5   Thumb Code     6  stm32f1xx_it.o(i.DMA1_Channel1_IRQHandler)
    DMA1_Channel2_IRQHandler                 0x080009d1   Thumb Code     6  stm32f1xx_it.o(i.DMA1_Channel2_IRQHandler)
    DMA1_Channel3_IRQHandler                 0x080009dd   Thumb Code     6  stm32f1xx_it.o(i.DMA1_Channel3_IRQHandler)
    DMA1_Channel4_IRQHandler                 0x080009e9   Thumb Code     6  stm32f1xx_it.o(i.DMA1_Channel4_IRQHandler)
    DMA1_Channel5_IRQHandler                 0x080009f5   Thumb Code     6  stm32f1xx_it.o(i.DMA1_Channel5_IRQHandler)
    DMA1_Channel6_IRQHandler                 0x08000a01   Thumb Code     6  stm32f1xx_it.o(i.DMA1_Channel6_IRQHandler)
    DMA1_Channel7_IRQHandler                 0x08000a0d   Thumb Code     6  stm32f1xx_it.o(i.DMA1_Channel7_IRQHandler)
    DMA2_Channel3_IRQHandler                 0x08000a19   Thumb Code     6  stm32f1xx_it.o(i.DMA2_Channel3_IRQHandler)
    DMA2_Channel4_5_IRQHandler               0x08000a25   Thumb Code     6  stm32f1xx_it.o(i.DMA2_Channel4_5_IRQHandler)
    DebugMon_Handler                         0x08000a5b   Thumb Code     2  stm32f1xx_it.o(i.DebugMon_Handler)
    Error_Handler                            0x08000a5d   Thumb Code     2  main.o(i.Error_Handler)
    HAL_ADCEx_Calibration_Start              0x08000b15   Thumb Code   194  stm32f1xx_hal_adc_ex.o(i.HAL_ADCEx_Calibration_Start)
    HAL_ADC_ConfigChannel                    0x08000bdd   Thumb Code   240  stm32f1xx_hal_adc.o(i.HAL_ADC_ConfigChannel)
    HAL_ADC_ConvCpltCallback                 0x08000cd9   Thumb Code     2  stm32f1xx_hal_adc.o(i.HAL_ADC_ConvCpltCallback)
    HAL_ADC_ConvHalfCpltCallback             0x08000cdb   Thumb Code     2  stm32f1xx_hal_adc.o(i.HAL_ADC_ConvHalfCpltCallback)
    HAL_ADC_ErrorCallback                    0x08000cdd   Thumb Code     2  stm32f1xx_hal_adc.o(i.HAL_ADC_ErrorCallback)
    HAL_ADC_Init                             0x08000ce1   Thumb Code   272  stm32f1xx_hal_adc.o(i.HAL_ADC_Init)
    HAL_ADC_MspInit                          0x08000e01   Thumb Code   152  adc.o(i.HAL_ADC_MspInit)
    HAL_ADC_Start_DMA                        0x08000eb1   Thumb Code   246  stm32f1xx_hal_adc.o(i.HAL_ADC_Start_DMA)
    HAL_DAC_ConfigChannel                    0x08000fbd   Thumb Code    78  stm32f1xx_hal_dac.o(i.HAL_DAC_ConfigChannel)
    HAL_DAC_Init                             0x0800100b   Thumb Code    40  stm32f1xx_hal_dac.o(i.HAL_DAC_Init)
    HAL_DAC_MspInit                          0x08001035   Thumb Code    76  dac.o(i.HAL_DAC_MspInit)
    HAL_DAC_SetValue                         0x0800108d   Thumb Code    26  stm32f1xx_hal_dac.o(i.HAL_DAC_SetValue)
    HAL_DAC_Start                            0x080010a7   Thumb Code    92  stm32f1xx_hal_dac.o(i.HAL_DAC_Start)
    HAL_DMA_Abort                            0x08001103   Thumb Code    70  stm32f1xx_hal_dma.o(i.HAL_DMA_Abort)
    HAL_DMA_Abort_IT                         0x08001149   Thumb Code   296  stm32f1xx_hal_dma.o(i.HAL_DMA_Abort_IT)
    HAL_DMA_IRQHandler                       0x08001279   Thumb Code   552  stm32f1xx_hal_dma.o(i.HAL_DMA_IRQHandler)
    HAL_DMA_Init                             0x080014c1   Thumb Code   112  stm32f1xx_hal_dma.o(i.HAL_DMA_Init)
    HAL_DMA_Start_IT                         0x0800153d   Thumb Code   112  stm32f1xx_hal_dma.o(i.HAL_DMA_Start_IT)
    HAL_GPIO_Init                            0x080015ad   Thumb Code   462  stm32f1xx_hal_gpio.o(i.HAL_GPIO_Init)
    HAL_GPIO_TogglePin                       0x080017a5   Thumb Code    14  stm32f1xx_hal_gpio.o(i.HAL_GPIO_TogglePin)
    HAL_GPIO_WritePin                        0x080017b3   Thumb Code    10  stm32f1xx_hal_gpio.o(i.HAL_GPIO_WritePin)
    HAL_GetTick                              0x080017bd   Thumb Code     6  stm32f1xx_hal.o(i.HAL_GetTick)
    HAL_IncTick                              0x080017c9   Thumb Code    12  stm32f1xx_hal.o(i.HAL_IncTick)
    HAL_Init                                 0x080017d9   Thumb Code    32  stm32f1xx_hal.o(i.HAL_Init)
    HAL_InitTick                             0x080017fd   Thumb Code    98  stm32f1xx_hal_timebase_tim.o(i.HAL_InitTick)
    HAL_MspInit                              0x08001871   Thumb Code    62  stm32f1xx_hal_msp.o(i.HAL_MspInit)
    HAL_NVIC_EnableIRQ                       0x080018b9   Thumb Code    26  stm32f1xx_hal_cortex.o(i.HAL_NVIC_EnableIRQ)
    HAL_NVIC_SetPriority                     0x080018d5   Thumb Code    60  stm32f1xx_hal_cortex.o(i.HAL_NVIC_SetPriority)
    HAL_NVIC_SetPriorityGrouping             0x08001915   Thumb Code    26  stm32f1xx_hal_cortex.o(i.HAL_NVIC_SetPriorityGrouping)
    HAL_RCCEx_GetPeriphCLKFreq               0x08001939   Thumb Code   180  stm32f1xx_hal_rcc_ex.o(i.HAL_RCCEx_GetPeriphCLKFreq)
    HAL_RCCEx_PeriphCLKConfig                0x08001a0d   Thumb Code   224  stm32f1xx_hal_rcc_ex.o(i.HAL_RCCEx_PeriphCLKConfig)
    HAL_RCC_ClockConfig                      0x08001af9   Thumb Code   280  stm32f1xx_hal_rcc.o(i.HAL_RCC_ClockConfig)
    HAL_RCC_GetClockConfig                   0x08001c25   Thumb Code    54  stm32f1xx_hal_rcc.o(i.HAL_RCC_GetClockConfig)
    HAL_RCC_GetPCLK1Freq                     0x08001c65   Thumb Code    20  stm32f1xx_hal_rcc.o(i.HAL_RCC_GetPCLK1Freq)
    HAL_RCC_GetPCLK2Freq                     0x08001c85   Thumb Code    20  stm32f1xx_hal_rcc.o(i.HAL_RCC_GetPCLK2Freq)
    HAL_RCC_GetSysClockFreq                  0x08001ca5   Thumb Code    74  stm32f1xx_hal_rcc.o(i.HAL_RCC_GetSysClockFreq)
    HAL_RCC_OscConfig                        0x08001d11   Thumb Code   778  stm32f1xx_hal_rcc.o(i.HAL_RCC_OscConfig)
    HAL_TIMEx_BreakCallback                  0x08002031   Thumb Code     2  stm32f1xx_hal_tim_ex.o(i.HAL_TIMEx_BreakCallback)
    HAL_TIMEx_CommutCallback                 0x08002033   Thumb Code     2  stm32f1xx_hal_tim_ex.o(i.HAL_TIMEx_CommutCallback)
    HAL_TIMEx_MasterConfigSynchronization    0x08002035   Thumb Code    66  stm32f1xx_hal_tim_ex.o(i.HAL_TIMEx_MasterConfigSynchronization)
    HAL_TIM_Base_Init                        0x08002077   Thumb Code    54  stm32f1xx_hal_tim.o(i.HAL_TIM_Base_Init)
    HAL_TIM_Base_MspInit                     0x080020ad   Thumb Code    30  tim.o(i.HAL_TIM_Base_MspInit)
    HAL_TIM_Base_Start_IT                    0x080020d1   Thumb Code    34  stm32f1xx_hal_tim.o(i.HAL_TIM_Base_Start_IT)
    HAL_TIM_ConfigClockSource                0x080020f3   Thumb Code   214  stm32f1xx_hal_tim.o(i.HAL_TIM_ConfigClockSource)
    HAL_TIM_IC_CaptureCallback               0x080021c9   Thumb Code     2  stm32f1xx_hal_tim.o(i.HAL_TIM_IC_CaptureCallback)
    HAL_TIM_IRQHandler                       0x080021cb   Thumb Code   358  stm32f1xx_hal_tim.o(i.HAL_TIM_IRQHandler)
    HAL_TIM_MspPostInit                      0x08002331   Thumb Code   114  tim.o(i.HAL_TIM_MspPostInit)
    HAL_TIM_OC_DelayElapsedCallback          0x080023b5   Thumb Code     2  stm32f1xx_hal_tim.o(i.HAL_TIM_OC_DelayElapsedCallback)
    HAL_TIM_PWM_ConfigChannel                0x080023b7   Thumb Code   208  stm32f1xx_hal_tim.o(i.HAL_TIM_PWM_ConfigChannel)
    HAL_TIM_PWM_Init                         0x08002487   Thumb Code    54  stm32f1xx_hal_tim.o(i.HAL_TIM_PWM_Init)
    HAL_TIM_PWM_MspInit                      0x080024bd   Thumb Code     2  stm32f1xx_hal_tim.o(i.HAL_TIM_PWM_MspInit)
    HAL_TIM_PWM_PulseFinishedCallback        0x080024bf   Thumb Code     2  stm32f1xx_hal_tim.o(i.HAL_TIM_PWM_PulseFinishedCallback)
    HAL_TIM_PWM_Start                        0x080024c1   Thumb Code    58  stm32f1xx_hal_tim.o(i.HAL_TIM_PWM_Start)
    HAL_TIM_PeriodElapsedCallback            0x08002505   Thumb Code    14  main.o(i.HAL_TIM_PeriodElapsedCallback)
    HAL_TIM_TriggerCallback                  0x08002519   Thumb Code     2  stm32f1xx_hal_tim.o(i.HAL_TIM_TriggerCallback)
    HAL_UART_DMAStop                         0x0800251b   Thumb Code    88  stm32f1xx_hal_uart.o(i.HAL_UART_DMAStop)
    HAL_UART_ErrorCallback                   0x08002573   Thumb Code     2  stm32f1xx_hal_uart.o(i.HAL_UART_ErrorCallback)
    HAL_UART_IRQHandler                      0x08002575   Thumb Code   266  stm32f1xx_hal_uart.o(i.HAL_UART_IRQHandler)
    HAL_UART_Init                            0x08002685   Thumb Code    98  stm32f1xx_hal_uart.o(i.HAL_UART_Init)
    HAL_UART_MspInit                         0x080026e9   Thumb Code   848  usart.o(i.HAL_UART_MspInit)
    HAL_UART_Receive_DMA                     0x08002a6d   Thumb Code   138  stm32f1xx_hal_uart.o(i.HAL_UART_Receive_DMA)
    HAL_UART_RxCpltCallback                  0x08002b05   Thumb Code     2  stm32f1xx_hal_uart.o(i.HAL_UART_RxCpltCallback)
    HAL_UART_RxHalfCpltCallback              0x08002b07   Thumb Code     2  stm32f1xx_hal_uart.o(i.HAL_UART_RxHalfCpltCallback)
    HAL_UART_Transmit_DMA                    0x08002b09   Thumb Code   114  stm32f1xx_hal_uart.o(i.HAL_UART_Transmit_DMA)
    HAL_UART_TxCpltCallback                  0x08002b89   Thumb Code    32  stm32f1xx_it.o(i.HAL_UART_TxCpltCallback)
    HAL_UART_TxHalfCpltCallback              0x08002bb5   Thumb Code     2  stm32f1xx_hal_uart.o(i.HAL_UART_TxHalfCpltCallback)
    HardFault_Handler                        0x08002bb7   Thumb Code     2  stm32f1xx_it.o(i.HardFault_Handler)
    MX_ADC1_Init                             0x08002bb9   Thumb Code   258  adc.o(i.MX_ADC1_Init)
    MX_DAC_Init                              0x08002cc5   Thumb Code    66  dac.o(i.MX_DAC_Init)
    MX_DMA_Init                              0x08002d11   Thumb Code   184  dma.o(i.MX_DMA_Init)
    MX_FREERTOS_Init                         0x08002dcd   Thumb Code   162  freertos.o(i.MX_FREERTOS_Init)
    MX_GPIO_Init                             0x08002e79   Thumb Code   304  gpio.o(i.MX_GPIO_Init)
    MX_TIM2_Init                             0x08002fc1   Thumb Code   196  tim.o(i.MX_TIM2_Init)
    MX_UART4_Init                            0x08003089   Thumb Code    48  usart.o(i.MX_UART4_Init)
    MX_USART1_UART_Init                      0x080030c1   Thumb Code    48  usart.o(i.MX_USART1_UART_Init)
    MX_USART2_UART_Init                      0x080030f9   Thumb Code    48  usart.o(i.MX_USART2_UART_Init)
    MX_USART3_UART_Init                      0x08003131   Thumb Code    48  usart.o(i.MX_USART3_UART_Init)
    MemManage_Handler                        0x08003169   Thumb Code     2  stm32f1xx_it.o(i.MemManage_Handler)
    NMI_Handler                              0x0800316b   Thumb Code     2  stm32f1xx_it.o(i.NMI_Handler)
    SysTick_Handler                          0x0800316d   Thumb Code    38  port.o(i.SysTick_Handler)
    SystemClock_Config                       0x08003199   Thumb Code    96  main.o(i.SystemClock_Config)
    SystemInit                               0x080031f9   Thumb Code    56  system_stm32f1xx.o(i.SystemInit)
    TIM8_UP_IRQHandler                       0x08003241   Thumb Code     6  stm32f1xx_it.o(i.TIM8_UP_IRQHandler)
    TIM_Base_SetConfig                       0x0800324d   Thumb Code   120  stm32f1xx_hal_tim.o(i.TIM_Base_SetConfig)
    TIM_CCxChannelCmd                        0x080032d9   Thumb Code    26  stm32f1xx_hal_tim.o(i.TIM_CCxChannelCmd)
    TIM_ETR_SetConfig                        0x080032f3   Thumb Code    20  stm32f1xx_hal_tim.o(i.TIM_ETR_SetConfig)
    TIM_OC2_SetConfig                        0x08003379   Thumb Code    98  stm32f1xx_hal_tim.o(i.TIM_OC2_SetConfig)
    UART4_IRQHandler                         0x080034e5   Thumb Code     6  stm32f1xx_it.o(i.UART4_IRQHandler)
    USART1_IRQHandler                        0x080037a9   Thumb Code    20  stm32f1xx_it.o(i.USART1_IRQHandler)
    USART2_IRQHandler                        0x080037c5   Thumb Code    20  stm32f1xx_it.o(i.USART2_IRQHandler)
    USART3_IRQHandler                        0x080037e1   Thumb Code    20  stm32f1xx_it.o(i.USART3_IRQHandler)
    UsageFault_Handler                       0x080037fd   Thumb Code     2  stm32f1xx_it.o(i.UsageFault_Handler)
    __scatterload_copy                       0x0800381f   Thumb Code    14  handlers.o(i.__scatterload_copy)
    __scatterload_null                       0x0800382d   Thumb Code     2  handlers.o(i.__scatterload_null)
    __scatterload_zeroinit                   0x0800382f   Thumb Code    14  handlers.o(i.__scatterload_zeroinit)
    csro_fan_auto_control                    0x080039a1   Thumb Code   196  csro_control.o(i.csro_fan_auto_control)
    csro_master_aqi_init                     0x08003add   Thumb Code    86  mb_master_aqi.o(i.csro_master_aqi_init)
    csro_master_aqi_read_task                0x08003b55   Thumb Code    72  mb_master_aqi.o(i.csro_master_aqi_read_task)
    csro_master_cps_init                     0x08003ba5   Thumb Code    90  mb_master_cps.o(i.csro_master_cps_init)
    csro_master_cps_read_write_task          0x08003c21   Thumb Code   184  mb_master_cps.o(i.csro_master_cps_read_write_task)
    csro_slave_hmi_init                      0x08003ce1   Thumb Code   136  mb_slave_hmi.o(i.csro_slave_hmi_init)
    csro_slave_hmi_wait_cmd                  0x08003d8d   Thumb Code    52  mb_slave_hmi.o(i.csro_slave_hmi_wait_cmd)
    main                                     0x08003e95   Thumb Code    54  main.o(i.main)
    master_aqi_send_receive                  0x08003ed9   Thumb Code   142  mb_master_aqi.o(i.master_aqi_send_receive)
    master_aqi_set_rx                        0x08003f75   Thumb Code    12  mb_master_aqi.o(i.master_aqi_set_rx)
    master_aqi_set_tx                        0x08003f85   Thumb Code    12  mb_master_aqi.o(i.master_aqi_set_tx)
    master_aqi_uart_idle                     0x08003f95   Thumb Code    56  mb_master_aqi.o(i.master_aqi_uart_idle)
    master_aqi_uart_idle_timeout_callback    0x08003fd5   Thumb Code    32  mb_master_aqi.o(i.master_aqi_uart_idle_timeout_callback)
    master_cps_send_receive                  0x08003ffd   Thumb Code   142  mb_master_cps.o(i.master_cps_send_receive)
    master_cps_set_rx                        0x08004099   Thumb Code    12  mb_master_cps.o(i.master_cps_set_rx)
    master_cps_set_tx                        0x080040a9   Thumb Code    12  mb_master_cps.o(i.master_cps_set_tx)
    master_cps_uart_idle                     0x080040b9   Thumb Code    56  mb_master_cps.o(i.master_cps_uart_idle)
    master_cps_uart_idle_timeout_callback    0x080040f9   Thumb Code    32  mb_master_cps.o(i.master_cps_uart_idle_timeout_callback)
    master_crc16                             0x08004121   Thumb Code    52  mb_crc.o(i.master_crc16)
    master_read_holding_regs                 0x08004159   Thumb Code   130  mb_master.o(i.master_read_holding_regs)
    master_write_multi_holding_regs          0x08004229   Thumb Code   174  mb_master.o(i.master_write_multi_holding_regs)
    osDelay                                  0x080042d7   Thumb Code    14  cmsis_os.o(i.osDelay)
    osKernelStart                            0x080042e5   Thumb Code    10  cmsis_os.o(i.osKernelStart)
    osSemaphoreCreate                        0x080042ef   Thumb Code    38  cmsis_os.o(i.osSemaphoreCreate)
    osSemaphoreRelease                       0x08004315   Thumb Code    74  cmsis_os.o(i.osSemaphoreRelease)
    osSemaphoreWait                          0x08004365   Thumb Code    96  cmsis_os.o(i.osSemaphoreWait)
    osThreadCreate                           0x080043c9   Thumb Code    46  cmsis_os.o(i.osThreadCreate)
    osTimerCreate                            0x080043f9   Thumb Code    30  cmsis_os.o(i.osTimerCreate)
    osTimerStart                             0x0800441d   Thumb Code    88  cmsis_os.o(i.osTimerStart)
    pvPortMalloc                             0x08004b65   Thumb Code   210  heap_4.o(i.pvPortMalloc)
    pvTaskIncrementMutexHeldCount            0x08004c3d   Thumb Code    18  tasks.o(i.pvTaskIncrementMutexHeldCount)
    pxPortInitialiseStack                    0x08004c55   Thumb Code    32  port.o(i.pxPortInitialiseStack)
    slave_crc16                              0x08004c79   Thumb Code    52  mb_crc.o(i.slave_crc16)
    slave_handle_cmd                         0x08004cb1   Thumb Code   208  mb_slave.o(i.slave_handle_cmd)
    slave_hmi_reply                          0x08004d81   Thumb Code    78  mb_slave_hmi.o(i.slave_hmi_reply)
    slave_hmi_set_rx                         0x08004dd5   Thumb Code    12  mb_slave_hmi.o(i.slave_hmi_set_rx)
    slave_hmi_set_tx                         0x08004de5   Thumb Code    12  mb_slave_hmi.o(i.slave_hmi_set_tx)
    slave_hmi_uart_idle                      0x08004df5   Thumb Code    54  mb_slave_hmi.o(i.slave_hmi_uart_idle)
    slave_hmi_write_coils_callback           0x08004e35   Thumb Code   116  mb_slave_hmi.o(i.slave_hmi_write_coils_callback)
    slave_hmi_write_holdings_callback        0x08004ead   Thumb Code   114  mb_slave_hmi.o(i.slave_hmi_write_holdings_callback)
    task01_most_important_task               0x080053b1   Thumb Code    12  freertos.o(i.task01_most_important_task)
    task02_cps_read_write_task               0x080053bd   Thumb Code    22  freertos.o(i.task02_cps_read_write_task)
    task03_hmi_wait_cmd_task                 0x080053d9   Thumb Code    14  freertos.o(i.task03_hmi_wait_cmd_task)
    task04_aqi_read_task                     0x080053ed   Thumb Code    22  freertos.o(i.task04_aqi_read_task)
    task05_pwm_adc_dac_gpio_task             0x08005409   Thumb Code    16  freertos.o(i.task05_pwm_adc_dac_gpio_task)
    task06_stepper_task                      0x08005419   Thumb Code    24  freertos.o(i.task06_stepper_task)
    task07_misc_func_task                    0x08005435   Thumb Code    22  freertos.o(i.task07_misc_func_task)
    uxListRemove                             0x08005451   Thumb Code    38  list.o(i.uxListRemove)
    vListInitialise                          0x08005477   Thumb Code    22  list.o(i.vListInitialise)
    vListInitialiseItem                      0x0800548d   Thumb Code     6  list.o(i.vListInitialiseItem)
    vListInsert                              0x08005493   Thumb Code    48  list.o(i.vListInsert)
    vListInsertEnd                           0x080054c3   Thumb Code    24  list.o(i.vListInsertEnd)
    vPortEnterCritical                       0x080054dd   Thumb Code    54  port.o(i.vPortEnterCritical)
    vPortExitCritical                        0x0800551d   Thumb Code    34  port.o(i.vPortExitCritical)
    vPortFree                                0x08005545   Thumb Code    88  heap_4.o(i.vPortFree)
    vPortSetupTimerInterrupt                 0x080055a1   Thumb Code    32  port.o(i.vPortSetupTimerInterrupt)
    vPortValidateInterruptPriority           0x080055c5   Thumb Code    74  port.o(i.vPortValidateInterruptPriority)
    vQueueAddToRegistry                      0x08005619   Thumb Code    34  queue.o(i.vQueueAddToRegistry)
    vQueueWaitForMessageRestricted           0x08005641   Thumb Code    68  queue.o(i.vQueueWaitForMessageRestricted)
    vTaskDelay                               0x08005685   Thumb Code    66  tasks.o(i.vTaskDelay)
    vTaskInternalSetTimeOutState             0x080056d1   Thumb Code    12  tasks.o(i.vTaskInternalSetTimeOutState)
    vTaskMissedYield                         0x080056e1   Thumb Code     8  tasks.o(i.vTaskMissedYield)
    vTaskPlaceOnEventList                    0x080056ed   Thumb Code    44  tasks.o(i.vTaskPlaceOnEventList)
    vTaskPlaceOnEventListRestricted          0x0800571d   Thumb Code    52  tasks.o(i.vTaskPlaceOnEventListRestricted)
    vTaskPriorityDisinheritAfterTimeout      0x08005755   Thumb Code   160  tasks.o(i.vTaskPriorityDisinheritAfterTimeout)
    vTaskStartScheduler                      0x080057fd   Thumb Code    94  tasks.o(i.vTaskStartScheduler)
    vTaskSuspendAll                          0x0800586d   Thumb Code    10  tasks.o(i.vTaskSuspendAll)
    vTaskSwitchContext                       0x0800587d   Thumb Code    82  tasks.o(i.vTaskSwitchContext)
    xPortStartScheduler                      0x080058d9   Thumb Code   154  port.o(i.xPortStartScheduler)
    xQueueGenericCreate                      0x08005981   Thumb Code    72  queue.o(i.xQueueGenericCreate)
    xQueueGenericReset                       0x080059c9   Thumb Code   132  queue.o(i.xQueueGenericReset)
    xQueueGenericSend                        0x08005a51   Thumb Code   346  queue.o(i.xQueueGenericSend)
    xQueueGenericSendFromISR                 0x08005bb1   Thumb Code   188  queue.o(i.xQueueGenericSendFromISR)
    xQueueGiveFromISR                        0x08005c6d   Thumb Code   156  queue.o(i.xQueueGiveFromISR)
    xQueueReceive                            0x08005d09   Thumb Code   308  queue.o(i.xQueueReceive)
    xQueueReceiveFromISR                     0x08005e41   Thumb Code   154  queue.o(i.xQueueReceiveFromISR)
    xQueueSemaphoreTake                      0x08005edd   Thumb Code   372  queue.o(i.xQueueSemaphoreTake)
    xTaskCheckForTimeOut                     0x08006055   Thumb Code   112  tasks.o(i.xTaskCheckForTimeOut)
    xTaskCreate                              0x080060c9   Thumb Code    86  tasks.o(i.xTaskCreate)
    xTaskGetSchedulerState                   0x08006121   Thumb Code    22  tasks.o(i.xTaskGetSchedulerState)
    xTaskGetTickCount                        0x0800613d   Thumb Code     6  tasks.o(i.xTaskGetTickCount)
    xTaskIncrementTick                       0x08006149   Thumb Code   192  tasks.o(i.xTaskIncrementTick)
    xTaskPriorityDisinherit                  0x08006211   Thumb Code   144  tasks.o(i.xTaskPriorityDisinherit)
    xTaskPriorityInherit                     0x080062a9   Thumb Code   138  tasks.o(i.xTaskPriorityInherit)
    xTaskRemoveFromEventList                 0x0800633d   Thumb Code   108  tasks.o(i.xTaskRemoveFromEventList)
    xTaskResumeAll                           0x080063b1   Thumb Code   182  tasks.o(i.xTaskResumeAll)
    xTimerCreate                             0x08006475   Thumb Code    78  timers.o(i.xTimerCreate)
    xTimerCreateTimerTask                    0x080064c5   Thumb Code    56  timers.o(i.xTimerCreateTimerTask)
    xTimerGenericCommand                     0x0800650d   Thumb Code    92  timers.o(i.xTimerGenericCommand)
    AHBPrescTable                            0x080065f8   Data          16  system_stm32f1xx.o(.constdata)
    APBPrescTable                            0x08006608   Data           8  system_stm32f1xx.o(.constdata)
    Region$$Table$$Base                      0x08006850   Number         0  anon$$obj.o(Region$$Table)
    Region$$Table$$Limit                     0x08006870   Number         0  anon$$obj.o(Region$$Table)
    task01Handle                             0x20000000   Data           4  freertos.o(.data)
    task02Handle                             0x20000004   Data           4  freertos.o(.data)
    task03Handle                             0x20000008   Data           4  freertos.o(.data)
    task04Handle                             0x2000000c   Data           4  freertos.o(.data)
    task05Handle                             0x20000010   Data           4  freertos.o(.data)
    task06Handle                             0x20000014   Data           4  freertos.o(.data)
    task07Handle                             0x20000018   Data           4  freertos.o(.data)
    uwTickFreq                               0x2000001c   Data           1  stm32f1xx_hal.o(.data)
    uwTickPrio                               0x20000020   Data           4  stm32f1xx_hal.o(.data)
    uwTick                                   0x20000024   Data           4  stm32f1xx_hal.o(.data)
    SystemCoreClock                          0x20000028   Data           4  system_stm32f1xx.o(.data)
    pxCurrentTCB                             0x2000002c   Data           4  tasks.o(.data)
    position                                 0x200000b6   Data           2  csro_stepper.o(.data)
    phase                                    0x200000b8   Data           2  csro_stepper.o(.data)
    hadc1                                    0x200000bc   Data          48  adc.o(.bss)
    hdma_adc1                                0x200000ec   Data          68  adc.o(.bss)
    hdac                                     0x20000130   Data          20  dac.o(.bss)
    htim2                                    0x20000144   Data          64  tim.o(.bss)
    huart4                                   0x20000184   Data          64  usart.o(.bss)
    huart1                                   0x200001c4   Data          64  usart.o(.bss)
    huart2                                   0x20000204   Data          64  usart.o(.bss)
    huart3                                   0x20000244   Data          64  usart.o(.bss)
    hdma_uart4_rx                            0x20000284   Data          68  usart.o(.bss)
    hdma_uart4_tx                            0x200002c8   Data          68  usart.o(.bss)
    hdma_usart1_rx                           0x2000030c   Data          68  usart.o(.bss)
    hdma_usart1_tx                           0x20000350   Data          68  usart.o(.bss)
    hdma_usart2_rx                           0x20000394   Data          68  usart.o(.bss)
    hdma_usart2_tx                           0x200003d8   Data          68  usart.o(.bss)
    hdma_usart3_rx                           0x2000041c   Data          68  usart.o(.bss)
    hdma_usart3_tx                           0x20000460   Data          68  usart.o(.bss)
    htim8                                    0x200004a4   Data          64  stm32f1xx_hal_timebase_tim.o(.bss)
    xQueueRegistry                           0x200004e4   Data          64  queue.o(.bss)
    master_aqi                               0x2000563c   Data        1080  mb_master_aqi.o(.bss)
    master_cps                               0x20005a74   Data        1080  mb_master_cps.o(.bss)
    slave_hmi                                0x20005eac   Data        1088  mb_slave_hmi.o(.bss)
    sys_regs                                 0x200062ec   Data        2048  mb_slave_hmi.o(.bss)
    adc_data                                 0x20006aec   Data         400  csro_autorun.o(.bss)
    __initial_sp                             0x20007480   Data           0  startup_stm32f103xe.o(STACK)



==============================================================================

Memory Map of the image

  Image Entry point : 0x08000131

  Load Region LR_IROM1 (Base: 0x08000000, Size: 0x0000692c, Max: 0x00080000, ABSOLUTE)

    Execution Region ER_IROM1 (Exec base: 0x08000000, Load base: 0x08000000, Size: 0x00006870, Max: 0x00080000, ABSOLUTE)

    Exec Addr    Load Addr    Size         Type   Attr      Idx    E Section Name        Object

    0x08000000   0x08000000   0x00000130   Data   RO            3    RESET               startup_stm32f103xe.o
    0x08000130   0x08000130   0x00000000   Code   RO         5425  * .ARM.Collect$$$$00000000  mc_w.l(entry.o)
    0x08000130   0x08000130   0x00000004   Code   RO         5464    .ARM.Collect$$$$00000001  mc_w.l(entry2.o)
    0x08000134   0x08000134   0x00000004   Code   RO         5467    .ARM.Collect$$$$00000004  mc_w.l(entry5.o)
    0x08000138   0x08000138   0x00000000   Code   RO         5469    .ARM.Collect$$$$00000008  mc_w.l(entry7b.o)
    0x08000138   0x08000138   0x00000000   Code   RO         5471    .ARM.Collect$$$$0000000A  mc_w.l(entry8b.o)
    0x08000138   0x08000138   0x00000008   Code   RO         5472    .ARM.Collect$$$$0000000B  mc_w.l(entry9a.o)
    0x08000140   0x08000140   0x00000000   Code   RO         5474    .ARM.Collect$$$$0000000D  mc_w.l(entry10a.o)
    0x08000140   0x08000140   0x00000000   Code   RO         5476    .ARM.Collect$$$$0000000F  mc_w.l(entry11a.o)
    0x08000140   0x08000140   0x00000004   Code   RO         5465    .ARM.Collect$$$$00002712  mc_w.l(entry2.o)
    0x08000144   0x08000144   0x00000096   Code   RO         4823    .emb_text           port.o
    0x080001da   0x080001da   0x00000002   PAD
    0x080001dc   0x080001dc   0x00000024   Code   RO            4    .text               startup_stm32f103xe.o
    0x08000200   0x08000200   0x00000020   Code   RO         5428    .text               mc_w.l(llushr.o)
    0x08000220   0x08000220   0x00000024   Code   RO         5430    .text               mc_w.l(memcpya.o)
    0x08000244   0x08000244   0x00000024   Code   RO         5434    .text               mc_w.l(memseta.o)
    0x08000268   0x08000268   0x0000014e   Code   RO         5442    .text               mf_w.l(dadd.o)
    0x080003b6   0x080003b6   0x000000de   Code   RO         5444    .text               mf_w.l(ddiv.o)
    0x08000494   0x08000494   0x00000012   Code   RO         5446    .text               mf_w.l(fflti.o)
    0x080004a6   0x080004a6   0x00000022   Code   RO         5450    .text               mf_w.l(dflti.o)
    0x080004c8   0x080004c8   0x00000026   Code   RO         5452    .text               mf_w.l(f2d.o)
    0x080004ee   0x080004ee   0x00000002   PAD
    0x080004f0   0x080004f0   0x00000030   Code   RO         5454    .text               mf_w.l(cdcmple.o)
    0x08000520   0x08000520   0x00000030   Code   RO         5456    .text               mf_w.l(cdrcmple.o)
    0x08000550   0x08000550   0x00000038   Code   RO         5458    .text               mf_w.l(d2f.o)
    0x08000588   0x08000588   0x0000001e   Code   RO         5478    .text               mc_w.l(llshl.o)
    0x080005a6   0x080005a6   0x00000024   Code   RO         5480    .text               mc_w.l(llsshr.o)
    0x080005ca   0x080005ca   0x00000000   Code   RO         5482    .text               mc_w.l(iusefp.o)
    0x080005ca   0x080005ca   0x0000006e   Code   RO         5483    .text               mf_w.l(fepilogue.o)
    0x08000638   0x08000638   0x000000ba   Code   RO         5485    .text               mf_w.l(depilogue.o)
    0x080006f2   0x080006f2   0x00000002   PAD
    0x080006f4   0x080006f4   0x00000024   Code   RO         5487    .text               mc_w.l(init.o)
    0x08000718   0x08000718   0x0000004c   Code   RO          795    i.ADC_ConversionStop_Disable  stm32f1xx_hal_adc.o
    0x08000764   0x08000764   0x0000004e   Code   RO          796    i.ADC_DMAConvCplt   stm32f1xx_hal_adc.o
    0x080007b2   0x080007b2   0x0000001a   Code   RO          797    i.ADC_DMAError      stm32f1xx_hal_adc.o
    0x080007cc   0x080007cc   0x0000000a   Code   RO          798    i.ADC_DMAHalfConvCplt  stm32f1xx_hal_adc.o
    0x080007d6   0x080007d6   0x00000002   PAD
    0x080007d8   0x080007d8   0x00000070   Code   RO          799    i.ADC_Enable        stm32f1xx_hal_adc.o
    0x08000848   0x08000848   0x00000002   Code   RO          548    i.BusFault_Handler  stm32f1xx_it.o
    0x0800084a   0x0800084a   0x0000000e   Code   RO         5390    i.Csro_Auto_Run     csro_autorun.o
    0x08000858   0x08000858   0x000000d0   Code   RO         5391    i.Csro_Control_init  csro_autorun.o
    0x08000928   0x08000928   0x00000012   Code   RO         5340    i.Csro_Smart_Control  csro_control.o
    0x0800093a   0x0800093a   0x00000002   PAD
    0x0800093c   0x0800093c   0x00000088   Code   RO         5308    i.Csro_Stepper_Set_Position  csro_stepper.o
    0x080009c4   0x080009c4   0x0000000c   Code   RO          549    i.DMA1_Channel1_IRQHandler  stm32f1xx_it.o
    0x080009d0   0x080009d0   0x0000000c   Code   RO          550    i.DMA1_Channel2_IRQHandler  stm32f1xx_it.o
    0x080009dc   0x080009dc   0x0000000c   Code   RO          551    i.DMA1_Channel3_IRQHandler  stm32f1xx_it.o
    0x080009e8   0x080009e8   0x0000000c   Code   RO          552    i.DMA1_Channel4_IRQHandler  stm32f1xx_it.o
    0x080009f4   0x080009f4   0x0000000c   Code   RO          553    i.DMA1_Channel5_IRQHandler  stm32f1xx_it.o
    0x08000a00   0x08000a00   0x0000000c   Code   RO          554    i.DMA1_Channel6_IRQHandler  stm32f1xx_it.o
    0x08000a0c   0x08000a0c   0x0000000c   Code   RO          555    i.DMA1_Channel7_IRQHandler  stm32f1xx_it.o
    0x08000a18   0x08000a18   0x0000000c   Code   RO          556    i.DMA2_Channel3_IRQHandler  stm32f1xx_it.o
    0x08000a24   0x08000a24   0x0000000c   Code   RO          557    i.DMA2_Channel4_5_IRQHandler  stm32f1xx_it.o
    0x08000a30   0x08000a30   0x0000002a   Code   RO         2931    i.DMA_SetConfig     stm32f1xx_hal_dma.o
    0x08000a5a   0x08000a5a   0x00000002   Code   RO          558    i.DebugMon_Handler  stm32f1xx_it.o
    0x08000a5c   0x08000a5c   0x00000002   Code   RO           13    i.Error_Handler     main.o
    0x08000a5e   0x08000a5e   0x00000002   PAD
    0x08000a60   0x08000a60   0x000000b4   Code   RO         5309    i.Excite_Phase      csro_stepper.o
    0x08000b14   0x08000b14   0x000000c8   Code   RO          975    i.HAL_ADCEx_Calibration_Start  stm32f1xx_hal_adc_ex.o
    0x08000bdc   0x08000bdc   0x000000fc   Code   RO          801    i.HAL_ADC_ConfigChannel  stm32f1xx_hal_adc.o
    0x08000cd8   0x08000cd8   0x00000002   Code   RO          802    i.HAL_ADC_ConvCpltCallback  stm32f1xx_hal_adc.o
    0x08000cda   0x08000cda   0x00000002   Code   RO          803    i.HAL_ADC_ConvHalfCpltCallback  stm32f1xx_hal_adc.o
    0x08000cdc   0x08000cdc   0x00000002   Code   RO          805    i.HAL_ADC_ErrorCallback  stm32f1xx_hal_adc.o
    0x08000cde   0x08000cde   0x00000002   PAD
    0x08000ce0   0x08000ce0   0x00000120   Code   RO          810    i.HAL_ADC_Init      stm32f1xx_hal_adc.o
    0x08000e00   0x08000e00   0x000000b0   Code   RO          241    i.HAL_ADC_MspInit   adc.o
    0x08000eb0   0x08000eb0   0x0000010c   Code   RO          817    i.HAL_ADC_Start_DMA  stm32f1xx_hal_adc.o
    0x08000fbc   0x08000fbc   0x0000004e   Code   RO         1074    i.HAL_DAC_ConfigChannel  stm32f1xx_hal_dac.o
    0x0800100a   0x0800100a   0x00000028   Code   RO         1084    i.HAL_DAC_Init      stm32f1xx_hal_dac.o
    0x08001032   0x08001032   0x00000002   PAD
    0x08001034   0x08001034   0x00000058   Code   RO          283    i.HAL_DAC_MspInit   dac.o
    0x0800108c   0x0800108c   0x0000001a   Code   RO         1087    i.HAL_DAC_SetValue  stm32f1xx_hal_dac.o
    0x080010a6   0x080010a6   0x0000005c   Code   RO         1088    i.HAL_DAC_Start     stm32f1xx_hal_dac.o
    0x08001102   0x08001102   0x00000046   Code   RO         2932    i.HAL_DMA_Abort     stm32f1xx_hal_dma.o
    0x08001148   0x08001148   0x00000130   Code   RO         2933    i.HAL_DMA_Abort_IT  stm32f1xx_hal_dma.o
    0x08001278   0x08001278   0x00000248   Code   RO         2937    i.HAL_DMA_IRQHandler  stm32f1xx_hal_dma.o
    0x080014c0   0x080014c0   0x0000007c   Code   RO         2938    i.HAL_DMA_Init      stm32f1xx_hal_dma.o
    0x0800153c   0x0800153c   0x00000070   Code   RO         2942    i.HAL_DMA_Start_IT  stm32f1xx_hal_dma.o
    0x080015ac   0x080015ac   0x000001f8   Code   RO         2868    i.HAL_GPIO_Init     stm32f1xx_hal_gpio.o
    0x080017a4   0x080017a4   0x0000000e   Code   RO         2871    i.HAL_GPIO_TogglePin  stm32f1xx_hal_gpio.o
    0x080017b2   0x080017b2   0x0000000a   Code   RO         2872    i.HAL_GPIO_WritePin  stm32f1xx_hal_gpio.o
    0x080017bc   0x080017bc   0x0000000c   Code   RO         2564    i.HAL_GetTick       stm32f1xx_hal.o
    0x080017c8   0x080017c8   0x00000010   Code   RO         2570    i.HAL_IncTick       stm32f1xx_hal.o
    0x080017d8   0x080017d8   0x00000024   Code   RO         2571    i.HAL_Init          stm32f1xx_hal.o
    0x080017fc   0x080017fc   0x00000074   Code   RO          720    i.HAL_InitTick      stm32f1xx_hal_timebase_tim.o
    0x08001870   0x08001870   0x00000048   Code   RO          696    i.HAL_MspInit       stm32f1xx_hal_msp.o
    0x080018b8   0x080018b8   0x0000001a   Code   RO         3028    i.HAL_NVIC_EnableIRQ  stm32f1xx_hal_cortex.o
    0x080018d2   0x080018d2   0x00000002   PAD
    0x080018d4   0x080018d4   0x00000040   Code   RO         3034    i.HAL_NVIC_SetPriority  stm32f1xx_hal_cortex.o
    0x08001914   0x08001914   0x00000024   Code   RO         3035    i.HAL_NVIC_SetPriorityGrouping  stm32f1xx_hal_cortex.o
    0x08001938   0x08001938   0x000000d4   Code   RO         2830    i.HAL_RCCEx_GetPeriphCLKFreq  stm32f1xx_hal_rcc_ex.o
    0x08001a0c   0x08001a0c   0x000000ec   Code   RO         2831    i.HAL_RCCEx_PeriphCLKConfig  stm32f1xx_hal_rcc_ex.o
    0x08001af8   0x08001af8   0x0000012c   Code   RO         2728    i.HAL_RCC_ClockConfig  stm32f1xx_hal_rcc.o
    0x08001c24   0x08001c24   0x00000040   Code   RO         2732    i.HAL_RCC_GetClockConfig  stm32f1xx_hal_rcc.o
    0x08001c64   0x08001c64   0x00000020   Code   RO         2735    i.HAL_RCC_GetPCLK1Freq  stm32f1xx_hal_rcc.o
    0x08001c84   0x08001c84   0x00000020   Code   RO         2736    i.HAL_RCC_GetPCLK2Freq  stm32f1xx_hal_rcc.o
    0x08001ca4   0x08001ca4   0x0000006c   Code   RO         2737    i.HAL_RCC_GetSysClockFreq  stm32f1xx_hal_rcc.o
    0x08001d10   0x08001d10   0x00000320   Code   RO         2740    i.HAL_RCC_OscConfig  stm32f1xx_hal_rcc.o
    0x08002030   0x08002030   0x00000002   Code   RO         1976    i.HAL_TIMEx_BreakCallback  stm32f1xx_hal_tim_ex.o
    0x08002032   0x08002032   0x00000002   Code   RO         1977    i.HAL_TIMEx_CommutCallback  stm32f1xx_hal_tim_ex.o
    0x08002034   0x08002034   0x00000042   Code   RO         1994    i.HAL_TIMEx_MasterConfigSynchronization  stm32f1xx_hal_tim_ex.o
    0x08002076   0x08002076   0x00000036   Code   RO         1301    i.HAL_TIM_Base_Init  stm32f1xx_hal_tim.o
    0x080020ac   0x080020ac   0x00000024   Code   RO          441    i.HAL_TIM_Base_MspInit  tim.o
    0x080020d0   0x080020d0   0x00000022   Code   RO         1306    i.HAL_TIM_Base_Start_IT  stm32f1xx_hal_tim.o
    0x080020f2   0x080020f2   0x000000d6   Code   RO         1310    i.HAL_TIM_ConfigClockSource  stm32f1xx_hal_tim.o
    0x080021c8   0x080021c8   0x00000002   Code   RO         1330    i.HAL_TIM_IC_CaptureCallback  stm32f1xx_hal_tim.o
    0x080021ca   0x080021ca   0x00000166   Code   RO         1344    i.HAL_TIM_IRQHandler  stm32f1xx_hal_tim.o
    0x08002330   0x08002330   0x00000084   Code   RO          442    i.HAL_TIM_MspPostInit  tim.o
    0x080023b4   0x080023b4   0x00000002   Code   RO         1347    i.HAL_TIM_OC_DelayElapsedCallback  stm32f1xx_hal_tim.o
    0x080023b6   0x080023b6   0x000000d0   Code   RO         1368    i.HAL_TIM_PWM_ConfigChannel  stm32f1xx_hal_tim.o
    0x08002486   0x08002486   0x00000036   Code   RO         1371    i.HAL_TIM_PWM_Init  stm32f1xx_hal_tim.o
    0x080024bc   0x080024bc   0x00000002   Code   RO         1373    i.HAL_TIM_PWM_MspInit  stm32f1xx_hal_tim.o
    0x080024be   0x080024be   0x00000002   Code   RO         1374    i.HAL_TIM_PWM_PulseFinishedCallback  stm32f1xx_hal_tim.o
    0x080024c0   0x080024c0   0x00000044   Code   RO         1376    i.HAL_TIM_PWM_Start  stm32f1xx_hal_tim.o
    0x08002504   0x08002504   0x00000014   Code   RO           14    i.HAL_TIM_PeriodElapsedCallback  main.o
    0x08002518   0x08002518   0x00000002   Code   RO         1387    i.HAL_TIM_TriggerCallback  stm32f1xx_hal_tim.o
    0x0800251a   0x0800251a   0x00000058   Code   RO         2246    i.HAL_UART_DMAStop  stm32f1xx_hal_uart.o
    0x08002572   0x08002572   0x00000002   Code   RO         2248    i.HAL_UART_ErrorCallback  stm32f1xx_hal_uart.o
    0x08002574   0x08002574   0x00000110   Code   RO         2251    i.HAL_UART_IRQHandler  stm32f1xx_hal_uart.o
    0x08002684   0x08002684   0x00000062   Code   RO         2252    i.HAL_UART_Init     stm32f1xx_hal_uart.o
    0x080026e6   0x080026e6   0x00000002   PAD
    0x080026e8   0x080026e8   0x00000384   Code   RO          489    i.HAL_UART_MspInit  usart.o
    0x08002a6c   0x08002a6c   0x00000098   Code   RO         2256    i.HAL_UART_Receive_DMA  stm32f1xx_hal_uart.o
    0x08002b04   0x08002b04   0x00000002   Code   RO         2258    i.HAL_UART_RxCpltCallback  stm32f1xx_hal_uart.o
    0x08002b06   0x08002b06   0x00000002   Code   RO         2259    i.HAL_UART_RxHalfCpltCallback  stm32f1xx_hal_uart.o
    0x08002b08   0x08002b08   0x00000080   Code   RO         2261    i.HAL_UART_Transmit_DMA  stm32f1xx_hal_uart.o
    0x08002b88   0x08002b88   0x0000002c   Code   RO          559    i.HAL_UART_TxCpltCallback  stm32f1xx_it.o
    0x08002bb4   0x08002bb4   0x00000002   Code   RO         2264    i.HAL_UART_TxHalfCpltCallback  stm32f1xx_hal_uart.o
    0x08002bb6   0x08002bb6   0x00000002   Code   RO          560    i.HardFault_Handler  stm32f1xx_it.o
    0x08002bb8   0x08002bb8   0x0000010c   Code   RO          242    i.MX_ADC1_Init      adc.o
    0x08002cc4   0x08002cc4   0x0000004c   Code   RO          284    i.MX_DAC_Init       dac.o
    0x08002d10   0x08002d10   0x000000bc   Code   RO          324    i.MX_DMA_Init       dma.o
    0x08002dcc   0x08002dcc   0x000000ac   Code   RO          348    i.MX_FREERTOS_Init  freertos.o
    0x08002e78   0x08002e78   0x00000148   Code   RO          216    i.MX_GPIO_Init      gpio.o
    0x08002fc0   0x08002fc0   0x000000c8   Code   RO          443    i.MX_TIM2_Init      tim.o
    0x08003088   0x08003088   0x00000038   Code   RO          490    i.MX_UART4_Init     usart.o
    0x080030c0   0x080030c0   0x00000038   Code   RO          491    i.MX_USART1_UART_Init  usart.o
    0x080030f8   0x080030f8   0x00000038   Code   RO          492    i.MX_USART2_UART_Init  usart.o
    0x08003130   0x08003130   0x00000038   Code   RO          493    i.MX_USART3_UART_Init  usart.o
    0x08003168   0x08003168   0x00000002   Code   RO          561    i.MemManage_Handler  stm32f1xx_it.o
    0x0800316a   0x0800316a   0x00000002   Code   RO          562    i.NMI_Handler       stm32f1xx_it.o
    0x0800316c   0x0800316c   0x0000002c   Code   RO         4824    i.SysTick_Handler   port.o
    0x08003198   0x08003198   0x00000060   Code   RO           15    i.SystemClock_Config  main.o
    0x080031f8   0x080031f8   0x00000048   Code   RO         3529    i.SystemInit        system_stm32f1xx.o
    0x08003240   0x08003240   0x0000000c   Code   RO          563    i.TIM8_UP_IRQHandler  stm32f1xx_it.o
    0x0800324c   0x0800324c   0x0000008c   Code   RO         1389    i.TIM_Base_SetConfig  stm32f1xx_hal_tim.o
    0x080032d8   0x080032d8   0x0000001a   Code   RO         1390    i.TIM_CCxChannelCmd  stm32f1xx_hal_tim.o
    0x080032f2   0x080032f2   0x00000014   Code   RO         1400    i.TIM_ETR_SetConfig  stm32f1xx_hal_tim.o
    0x08003306   0x08003306   0x00000010   Code   RO         1401    i.TIM_ITRx_SetConfig  stm32f1xx_hal_tim.o
    0x08003316   0x08003316   0x00000002   PAD
    0x08003318   0x08003318   0x00000060   Code   RO         1402    i.TIM_OC1_SetConfig  stm32f1xx_hal_tim.o
    0x08003378   0x08003378   0x0000006c   Code   RO         1403    i.TIM_OC2_SetConfig  stm32f1xx_hal_tim.o
    0x080033e4   0x080033e4   0x00000068   Code   RO         1404    i.TIM_OC3_SetConfig  stm32f1xx_hal_tim.o
    0x0800344c   0x0800344c   0x00000050   Code   RO         1405    i.TIM_OC4_SetConfig  stm32f1xx_hal_tim.o
    0x0800349c   0x0800349c   0x00000022   Code   RO         1407    i.TIM_TI1_ConfigInputStage  stm32f1xx_hal_tim.o
    0x080034be   0x080034be   0x00000024   Code   RO         1409    i.TIM_TI2_ConfigInputStage  stm32f1xx_hal_tim.o
    0x080034e2   0x080034e2   0x00000002   PAD
    0x080034e4   0x080034e4   0x0000000c   Code   RO          564    i.UART4_IRQHandler  stm32f1xx_it.o
    0x080034f0   0x080034f0   0x00000010   Code   RO         2265    i.UART_DMAAbortOnError  stm32f1xx_hal_uart.o
    0x08003500   0x08003500   0x0000004a   Code   RO         2266    i.UART_DMAError     stm32f1xx_hal_uart.o
    0x0800354a   0x0800354a   0x0000003c   Code   RO         2267    i.UART_DMAReceiveCplt  stm32f1xx_hal_uart.o
    0x08003586   0x08003586   0x0000000a   Code   RO         2269    i.UART_DMARxHalfCplt  stm32f1xx_hal_uart.o
    0x08003590   0x08003590   0x0000002e   Code   RO         2271    i.UART_DMATransmitCplt  stm32f1xx_hal_uart.o
    0x080035be   0x080035be   0x0000000a   Code   RO         2273    i.UART_DMATxHalfCplt  stm32f1xx_hal_uart.o
    0x080035c8   0x080035c8   0x0000001c   Code   RO         2275    i.UART_EndRxTransfer  stm32f1xx_hal_uart.o
    0x080035e4   0x080035e4   0x00000012   Code   RO         2276    i.UART_EndTxTransfer  stm32f1xx_hal_uart.o
    0x080035f6   0x080035f6   0x00000096   Code   RO         2277    i.UART_Receive_IT   stm32f1xx_hal_uart.o
    0x0800368c   0x0800368c   0x000000b8   Code   RO         2278    i.UART_SetConfig    stm32f1xx_hal_uart.o
    0x08003744   0x08003744   0x00000062   Code   RO         2279    i.UART_Transmit_IT  stm32f1xx_hal_uart.o
    0x080037a6   0x080037a6   0x00000002   PAD
    0x080037a8   0x080037a8   0x0000001c   Code   RO          565    i.USART1_IRQHandler  stm32f1xx_it.o
    0x080037c4   0x080037c4   0x0000001c   Code   RO          566    i.USART2_IRQHandler  stm32f1xx_it.o
    0x080037e0   0x080037e0   0x0000001c   Code   RO          567    i.USART3_IRQHandler  stm32f1xx_it.o
    0x080037fc   0x080037fc   0x00000002   Code   RO          568    i.UsageFault_Handler  stm32f1xx_it.o
    0x080037fe   0x080037fe   0x00000020   Code   RO         3041    i.__NVIC_SetPriority  stm32f1xx_hal_cortex.o
    0x0800381e   0x0800381e   0x0000000e   Code   RO         5491    i.__scatterload_copy  mc_w.l(handlers.o)
    0x0800382c   0x0800382c   0x00000002   Code   RO         5492    i.__scatterload_null  mc_w.l(handlers.o)
    0x0800382e   0x0800382e   0x0000000e   Code   RO         5493    i.__scatterload_zeroinit  mc_w.l(handlers.o)
    0x0800383c   0x0800383c   0x00000080   Code   RO         5341    i.csro_cps_auto_control  csro_control.o
    0x080038bc   0x080038bc   0x000000e4   Code   RO         5392    i.csro_execute_output  csro_autorun.o
    0x080039a0   0x080039a0   0x000000e0   Code   RO         5342    i.csro_fan_auto_control  csro_control.o
    0x08003a80   0x08003a80   0x0000005c   Code   RO         5343    i.csro_heater_auto_control  csro_control.o
    0x08003adc   0x08003adc   0x00000078   Code   RO         5000    i.csro_master_aqi_init  mb_master_aqi.o
    0x08003b54   0x08003b54   0x00000050   Code   RO         5001    i.csro_master_aqi_read_task  mb_master_aqi.o
    0x08003ba4   0x08003ba4   0x0000007c   Code   RO         5069    i.csro_master_cps_init  mb_master_cps.o
    0x08003c20   0x08003c20   0x000000c0   Code   RO         5070    i.csro_master_cps_read_write_task  mb_master_cps.o
    0x08003ce0   0x08003ce0   0x000000ac   Code   RO         5202    i.csro_slave_hmi_init  mb_slave_hmi.o
    0x08003d8c   0x08003d8c   0x0000003c   Code   RO         5203    i.csro_slave_hmi_wait_cmd  mb_slave_hmi.o
    0x08003dc8   0x08003dc8   0x00000058   Code   RO         5344    i.fan_speed_humi    csro_control.o
    0x08003e20   0x08003e20   0x00000068   Code   RO         5345    i.fan_speed_temp    csro_control.o
    0x08003e88   0x08003e88   0x0000000c   Code   RO         4405    i.inHandlerMode     cmsis_os.o
    0x08003e94   0x08003e94   0x00000036   Code   RO           16    i.main              main.o
    0x08003eca   0x08003eca   0x0000000c   Code   RO         4407    i.makeFreeRtosPriority  cmsis_os.o
    0x08003ed6   0x08003ed6   0x00000002   PAD
    0x08003ed8   0x08003ed8   0x0000009c   Code   RO         5002    i.master_aqi_send_receive  mb_master_aqi.o
    0x08003f74   0x08003f74   0x00000010   Code   RO         5003    i.master_aqi_set_rx  mb_master_aqi.o
    0x08003f84   0x08003f84   0x00000010   Code   RO         5004    i.master_aqi_set_tx  mb_master_aqi.o
    0x08003f94   0x08003f94   0x00000040   Code   RO         5005    i.master_aqi_uart_idle  mb_master_aqi.o
    0x08003fd4   0x08003fd4   0x00000028   Code   RO         5006    i.master_aqi_uart_idle_timeout_callback  mb_master_aqi.o
    0x08003ffc   0x08003ffc   0x0000009c   Code   RO         5071    i.master_cps_send_receive  mb_master_cps.o
    0x08004098   0x08004098   0x00000010   Code   RO         5072    i.master_cps_set_rx  mb_master_cps.o
    0x080040a8   0x080040a8   0x00000010   Code   RO         5073    i.master_cps_set_tx  mb_master_cps.o
    0x080040b8   0x080040b8   0x00000040   Code   RO         5074    i.master_cps_uart_idle  mb_master_cps.o
    0x080040f8   0x080040f8   0x00000028   Code   RO         5075    i.master_cps_uart_idle_timeout_callback  mb_master_cps.o
    0x08004120   0x08004120   0x00000038   Code   RO         4903    i.master_crc16      mb_crc.o
    0x08004158   0x08004158   0x00000082   Code   RO         4937    i.master_read_holding_regs  mb_master.o
    0x080041da   0x080041da   0x0000004e   Code   RO         4939    i.master_validate_reply  mb_master.o
    0x08004228   0x08004228   0x000000ae   Code   RO         4940    i.master_write_multi_holding_regs  mb_master.o
    0x080042d6   0x080042d6   0x0000000e   Code   RO         4409    i.osDelay           cmsis_os.o
    0x080042e4   0x080042e4   0x0000000a   Code   RO         4412    i.osKernelStart     cmsis_os.o
    0x080042ee   0x080042ee   0x00000026   Code   RO         4438    i.osSemaphoreCreate  cmsis_os.o
    0x08004314   0x08004314   0x00000050   Code   RO         4441    i.osSemaphoreRelease  cmsis_os.o
    0x08004364   0x08004364   0x00000064   Code   RO         4442    i.osSemaphoreWait   cmsis_os.o
    0x080043c8   0x080043c8   0x0000002e   Code   RO         4446    i.osThreadCreate    cmsis_os.o
    0x080043f6   0x080043f6   0x00000002   PAD
    0x080043f8   0x080043f8   0x00000024   Code   RO         4457    i.osTimerCreate     cmsis_os.o
    0x0800441c   0x0800441c   0x0000005c   Code   RO         4459    i.osTimerStart      cmsis_os.o
    0x08004478   0x08004478   0x00000070   Code   RO         3994    i.prvAddCurrentTaskToDelayedList  tasks.o
    0x080044e8   0x080044e8   0x000000d0   Code   RO         3995    i.prvAddNewTaskToReadyList  tasks.o
    0x080045b8   0x080045b8   0x00000050   Code   RO         4287    i.prvCheckForValidListAndQueue  timers.o
    0x08004608   0x08004608   0x00000026   Code   RO         3701    i.prvCopyDataFromQueue  queue.o
    0x0800462e   0x0800462e   0x0000006c   Code   RO         3702    i.prvCopyDataToQueue  queue.o
    0x0800469a   0x0800469a   0x00000014   Code   RO         3996    i.prvDeleteTCB      tasks.o
    0x080046ae   0x080046ae   0x00000002   PAD
    0x080046b0   0x080046b0   0x0000004c   Code   RO         4774    i.prvHeapInit       heap_4.o
    0x080046fc   0x080046fc   0x00000060   Code   RO         3997    i.prvIdleTask       tasks.o
    0x0800475c   0x0800475c   0x0000008e   Code   RO         3998    i.prvInitialiseNewTask  tasks.o
    0x080047ea   0x080047ea   0x00000002   PAD
    0x080047ec   0x080047ec   0x0000004c   Code   RO         4775    i.prvInsertBlockIntoFreeList  heap_4.o
    0x08004838   0x08004838   0x00000038   Code   RO         4288    i.prvInsertTimerInActiveList  timers.o
    0x08004870   0x08004870   0x0000001c   Code   RO         3703    i.prvIsQueueEmpty   queue.o
    0x0800488c   0x0800488c   0x000000b8   Code   RO         4289    i.prvProcessReceivedCommands  timers.o
    0x08004944   0x08004944   0x000000b4   Code   RO         4290    i.prvProcessTimerOrBlockTask  timers.o
    0x080049f8   0x080049f8   0x00000020   Code   RO         3999    i.prvResetNextTaskUnblockTime  tasks.o
    0x08004a18   0x08004a18   0x00000028   Code   RO         4291    i.prvSampleTimeNow  timers.o
    0x08004a40   0x08004a40   0x0000006c   Code   RO         4292    i.prvSwitchTimerLists  timers.o
    0x08004aac   0x08004aac   0x00000028   Code   RO         4825    i.prvTaskExitError  port.o
    0x08004ad4   0x08004ad4   0x00000024   Code   RO         4293    i.prvTimerTask      timers.o
    0x08004af8   0x08004af8   0x0000006a   Code   RO         3704    i.prvUnlockQueue    queue.o
    0x08004b62   0x08004b62   0x00000002   PAD
    0x08004b64   0x08004b64   0x000000d8   Code   RO         4776    i.pvPortMalloc      heap_4.o
    0x08004c3c   0x08004c3c   0x00000018   Code   RO         4001    i.pvTaskIncrementMutexHeldCount  tasks.o
    0x08004c54   0x08004c54   0x00000024   Code   RO         4826    i.pxPortInitialiseStack  port.o
    0x08004c78   0x08004c78   0x00000038   Code   RO         4904    i.slave_crc16       mb_crc.o
    0x08004cb0   0x08004cb0   0x000000d0   Code   RO         5138    i.slave_handle_cmd  mb_slave.o
    0x08004d80   0x08004d80   0x00000054   Code   RO         5204    i.slave_hmi_reply   mb_slave_hmi.o
    0x08004dd4   0x08004dd4   0x00000010   Code   RO         5205    i.slave_hmi_set_rx  mb_slave_hmi.o
    0x08004de4   0x08004de4   0x00000010   Code   RO         5206    i.slave_hmi_set_tx  mb_slave_hmi.o
    0x08004df4   0x08004df4   0x00000040   Code   RO         5207    i.slave_hmi_uart_idle  mb_slave_hmi.o
    0x08004e34   0x08004e34   0x00000078   Code   RO         5208    i.slave_hmi_write_coils_callback  mb_slave_hmi.o
    0x08004eac   0x08004eac   0x00000078   Code   RO         5209    i.slave_hmi_write_holdings_callback  mb_slave_hmi.o
    0x08004f24   0x08004f24   0x000000c0   Code   RO         5139    i.slave_read_coils  mb_slave.o
    0x08004fe4   0x08004fe4   0x000000bc   Code   RO         5140    i.slave_read_discs  mb_slave.o
    0x080050a0   0x080050a0   0x000000aa   Code   RO         5141    i.slave_read_holding_regs  mb_slave.o
    0x0800514a   0x0800514a   0x000000aa   Code   RO         5142    i.slave_read_input_regs  mb_slave.o
    0x080051f4   0x080051f4   0x00000078   Code   RO         5143    i.slave_write_multi_coils  mb_slave.o
    0x0800526c   0x0800526c   0x00000078   Code   RO         5144    i.slave_write_multi_holding_regs  mb_slave.o
    0x080052e4   0x080052e4   0x00000068   Code   RO         5145    i.slave_write_single_coil  mb_slave.o
    0x0800534c   0x0800534c   0x00000064   Code   RO         5146    i.slave_write_single_holding_reg  mb_slave.o
    0x080053b0   0x080053b0   0x0000000c   Code   RO          349    i.task01_most_important_task  freertos.o
    0x080053bc   0x080053bc   0x0000001c   Code   RO          350    i.task02_cps_read_write_task  freertos.o
    0x080053d8   0x080053d8   0x00000014   Code   RO          351    i.task03_hmi_wait_cmd_task  freertos.o
    0x080053ec   0x080053ec   0x0000001c   Code   RO          352    i.task04_aqi_read_task  freertos.o
    0x08005408   0x08005408   0x00000010   Code   RO          353    i.task05_pwm_adc_dac_gpio_task  freertos.o
    0x08005418   0x08005418   0x0000001c   Code   RO          354    i.task06_stepper_task  freertos.o
    0x08005434   0x08005434   0x0000001c   Code   RO          355    i.task07_misc_func_task  freertos.o
    0x08005450   0x08005450   0x00000026   Code   RO         3661    i.uxListRemove      list.o
    0x08005476   0x08005476   0x00000016   Code   RO         3662    i.vListInitialise   list.o
    0x0800548c   0x0800548c   0x00000006   Code   RO         3663    i.vListInitialiseItem  list.o
    0x08005492   0x08005492   0x00000030   Code   RO         3664    i.vListInsert       list.o
    0x080054c2   0x080054c2   0x00000018   Code   RO         3665    i.vListInsertEnd    list.o
    0x080054da   0x080054da   0x00000002   PAD
    0x080054dc   0x080054dc   0x00000040   Code   RO         4828    i.vPortEnterCritical  port.o
    0x0800551c   0x0800551c   0x00000028   Code   RO         4829    i.vPortExitCritical  port.o
    0x08005544   0x08005544   0x0000005c   Code   RO         4777    i.vPortFree         heap_4.o
    0x080055a0   0x080055a0   0x00000024   Code   RO         4830    i.vPortSetupTimerInterrupt  port.o
    0x080055c4   0x080055c4   0x00000054   Code   RO         4831    i.vPortValidateInterruptPriority  port.o
    0x08005618   0x08005618   0x00000028   Code   RO         3708    i.vQueueAddToRegistry  queue.o
    0x08005640   0x08005640   0x00000044   Code   RO         3711    i.vQueueWaitForMessageRestricted  queue.o
    0x08005684   0x08005684   0x0000004c   Code   RO         4007    i.vTaskDelay        tasks.o
    0x080056d0   0x080056d0   0x00000010   Code   RO         4010    i.vTaskInternalSetTimeOutState  tasks.o
    0x080056e0   0x080056e0   0x0000000c   Code   RO         4011    i.vTaskMissedYield  tasks.o
    0x080056ec   0x080056ec   0x00000030   Code   RO         4013    i.vTaskPlaceOnEventList  tasks.o
    0x0800571c   0x0800571c   0x00000038   Code   RO         4014    i.vTaskPlaceOnEventListRestricted  tasks.o
    0x08005754   0x08005754   0x000000a8   Code   RO         4016    i.vTaskPriorityDisinheritAfterTimeout  tasks.o
    0x080057fc   0x080057fc   0x00000070   Code   RO         4021    i.vTaskStartScheduler  tasks.o
    0x0800586c   0x0800586c   0x00000010   Code   RO         4023    i.vTaskSuspendAll   tasks.o
    0x0800587c   0x0800587c   0x0000005c   Code   RO         4024    i.vTaskSwitchContext  tasks.o
    0x080058d8   0x080058d8   0x000000a8   Code   RO         4832    i.xPortStartScheduler  port.o
    0x08005980   0x08005980   0x00000048   Code   RO         3713    i.xQueueGenericCreate  queue.o
    0x080059c8   0x080059c8   0x00000088   Code   RO         3714    i.xQueueGenericReset  queue.o
    0x08005a50   0x08005a50   0x00000160   Code   RO         3715    i.xQueueGenericSend  queue.o
    0x08005bb0   0x08005bb0   0x000000bc   Code   RO         3716    i.xQueueGenericSendFromISR  queue.o
    0x08005c6c   0x08005c6c   0x0000009c   Code   RO         3717    i.xQueueGiveFromISR  queue.o
    0x08005d08   0x08005d08   0x00000138   Code   RO         3722    i.xQueueReceive     queue.o
    0x08005e40   0x08005e40   0x0000009a   Code   RO         3723    i.xQueueReceiveFromISR  queue.o
    0x08005eda   0x08005eda   0x00000002   PAD
    0x08005edc   0x08005edc   0x00000178   Code   RO         3724    i.xQueueSemaphoreTake  queue.o
    0x08006054   0x08006054   0x00000074   Code   RO         4025    i.xTaskCheckForTimeOut  tasks.o
    0x080060c8   0x080060c8   0x00000056   Code   RO         4026    i.xTaskCreate       tasks.o
    0x0800611e   0x0800611e   0x00000002   PAD
    0x08006120   0x08006120   0x0000001c   Code   RO         4030    i.xTaskGetSchedulerState  tasks.o
    0x0800613c   0x0800613c   0x0000000c   Code   RO         4031    i.xTaskGetTickCount  tasks.o
    0x08006148   0x08006148   0x000000c8   Code   RO         4033    i.xTaskIncrementTick  tasks.o
    0x08006210   0x08006210   0x00000098   Code   RO         4036    i.xTaskPriorityDisinherit  tasks.o
    0x080062a8   0x080062a8   0x00000094   Code   RO         4037    i.xTaskPriorityInherit  tasks.o
    0x0800633c   0x0800633c   0x00000074   Code   RO         4038    i.xTaskRemoveFromEventList  tasks.o
    0x080063b0   0x080063b0   0x000000c4   Code   RO         4039    i.xTaskResumeAll    tasks.o
    0x08006474   0x08006474   0x0000004e   Code   RO         4296    i.xTimerCreate      timers.o
    0x080064c2   0x080064c2   0x00000002   PAD
    0x080064c4   0x080064c4   0x00000048   Code   RO         4297    i.xTimerCreateTimerTask  timers.o
    0x0800650c   0x0800650c   0x00000060   Code   RO         4298    i.xTimerGenericCommand  timers.o
    0x0800656c   0x0800656c   0x0000008c   Data   RO          356    .constdata          freertos.o
    0x080065f8   0x080065f8   0x00000010   Data   RO         3530    .constdata          system_stm32f1xx.o
    0x08006608   0x08006608   0x00000008   Data   RO         3531    .constdata          system_stm32f1xx.o
    0x08006610   0x08006610   0x00000200   Data   RO         4905    .constdata          mb_crc.o
    0x08006810   0x08006810   0x00000004   Data   RO         5008    .constdata          mb_master_aqi.o
    0x08006814   0x08006814   0x00000004   Data   RO         5077    .constdata          mb_master_cps.o
    0x08006818   0x08006818   0x00000037   Data   RO          357    .conststring        freertos.o
    0x0800684f   0x0800684f   0x00000001   PAD
    0x08006850   0x08006850   0x00000020   Data   RO         5489    Region$$Table       anon$$obj.o


    Execution Region RW_IRAM1 (Exec base: 0x20000000, Load base: 0x08006870, Size: 0x00007480, Max: 0x00010000, ABSOLUTE)

    Exec Addr    Load Addr    Size         Type   Attr      Idx    E Section Name        Object

    0x20000000   0x08006870   0x0000001c   Data   RW          358    .data               freertos.o
    0x2000001c   0x0800688c   0x0000000c   Data   RW         2578    .data               stm32f1xx_hal.o
    0x20000028   0x08006898   0x00000004   Data   RW         3532    .data               system_stm32f1xx.o
    0x2000002c   0x0800689c   0x0000003c   Data   RW         4042    .data               tasks.o
    0x20000068   0x080068d8   0x00000014   Data   RW         4304    .data               timers.o
    0x2000007c   0x080068ec   0x00000018   Data   RW         4782    .data               heap_4.o
    0x20000094   0x08006904   0x0000000c   Data   RW         4833    .data               port.o
    0x200000a0   0x08006910   0x00000008   Data   RW         5009    .data               mb_master_aqi.o
    0x200000a8   0x08006918   0x00000008   Data   RW         5078    .data               mb_master_cps.o
    0x200000b0   0x08006920   0x00000004   Data   RW         5211    .data               mb_slave_hmi.o
    0x200000b4   0x08006924   0x00000006   Data   RW         5310    .data               csro_stepper.o
    0x200000ba   0x0800692a   0x00000002   PAD
    0x200000bc        -       0x00000074   Zero   RW          243    .bss                adc.o
    0x20000130        -       0x00000014   Zero   RW          285    .bss                dac.o
    0x20000144        -       0x00000040   Zero   RW          444    .bss                tim.o
    0x20000184        -       0x00000320   Zero   RW          494    .bss                usart.o
    0x200004a4        -       0x00000040   Zero   RW          723    .bss                stm32f1xx_hal_timebase_tim.o
    0x200004e4        -       0x00000040   Zero   RW         3725    .bss                queue.o
    0x20000524        -       0x000000f0   Zero   RW         4041    .bss                tasks.o
    0x20000614        -       0x00000028   Zero   RW         4303    .bss                timers.o
    0x2000063c        -       0x00005000   Zero   RW         4781    .bss                heap_4.o
    0x2000563c        -       0x00000438   Zero   RW         5007    .bss                mb_master_aqi.o
    0x20005a74        -       0x00000438   Zero   RW         5076    .bss                mb_master_cps.o
    0x20005eac        -       0x00000c40   Zero   RW         5210    .bss                mb_slave_hmi.o
    0x20006aec        -       0x00000190   Zero   RW         5393    .bss                csro_autorun.o
    0x20006c7c   0x0800692a   0x00000004   PAD
    0x20006c80        -       0x00000800   Zero   RW            1    STACK               startup_stm32f103xe.o


==============================================================================

Image component sizes


      Code (inc. data)   RO Data    RW Data    ZI Data      Debug   Object Name

       444         34          0          0        116       1855   adc.o
       440         20          0          0          0      20283   cmsis_os.o
       450         40          0          0        400       2263   csro_autorun.o
       654         84          0          0          0       4101   csro_control.o
       316         18          0          6          0       1497   csro_stepper.o
       164         22          0          0         20       1547   dac.o
       188          4          0          0          0        818   dma.o
         0          0          0          0          0       9492   event_groups.o
       332         38        195         28          0      11416   freertos.o
       328         24          0          0          0       1031   gpio.o
       460         24          0         24      20480       4559   heap_4.o
       138          0          0          0          0       3282   list.o
       172          6          0          0          0     530264   main.o
       112          8        512          0          0       1621   mb_crc.o
       382          0          0          0          0       2285   mb_master.o
       492         80          4          8       1080       6753   mb_master_aqi.o
       608         80          4          8       1080       6939   mb_master_cps.o
      1372          0          0          0          0       5743   mb_slave.o
       652         78          0          4       3136       7224   mb_slave_hmi.o
       662         70          0         12          0      10925   port.o
      2134         24          0          0         64      17935   queue.o
        36          8        304          0       2048        784   startup_stm32f103xe.o
        64         14          0         12          0       5134   stm32f1xx_hal.o
      1116         58          0          0          0       8342   stm32f1xx_hal_adc.o
       200          6          0          0          0       1382   stm32f1xx_hal_adc_ex.o
       158         14          0          0          0      28090   stm32f1xx_hal_cortex.o
       236          0          0          0          0       3246   stm32f1xx_hal_dac.o
      1236         52          0          0          0       4986   stm32f1xx_hal_dma.o
       528         42          0          0          0       3425   stm32f1xx_hal_gpio.o
        72         10          0          0          0        834   stm32f1xx_hal_msp.o
      1336        110          0          0          0       5681   stm32f1xx_hal_rcc.o
       448         44          0          0          0       2513   stm32f1xx_hal_rcc_ex.o
      1660         66          0          0          0      15326   stm32f1xx_hal_tim.o
        70          0          0          0          0       2273   stm32f1xx_hal_tim_ex.o
       116         18          0          0         64       1359   stm32f1xx_hal_timebase_tim.o
      1440         40          0          0          0      12955   stm32f1xx_hal_uart.o
       272        102          0          0          0       9888   stm32f1xx_it.o
        72         16         24          4          0       1123   system_stm32f1xx.o
      2284        182          0         60        240      23393   tasks.o
       368         28          0          0         64       2320   tim.o
       930         80          0         20         40      18518   timers.o
      1124         84          0          0        800       4365   usart.o

    ----------------------------------------------------------------------
     24306       1628       1076        188      29636     807770   Object Totals
         0          0         32          0          0          0   (incl. Generated)
        40          0          1          2          4          0   (incl. Padding)

    ----------------------------------------------------------------------

      Code (inc. data)   RO Data    RW Data    ZI Data      Debug   Library Member Name

         0          0          0          0          0          0   entry.o
         0          0          0          0          0          0   entry10a.o
         0          0          0          0          0          0   entry11a.o
         8          4          0          0          0          0   entry2.o
         4          0          0          0          0          0   entry5.o
         0          0          0          0          0          0   entry7b.o
         0          0          0          0          0          0   entry8b.o
         8          4          0          0          0          0   entry9a.o
        30          0          0          0          0          0   handlers.o
        36          8          0          0          0         68   init.o
         0          0          0          0          0          0   iusefp.o
        30          0          0          0          0         68   llshl.o
        36          0          0          0          0         68   llsshr.o
        32          0          0          0          0         68   llushr.o
        36          0          0          0          0         68   memcpya.o
        36          0          0          0          0        108   memseta.o
        48          0          0          0          0         68   cdcmple.o
        48          0          0          0          0         68   cdrcmple.o
        56          0          0          0          0         88   d2f.o
       334          0          0          0          0        148   dadd.o
       222          0          0          0          0        100   ddiv.o
       186          0          0          0          0        176   depilogue.o
        34          0          0          0          0         76   dflti.o
        38          0          0          0          0         68   f2d.o
       110          0          0          0          0        168   fepilogue.o
        18          0          0          0          0         68   fflti.o

    ----------------------------------------------------------------------
      1354         16          0          0          0       1476   Library Totals
         4          0          0          0          0          0   (incl. Padding)

    ----------------------------------------------------------------------

      Code (inc. data)   RO Data    RW Data    ZI Data      Debug   Library Name

       256         16          0          0          0        448   mc_w.l
      1094          0          0          0          0       1028   mf_w.l

    ----------------------------------------------------------------------
      1354         16          0          0          0       1476   Library Totals

    ----------------------------------------------------------------------

==============================================================================


      Code (inc. data)   RO Data    RW Data    ZI Data      Debug   

     25660       1644       1076        188      29636     795410   Grand Totals
     25660       1644       1076        188      29636     795410   ELF Image Totals
     25660       1644       1076        188          0          0   ROM Totals

==============================================================================

    Total RO  Size (Code + RO Data)                26736 (  26.11kB)
    Total RW  Size (RW Data + ZI Data)             29824 (  29.13kB)
    Total ROM Size (Code + RO Data + RW Data)      26924 (  26.29kB)

==============================================================================

